   ********************************SQL2024***************************************SQL2024*******************************
Enter password: ****
Welcome to the MySQL monitor.  Commands end with ; or \g.
Your MySQL connection id is 12
Server version: 9.0.1 MySQL Community Server - GPL

Copyright (c) 2000, 2024, Oracle and/or its affiliates.

Oracle is a registered trademark of Oracle Corporation and/or its
affiliates. Other names may be trademarks of their respective
owners.

Type 'help;' or '\h' for help. Type '\c' to clear the current input statement.

mysql> create database first;
Query OK, 1 row affected (0.17 sec)

mysql> show databases;
+--------------------+
| Database           |
+--------------------+
| first              |
| information_schema |
| mysql              |
| performance_schema |
| sys                |
+--------------------+
5 rows in set (0.00 sec)

mysql> use first;
Database changed
mysql> create table myhome;
ERROR 4028 (HY000): A table must have at least one visible column.
mysql> create databse college;
ERROR 1064 (42000): You have an error in your SQL syntax; check the manual that corresponds to your MySQL server version for the right syntax to use near 'databse college' at line 1
mysql> create database college;
Query OK, 1 row affected (0.13 sec)

mysql> drop database first;
Query OK, 0 rows affected (0.15 sec)

mysql> show databses;
ERROR 1064 (42000): You have an error in your SQL syntax; check the manual that corresponds to your MySQL server version for the right syntax to use near 'databses' at line 1
mysql> show databases;
+--------------------+
| Database           |
+--------------------+
| college            |
| information_schema |
| mysql              |
| performance_schema |
| sys                |
+--------------------+
5 rows in set (0.00 sec)

mysql> use college;
Database changed
mysql> create table student(id int primary key,name varchar(50),age int not null);
Query OK, 0 rows affected (0.58 sec)

mysql> show tables;
+-------------------+
| Tables_in_college |
+-------------------+
| student           |
+-------------------+
1 row in set (0.04 sec)

mysql> desc student;
+-------+-------------+------+-----+---------+-------+
| Field | Type        | Null | Key | Default | Extra |
+-------+-------------+------+-----+---------+-------+
| id    | int         | NO   | PRI | NULL    |       |
| name  | varchar(50) | YES  |     | NULL    |       |
| age   | int         | NO   |     | NULL    |       |
+-------+-------------+------+-----+---------+-------+
3 rows in set (0.01 sec)

mysql>









DDL-->>>>>>>>>>>>CREATE ALTER,UPDATE,RENAME,TRUNCATE,DROP;
DQL->>>>>>>>>>>>>SELECT
DML->>>>>>>>>>>>>INSERT,UPDATE,DELETE
DCL->>>>>>>>>>>>>GRANT & REVOKE PERMISSIONS TO USER
TCL->>>>>>>>>>>>>START,TRANSCTION,COMMIT,ROLLBACK


Enter password: ****
Welcome to the MySQL monitor.  Commands end with ; or \g.
Your MySQL connection id is 9
Server version: 9.0.1 MySQL Community Server - GPL

Copyright (c) 2000, 2024, Oracle and/or its affiliates.

Oracle is a registered trademark of Oracle Corporation and/or its
affiliates. Other names may be trademarks of their respective
owners.

Type 'help;' or '\h' for help. Type '\c' to clear the current input statement.

mysql> show databases;
+--------------------+
| Database           |
+--------------------+
| capegemini         |
| college            |
| college1           |
| information_schema |
| mysql              |
| performance_schema |
| sys                |
+--------------------+
7 rows in set (0.39 sec)

mysql> select *from college1;
ERROR 1046 (3D000): No database selected
mysql> desc college1;
ERROR 1046 (3D000): No database selected
mysql> use college1;
Database changed
mysql> desc college1;
ERROR 1146 (42S02): Table 'college1.college1' doesn't exist
mysql> create table student1(rollno int primary key,name varchar(50),marks int not null,grade varchar(1),city varchar(20));
Query OK, 0 rows affected (0.55 sec)

mysql> desc student1;
+--------+-------------+------+-----+---------+-------+
| Field  | Type        | Null | Key | Default | Extra |
+--------+-------------+------+-----+---------+-------+
| rollno | int         | NO   | PRI | NULL    |       |
| name   | varchar(50) | YES  |     | NULL    |       |
| marks  | int         | NO   |     | NULL    |       |
| grade  | varchar(1)  | YES  |     | NULL    |       |
| city   | varchar(20) | YES  |     | NULL    |       |
+--------+-------------+------+-----+---------+-------+
5 rows in set (0.05 sec)

mysql> insert into student1(rollno,name,marks,grade,city)values(101,'anil',78,'c','pune'),(102,'bhumika',93,'A','mumbai'),(103,'chetan',87,'B','mumbai'),(104,'dhruv',89,'d','delhi'),(105,'raghav',5
    -> insert into student1(rollno,name,marks,grade,city)values(101,'anil',78,'c','pune'),(102,'bhumika',93,'A','mumbai'),(103,'chetan',87,'B','mumbai'),(104,'dhruv',89,'d','delhi'),(105,'raghav',54,'F','delhi');
ERROR 1064 (42000): You have an error in your SQL syntax; check the manual that corresponds to your MySQL server version for the right syntax to use near 'insert into student1(rollno,name,marks,grade,city)values(101,'anil',78,'c','pune' at line 2
mysql> insert into student1(rollno,name,marks,grade,city)values(101,'anil',78,'A','pune');
Query OK, 1 row affected (0.20 sec)

mysql> insert into student1(rollno,name,marks,grade,city)values(102,'bhumika',78,'A','delhi');
Query OK, 1 row affected (0.18 sec)

mysql> insert into student1(rollno,name,marks,grade,city)values(103,'chetan',85,'B','Mumbai');
Query OK, 1 row affected (0.22 sec)

mysql> insert into student1(rollno,name,marks,grade,city)values(104,'dhruv',96,'A','Delhi');
Query OK, 1 row affected (0.07 sec)

mysql> insert into student1(rollno,name,marks,grade,city)values(105,'gourav',12,'F','Delhi');
Query OK, 1 row affected (0.07 sec)

mysql> select *from student1;
+--------+---------+-------+-------+--------+
| rollno | name    | marks | grade | city   |
+--------+---------+-------+-------+--------+
|    101 | anil    |    78 | A     | pune   |
|    102 | bhumika |    78 | A     | delhi  |
|    103 | chetan  |    85 | B     | Mumbai |
|    104 | dhruv   |    96 | A     | Delhi  |
|    105 | gourav  |    12 | F     | Delhi  |
+--------+---------+-------+-------+--------+
5 rows in set (0.00 sec)

mysql> select name,marks from student1;
+---------+-------+
| name    | marks |
+---------+-------+
| anil    |    78 |
| bhumika |    78 |
| chetan  |    85 |
| dhruv   |    96 |
| gourav  |    12 |
+---------+-------+
5 rows in set (0.00 sec)

mysql>Enter password: ****
Welcome to the MySQL monitor.  Commands end with ; or \g.
Your MySQL connection id is 8
Server version: 9.0.1 MySQL Community Server - GPL

Copyright (c) 2000, 2024, Oracle and/or its affiliates.

Oracle is a registered trademark of Oracle Corporation and/or its
affiliates. Other names may be trademarks of their respective
owners.

Type 'help;' or '\h' for help. Type '\c' to clear the current input statement.

mysql> use college1;
Database changed
mysql> select name,marks from student1;
+---------+-------+
| name    | marks |
+---------+-------+
| anil    |    78 |
| bhumika |    78 |
| chetan  |    85 |
| dhruv   |    96 |
| gourav  |    12 |
+---------+-------+
5 rows in set (0.22 sec)

mysql> select city from student1;
+--------+
| city   |
+--------+
| pune   |
| delhi  |
| Mumbai |
| Delhi  |
| Delhi  |
+--------+
5 rows in set (0.00 sec)

mysql> select distinct city from student;
ERROR 1146 (42S02): Table 'college1.student' doesn't exist
mysql> select disinct city from student;
ERROR 1146 (42S02): Table 'college1.student' doesn't exist
mysql> select distinct city from student1;
+--------+
| city   |
+--------+
| pune   |
| delhi  |
| Mumbai |
+--------+
3 rows in set (0.06 sec)

mysql> select distinct city from student1;
+--------+
| city   |
+--------+
| pune   |
| delhi  |
| Mumbai |
+--------+
3 rows in set (0.00 sec)

mysql> select *from student1 where marks>=80;
+--------+--------+-------+-------+--------+
| rollno | name   | marks | grade | city   |
+--------+--------+-------+-------+--------+
|    103 | chetan |    85 | B     | Mumbai |
|    104 | dhruv  |    96 | A     | Delhi  |
+--------+--------+-------+-------+--------+
2 rows in set (0.10 sec)

mysql> select *from student where city='delhi';
ERROR 1146 (42S02): Table 'college1.student' doesn't exist
mysql> select *from student1 where city='delhi';
+--------+---------+-------+-------+-------+
| rollno | name    | marks | grade | city  |
+--------+---------+-------+-------+-------+
|    102 | bhumika |    78 | A     | delhi |
|    104 | dhruv   |    96 | A     | Delhi |
|    105 | gourav  |    12 | F     | Delhi |
+--------+---------+-------+-------+-------+
3 rows in set (0.00 sec)

mysql> select *from student where marks>=80 and city='delhi';
ERROR 1146 (42S02): Table 'college1.student' doesn't exist
mysql> select *from student1 where marks>=80 and city='delhi';
+--------+-------+-------+-------+-------+
| rollno | name  | marks | grade | city  |
+--------+-------+-------+-------+-------+
|    104 | dhruv |    96 | A     | Delhi |
+--------+-------+-------+-------+-------+
1 row in set (0.00 sec)

mysql> select *from student1 where marks>=80 or city='delhi';
+--------+---------+-------+-------+--------+
| rollno | name    | marks | grade | city   |
+--------+---------+-------+-------+--------+
|    102 | bhumika |    78 | A     | delhi  |
|    103 | chetan  |    85 | B     | Mumbai |
|    104 | dhruv   |    96 | A     | Delhi  |
|    105 | gourav  |    12 | F     | Delhi  |
+--------+---------+-------+-------+--------+
4 rows in set (0.00 sec)

mysql> select *from studen1 where marks between 80 and 90;
ERROR 1146 (42S02): Table 'college1.studen1' doesn't exist
mysql> select *from student1 where marks between 80 and 90;
+--------+--------+-------+-------+--------+
| rollno | name   | marks | grade | city   |
+--------+--------+-------+-------+--------+
|    103 | chetan |    85 | B     | Mumbai |
+--------+--------+-------+-------+--------+
1 row in set (0.00 sec)

mysql>Enter password: ****
Welcome to the MySQL monitor.  Commands end with ; or \g.
Your MySQL connection id is 8
Server version: 9.0.1 MySQL Community Server - GPL

Copyright (c) 2000, 2024, Oracle and/or its affiliates.

Oracle is a registered trademark of Oracle Corporation and/or its
affiliates. Other names may be trademarks of their respective
owners.

Type 'help;' or '\h' for help. Type '\c' to clear the current input statement.

mysql> use college1;
Database changed
mysql> select name,marks from student1;
+---------+-------+
| name    | marks |
+---------+-------+
| anil    |    78 |
| bhumika |    78 |
| chetan  |    85 |
| dhruv   |    96 |
| gourav  |    12 |
+---------+-------+
5 rows in set (0.22 sec)

mysql> select city from student1;
+--------+
| city   |
+--------+
| pune   |
| delhi  |
| Mumbai |
| Delhi  |
| Delhi  |
+--------+
5 rows in set (0.00 sec)

mysql> select distinct city from student;
ERROR 1146 (42S02): Table 'college1.student' doesn't exist
mysql> select disinct city from student;
ERROR 1146 (42S02): Table 'college1.student' doesn't exist
mysql> select distinct city from student1;
+--------+
| city   |
+--------+
| pune   |
| delhi  |
| Mumbai |
+--------+
3 rows in set (0.06 sec)

mysql> select distinct city from student1;
+--------+
| city   |
+--------+
| pune   |
| delhi  |
| Mumbai |
+--------+
3 rows in set (0.00 sec)

mysql> select *from student1 where marks>=80;
+--------+--------+-------+-------+--------+
| rollno | name   | marks | grade | city   |
+--------+--------+-------+-------+--------+
|    103 | chetan |    85 | B     | Mumbai |
|    104 | dhruv  |    96 | A     | Delhi  |
+--------+--------+-------+-------+--------+
2 rows in set (0.10 sec)

mysql> select *from student where city='delhi';
ERROR 1146 (42S02): Table 'college1.student' doesn't exist
mysql> select *from student1 where city='delhi';
+--------+---------+-------+-------+-------+
| rollno | name    | marks | grade | city  |
+--------+---------+-------+-------+-------+
|    102 | bhumika |    78 | A     | delhi |
|    104 | dhruv   |    96 | A     | Delhi |
|    105 | gourav  |    12 | F     | Delhi |
+--------+---------+-------+-------+-------+
3 rows in set (0.00 sec)

mysql> select *from student where marks>=80 and city='delhi';
ERROR 1146 (42S02): Table 'college1.student' doesn't exist
mysql> select *from student1 where marks>=80 and city='delhi';
+--------+-------+-------+-------+-------+
| rollno | name  | marks | grade | city  |
+--------+-------+-------+-------+-------+
|    104 | dhruv |    96 | A     | Delhi |
+--------+-------+-------+-------+-------+
1 row in set (0.00 sec)

mysql> select *from student1 where marks>=80 or city='delhi';
+--------+---------+-------+-------+--------+
| rollno | name    | marks | grade | city   |
+--------+---------+-------+-------+--------+
|    102 | bhumika |    78 | A     | delhi  |
|    103 | chetan  |    85 | B     | Mumbai |
|    104 | dhruv   |    96 | A     | Delhi  |
|    105 | gourav  |    12 | F     | Delhi  |
+--------+---------+-------+-------+--------+
4 rows in set (0.00 sec)

mysql> select *from studen1 where marks between 80 and 90;
ERROR 1146 (42S02): Table 'college1.studen1' doesn't exist
mysql> select *from student1 where marks between 80 and 90;
+--------+--------+-------+-------+--------+
| rollno | name   | marks | grade | city   |
+--------+--------+-------+-------+--------+
|    103 | chetan |    85 | B     | Mumbai |
+--------+--------+-------+-------+--------+
1 row in set (0.00 sec)

mysql> select *from student1 where city in('delhi','mumbai','bangladesh');
+--------+---------+-------+-------+--------+
| rollno | name    | marks | grade | city   |
+--------+---------+-------+-------+--------+
|    102 | bhumika |    78 | A     | delhi  |
|    103 | chetan  |    85 | B     | Mumbai |
|    104 | dhruv   |    96 | A     | Delhi  |
|    105 | gourav  |    12 | F     | Delhi  |
+--------+---------+-------+-------+--------+
4 rows in set (0.00 sec)

mysql> select *from student1 where city in('bangladesh');
Empty set (0.00 sec)

mysql> select *from student1 where city not in('delhi','mumbai');
+--------+------+-------+-------+------+
| rollno | name | marks | grade | city |
+--------+------+-------+-------+------+
|    101 | anil |    78 | A     | pune |
+--------+------+-------+-------+------+
1 row in set (0.00 sec)

mysql> select *from student1 limit 3;
+--------+---------+-------+-------+--------+
| rollno | name    | marks | grade | city   |
+--------+---------+-------+-------+--------+
|    101 | anil    |    78 | A     | pune   |
|    102 | bhumika |    78 | A     | delhi  |
|    103 | chetan  |    85 | B     | Mumbai |
+--------+---------+-------+-------+--------+
3 rows in set (0.00 sec)

mysql> select *from student1 where marks>80 limit 3;
+--------+--------+-------+-------+--------+
| rollno | name   | marks | grade | city   |
+--------+--------+-------+-------+--------+
|    103 | chetan |    85 | B     | Mumbai |
|    104 | dhruv  |    96 | A     | Delhi  |
+--------+--------+-------+-------+--------+
2 rows in set (0.00 sec)

mysql> select *from student1 orderd by city asc;
ERROR 1064 (42000): You have an error in your SQL syntax; check the manual that corresponds to your MySQL server version for the right syntax to use near 'by city asc' at line 1
mysql> select *from student1 order by city asc;
+--------+---------+-------+-------+--------+
| rollno | name    | marks | grade | city   |
+--------+---------+-------+-------+--------+
|    102 | bhumika |    78 | A     | delhi  |
|    104 | dhruv   |    96 | A     | Delhi  |
|    105 | gourav  |    12 | F     | Delhi  |
|    103 | chetan  |    85 | B     | Mumbai |
|    101 | anil    |    78 | A     | pune   |
+--------+---------+-------+-------+--------+
5 rows in set (0.03 sec)

mysql> select *from student1 order by marks asc;
+--------+---------+-------+-------+--------+
| rollno | name    | marks | grade | city   |
+--------+---------+-------+-------+--------+
|    105 | gourav  |    12 | F     | Delhi  |
|    101 | anil    |    78 | A     | pune   |
|    102 | bhumika |    78 | A     | delhi  |
|    103 | chetan  |    85 | B     | Mumbai |
|    104 | dhruv   |    96 | A     | Delhi  |
+--------+---------+-------+-------+--------+
5 rows in set (0.03 sec)

mysql> select *from student1 order by marks desc limit 3;
+--------+--------+-------+-------+--------+
| rollno | name   | marks | grade | city   |
+--------+--------+-------+-------+--------+
|    104 | dhruv  |    96 | A     | Delhi  |
|    103 | chetan |    85 | B     | Mumbai |
|    101 | anil   |    78 | A     | pune   |
+--------+--------+-------+-------+--------+
3 rows in set (0.00 sec)

mysql> select *from student1 order by marks desc;
+--------+---------+-------+-------+--------+
| rollno | name    | marks | grade | city   |
+--------+---------+-------+-------+--------+
|    104 | dhruv   |    96 | A     | Delhi  |
|    103 | chetan  |    85 | B     | Mumbai |
|    101 | anil    |    78 | A     | pune   |
|    102 | bhumika |    78 | A     | delhi  |
|    105 | gourav  |    12 | F     | Delhi  |
+--------+---------+-------+-------+--------+
5 rows in set (0.00 sec)

mysql> select *from student1 order by marks desc limit3;
ERROR 1064 (42000): You have an error in your SQL syntax; check the manual that corresponds to your MySQL server version for the right syntax to use near 'limit3' at line 1
mysql> select *from student1 order by marks desc limit 3;
+--------+--------+-------+-------+--------+
| rollno | name   | marks | grade | city   |
+--------+--------+-------+-------+--------+
|    104 | dhruv  |    96 | A     | Delhi  |
|    103 | chetan |    85 | B     | Mumbai |
|    101 | anil   |    78 | A     | pune   |
+--------+--------+-------+-------+--------+
3 rows in set (0.00 sec)

mysql>Enter password: ****
Welcome to the MySQL monitor.  Commands end with ; or \g.
Your MySQL connection id is 8
Server version: 9.0.1 MySQL Community Server - GPL

Copyright (c) 2000, 2024, Oracle and/or its affiliates.

Oracle is a registered trademark of Oracle Corporation and/or its
affiliates. Other names may be trademarks of their respective
owners.

Type 'help;' or '\h' for help. Type '\c' to clear the current input statement.

mysql> use college1;
Database changed
mysql> select name,marks from student1;
+---------+-------+
| name    | marks |
+---------+-------+
| anil    |    78 |
| bhumika |    78 |
| chetan  |    85 |
| dhruv   |    96 |
| gourav  |    12 |
+---------+-------+
5 rows in set (0.22 sec)

mysql> select city from student1;
+--------+
| city   |
+--------+
| pune   |
| delhi  |
| Mumbai |
| Delhi  |
| Delhi  |
+--------+
5 rows in set (0.00 sec)

mysql> select distinct city from student;
ERROR 1146 (42S02): Table 'college1.student' doesn't exist
mysql> select disinct city from student;
ERROR 1146 (42S02): Table 'college1.student' doesn't exist
mysql> select distinct city from student1;
+--------+
| city   |
+--------+
| pune   |
| delhi  |
| Mumbai |
+--------+
3 rows in set (0.06 sec)

mysql> select distinct city from student1;
+--------+
| city   |
+--------+
| pune   |
| delhi  |
| Mumbai |
+--------+
3 rows in set (0.00 sec)

mysql> select *from student1 where marks>=80;
+--------+--------+-------+-------+--------+
| rollno | name   | marks | grade | city   |
+--------+--------+-------+-------+--------+
|    103 | chetan |    85 | B     | Mumbai |
|    104 | dhruv  |    96 | A     | Delhi  |
+--------+--------+-------+-------+--------+
2 rows in set (0.10 sec)

mysql> select *from student where city='delhi';
ERROR 1146 (42S02): Table 'college1.student' doesn't exist
mysql> select *from student1 where city='delhi';
+--------+---------+-------+-------+-------+
| rollno | name    | marks | grade | city  |
+--------+---------+-------+-------+-------+
|    102 | bhumika |    78 | A     | delhi |
|    104 | dhruv   |    96 | A     | Delhi |
|    105 | gourav  |    12 | F     | Delhi |
+--------+---------+-------+-------+-------+
3 rows in set (0.00 sec)

mysql> select *from student where marks>=80 and city='delhi';
ERROR 1146 (42S02): Table 'college1.student' doesn't exist
mysql> select *from student1 where marks>=80 and city='delhi';
+--------+-------+-------+-------+-------+
| rollno | name  | marks | grade | city  |
+--------+-------+-------+-------+-------+
|    104 | dhruv |    96 | A     | Delhi |
+--------+-------+-------+-------+-------+
1 row in set (0.00 sec)

mysql> select *from student1 where marks>=80 or city='delhi';
+--------+---------+-------+-------+--------+
| rollno | name    | marks | grade | city   |
+--------+---------+-------+-------+--------+
|    102 | bhumika |    78 | A     | delhi  |
|    103 | chetan  |    85 | B     | Mumbai |
|    104 | dhruv   |    96 | A     | Delhi  |
|    105 | gourav  |    12 | F     | Delhi  |
+--------+---------+-------+-------+--------+
4 rows in set (0.00 sec)

mysql> select *from studen1 where marks between 80 and 90;
ERROR 1146 (42S02): Table 'college1.studen1' doesn't exist
mysql> select *from student1 where marks between 80 and 90;
+--------+--------+-------+-------+--------+
| rollno | name   | marks | grade | city   |
+--------+--------+-------+-------+--------+
|    103 | chetan |    85 | B     | Mumbai |
+--------+--------+-------+-------+--------+
1 row in set (0.00 sec)

mysql> select *from student1 where city in('delhi','mumbai','bangladesh');
+--------+---------+-------+-------+--------+
| rollno | name    | marks | grade | city   |
+--------+---------+-------+-------+--------+
|    102 | bhumika |    78 | A     | delhi  |
|    103 | chetan  |    85 | B     | Mumbai |
|    104 | dhruv   |    96 | A     | Delhi  |
|    105 | gourav  |    12 | F     | Delhi  |
+--------+---------+-------+-------+--------+
4 rows in set (0.00 sec)

mysql> select *from student1 where city in('bangladesh');
Empty set (0.00 sec)

mysql> select *from student1 where city not in('delhi','mumbai');
+--------+------+-------+-------+------+
| rollno | name | marks | grade | city |
+--------+------+-------+-------+------+
|    101 | anil |    78 | A     | pune |
+--------+------+-------+-------+------+
1 row in set (0.00 sec)

mysql> select *from student1 limit 3;
+--------+---------+-------+-------+--------+
| rollno | name    | marks | grade | city   |
+--------+---------+-------+-------+--------+
|    101 | anil    |    78 | A     | pune   |
|    102 | bhumika |    78 | A     | delhi  |
|    103 | chetan  |    85 | B     | Mumbai |
+--------+---------+-------+-------+--------+
3 rows in set (0.00 sec)

mysql> select *from student1 where marks>80 limit 3;
+--------+--------+-------+-------+--------+
| rollno | name   | marks | grade | city   |
+--------+--------+-------+-------+--------+
|    103 | chetan |    85 | B     | Mumbai |
|    104 | dhruv  |    96 | A     | Delhi  |
+--------+--------+-------+-------+--------+
2 rows in set (0.00 sec)

mysql> select *from student1 orderd by city asc;
ERROR 1064 (42000): You have an error in your SQL syntax; check the manual that corresponds to your MySQL server version for the right syntax to use near 'by city asc' at line 1
mysql> select *from student1 order by city asc;
+--------+---------+-------+-------+--------+
| rollno | name    | marks | grade | city   |
+--------+---------+-------+-------+--------+
|    102 | bhumika |    78 | A     | delhi  |
|    104 | dhruv   |    96 | A     | Delhi  |
|    105 | gourav  |    12 | F     | Delhi  |
|    103 | chetan  |    85 | B     | Mumbai |
|    101 | anil    |    78 | A     | pune   |
+--------+---------+-------+-------+--------+
5 rows in set (0.03 sec)

mysql> select *from student1 order by marks asc;
+--------+---------+-------+-------+--------+
| rollno | name    | marks | grade | city   |
+--------+---------+-------+-------+--------+
|    105 | gourav  |    12 | F     | Delhi  |
|    101 | anil    |    78 | A     | pune   |
|    102 | bhumika |    78 | A     | delhi  |
|    103 | chetan  |    85 | B     | Mumbai |
|    104 | dhruv   |    96 | A     | Delhi  |
+--------+---------+-------+-------+--------+
5 rows in set (0.03 sec)

mysql> select *from student1 order by marks desc limit 3;
+--------+--------+-------+-------+--------+
| rollno | name   | marks | grade | city   |
+--------+--------+-------+-------+--------+
|    104 | dhruv  |    96 | A     | Delhi  |
|    103 | chetan |    85 | B     | Mumbai |
|    101 | anil   |    78 | A     | pune   |
+--------+--------+-------+-------+--------+
3 rows in set (0.00 sec)

mysql> select *from student1 order by marks desc;
+--------+---------+-------+-------+--------+
| rollno | name    | marks | grade | city   |
+--------+---------+-------+-------+--------+
|    104 | dhruv   |    96 | A     | Delhi  |
|    103 | chetan  |    85 | B     | Mumbai |
|    101 | anil    |    78 | A     | pune   |
|    102 | bhumika |    78 | A     | delhi  |
|    105 | gourav  |    12 | F     | Delhi  |
+--------+---------+-------+-------+--------+
5 rows in set (0.00 sec)

mysql> select *from student1 order by marks desc limit3;
ERROR 1064 (42000): You have an error in your SQL syntax; check the manual that corresponds to your MySQL server version for the right syntax to use near 'limit3' at line 1
mysql> select *from student1 order by marks desc limit 3;
+--------+--------+-------+-------+--------+
| rollno | name   | marks | grade | city   |
+--------+--------+-------+-------+--------+
|    104 | dhruv  |    96 | A     | Delhi  |
|    103 | chetan |    85 | B     | Mumbai |
|    101 | anil   |    78 | A     | pune   |
+--------+--------+-------+-------+--------+
3 rows in set (0.00 sec)

mysql> select *from student1 count();
ERROR 1064 (42000): You have an error in your SQL syntax; check the manual that corresponds to your MySQL server version for the right syntax to use near 'count()' at line 1
mysql> select max(marks) from student1;
+------------+
| max(marks) |
+------------+
|         96 |
+------------+
1 row in set (0.05 sec)

mysql> select min(marks) from student1;
+------------+
| min(marks) |
+------------+
|         12 |
+------------+
1 row in set (0.00 sec)

mysql> select avg(marks) from student1;
+------------+
| avg(marks) |
+------------+
|    69.8000 |
+------------+
1 row in set (0.00 sec)

mysql> select count(marks) from student1;
+--------------+
| count(marks) |
+--------------+
|            5 |
+--------------+
1 row in set (0.00 sec)

mysql> select count(name) from student1;
+-------------+
| count(name) |
+-------------+
|           5 |
+-------------+
1 row in set (0.00 sec)

mysql> select *from student1 city group by city;
ERROR 1055 (42000): Expression #1 of SELECT list is not in GROUP BY clause and contains nonaggregated column 'college1.city.rollno' which is not functionally dependent on columns in GROUP BY clause; this is incompatible with sql_mode=only_full_group_by
mysql> select city from student1 group by city;
+--------+
| city   |
+--------+
| pune   |
| delhi  |
| Mumbai |
+--------+
3 rows in set (0.00 sec)

mysql> select city count(rollno) from student1 group by city;
ERROR 1064 (42000): You have an error in your SQL syntax; check the manual that corresponds to your MySQL server version for the right syntax to use near 'count(rollno) from student1 group by city' at line 1
mysql> select city count(marks) from student1 group by city;
ERROR 1064 (42000): You have an error in your SQL syntax; check the manual that corresponds to your MySQL server version for the right syntax to use near 'count(marks) from student1 group by city' at line 1
mysql> select city, count(marks) from student1 group by city;
+--------+--------------+
| city   | count(marks) |
+--------+--------------+
| pune   |            1 |
| delhi  |            3 |
| Mumbai |            1 |
+--------+--------------+
3 rows in set (0.00 sec)

mysql> select city, count(rollno) from student1 group by city;
+--------+---------------+
| city   | count(rollno) |
+--------+---------------+
| pune   |             1 |
| delhi  |             3 |
| Mumbai |             1 |
+--------+---------------+
3 rows in set (0.00 sec)

mysql> select city, avg(marks) from student1 group by city;
+--------+------------+
| city   | avg(marks) |
+--------+------------+
| pune   |    78.0000 |
| delhi  |    62.0000 |
| Mumbai |    85.0000 |
+--------+------------+
3 rows in set (0.04 sec)

mysql> select city, avg(marks) from student1 group by city order by city;
+--------+------------+
| city   | avg(marks) |
+--------+------------+
| delhi  |    62.0000 |
| Mumbai |    85.0000 |
| pune   |    78.0000 |
+--------+------------+
3 rows in set (0.00 sec)

mysql> select city, avg(marks) from student1 group by city order by marks;
ERROR 1055 (42000): Expression #1 of ORDER BY clause is not in GROUP BY clause and contains nonaggregated column 'college1.student1.marks' which is not functionally dependent on columns in GROUP BY clause; this is incompatible with sql_mode=only_full_group_by
mysql> select city, avg(marks) from student1 group by city order by  avg(marks);
+--------+------------+
| city   | avg(marks) |
+--------+------------+
| delhi  |    62.0000 |
| pune   |    78.0000 |
| Mumbai |    85.0000 |
+--------+------------+
3 rows in set (0.04 sec)

mysql> select city from student1 group by city;
+--------+
| city   |
+--------+
| pune   |
| delhi  |
| Mumbai |
+--------+
3 rows in set (0.38 sec)

mysql> select city,count(grade) from student1 group by city;
+--------+--------------+
| city   | count(grade) |
+--------+--------------+
| pune   |            1 |
| delhi  |            3 |
| Mumbai |            1 |
+--------+--------------+
3 rows in set (0.00 sec)

mysql> select *from student order by marks desc;
ERROR 1146 (42S02): Table 'college1.student' doesn't exist
mysql> select *from student1 order by marks desc;
+--------+---------+-------+-------+--------+
| rollno | name    | marks | grade | city   |
+--------+---------+-------+-------+--------+
|    104 | dhruv   |    96 | A     | Delhi  |
|    103 | chetan  |    85 | B     | Mumbai |
|    101 | anil    |    78 | A     | pune   |
|    102 | bhumika |    78 | A     | delhi  |
|    105 | gourav  |    12 | F     | Delhi  |
+--------+---------+-------+-------+--------+
5 rows in set (0.00 sec)

mysql> select *from student1 order by marks desc limit 3;
+--------+--------+-------+-------+--------+
| rollno | name   | marks | grade | city   |
+--------+--------+-------+-------+--------+
|    104 | dhruv  |    96 | A     | Delhi  |
|    103 | chetan |    85 | B     | Mumbai |
|    101 | anil   |    78 | A     | pune   |
+--------+--------+-------+-------+--------+
3 rows in set (0.00 sec)

mysql> select count(marks) from student1;
+--------------+
| count(marks) |
+--------------+
|            5 |
+--------------+
1 row in set (1.70 sec)

mysql> select avg(marks) from student1;
+------------+
| avg(marks) |
+------------+
|    69.8000 |
+------------+
1 row in set (0.00 sec)

mysql> select max(marks) from student1;
+------------+
| max(marks) |
+------------+
|         96 |
+------------+
1 row in set (1.16 sec)

mysql> select marks from student group by marks having city='delhi';
ERROR 1146 (42S02): Table 'college1.student' doesn't exist
mysql> select marks from student1 group by marks having city='delhi';
ERROR 1054 (42S22): Unknown column 'city' in 'having clause'
mysql> select marks from student1 group by marks having marks>=80;
+-------+
| marks |
+-------+
|    85 |
|    96 |
+-------+
2 rows in set (0.00 sec)

mysql> select marks,count(rollno) from student1 group by marks having marks>=80;
+-------+---------------+
| marks | count(rollno) |
+-------+---------------+
|    85 |             1 |
|    96 |             1 |
+-------+---------------+
2 rows in set (0.00 sec)

mysql> select city from student1 group by city;
+--------+
| city   |
+--------+
| pune   |
| delhi  |
| Mumbai |
+--------+
3 rows in set (0.00 sec)

mysql> select city,avg(marks( from student1 group by city;
ERROR 1064 (42000): You have an error in your SQL syntax; check the manual that corresponds to your MySQL server version for the right syntax to use near 'from student1 group by city' at line 1
mysql> select city,avg(marks) from student1 group by city;
+--------+------------+
| city   | avg(marks) |
+--------+------------+
| pune   |    78.0000 |
| delhi  |    62.0000 |
| Mumbai |    85.0000 |
+--------+------------+
3 rows in set (0.00 sec)

mysql> select city,avg(marks) from student1 group by city order by asc;
ERROR 1064 (42000): You have an error in your SQL syntax; check the manual that corresponds to your MySQL server version for the right syntax to use near 'asc' at line 1
mysql> select city,avg(marks) from student1 group by city order by city;
+--------+------------+
| city   | avg(marks) |
+--------+------------+
| delhi  |    62.0000 |
| Mumbai |    85.0000 |
| pune   |    78.0000 |
+--------+------------+
3 rows in set (0.00 sec)

mysql> select city,avg(marks) from student1 group by city order by avg(marks)desc;
+--------+------------+
| city   | avg(marks) |
+--------+------------+
| Mumbai |    85.0000 |
| pune   |    78.0000 |
| delhi  |    62.0000 |
+--------+------------+
3 rows in set (0.00 sec)

mysql> create table payment(cust_id int primary key,cust_name varchar(50),cust_mode_pay varchar(50),cust_city varchar(30));
Query OK, 0 rows affected (0.95 sec)

mysql> insert into payment(cust_id,cust_name,cust_mode_pay,cust_city)values(101,'harish','netbanking','mumbai'),(102,'rohit','creditcard','delhi'),(103,'rahul','creditcard','delhi');
Query OK, 3 rows affected (1.09 sec)
Records: 3  Duplicates: 0  Warnings: 0

mysql> select *from payment;
+---------+-----------+---------------+-----------+
| cust_id | cust_name | cust_mode_pay | cust_city |
+---------+-----------+---------------+-----------+
|     101 | harish    | netbanking    | mumbai    |
|     102 | rohit     | creditcard    | delhi     |
|     103 | rahul     | creditcard    | delhi     |
+---------+-----------+---------------+-----------+
3 rows in set (0.00 sec)

mysql> select cust_mode_pay from group by cust_mode_pay;
ERROR 1064 (42000): You have an error in your SQL syntax; check the manual that corresponds to your MySQL server version for the right syntax to use near 'group by cust_mode_pay' at line 1
mysql> select cust_mode_pay from payment group by cust_mode_pay;
+---------------+
| cust_mode_pay |
+---------------+
| netbanking    |
| creditcard    |
+---------------+
2 rows in set (0.00 sec)

mysql> select cust_mode_pay,count(cust_mode_pay) from payment group by cust_mode_pay;
+---------------+----------------------+
| cust_mode_pay | count(cust_mode_pay) |
+---------------+----------------------+
| netbanking    |                    1 |
| creditcard    |                    2 |
+---------------+----------------------+
2 rows in set (0.00 sec)

mysql> select cust_mode_pay,count(cust_mode_pay) from payment group by cust_mode_pay order by cust_mode_pay desc;
+---------------+----------------------+
| cust_mode_pay | count(cust_mode_pay) |
+---------------+----------------------+
| netbanking    |                    1 |
| creditcard    |                    2 |
+---------------+----------------------+
2 rows in set (0.00 sec)

mysql> select cust_mode_pay,count(cust_mode_pay) from payment group by cust_mode_pay order by cust_mode_pay asc;
+---------------+----------------------+
| cust_mode_pay | count(cust_mode_pay) |
+---------------+----------------------+
| creditcard    |                    2 |
| netbanking    |                    1 |
+---------------+----------------------+
2 rows in set (0.00 sec)

mysql> select cust_mode_pay,count(cust_mode_pay) from payment group by cust_mode_pay order by cust_mode_pay desc;
+---------------+----------------------+
| cust_mode_pay | count(cust_mode_pay) |
+---------------+----------------------+
| netbanking    |                    1 |
| creditcard    |                    2 |
+---------------+----------------------+
2 rows in set (0.00 sec)

mysql> select cust_mode_pay,count(cust_mode_pay) from payment group by cust_mode_pay order by cust_mode_pay desc;
+---------------+----------------------+
| cust_mode_pay | count(cust_mode_pay) |
+---------------+----------------------+
| netbanking    |                    1 |
| creditcard    |                    2 |
+---------------+----------------------+
2 rows in set (0.00 sec)

mysql> select cust_mode_pay,count(cust_mode_pay) from payment group by cust_mode_pay order by cust_mode_pay asc;
+---------------+----------------------+
| cust_mode_pay | count(cust_mode_pay) |
+---------------+----------------------+
| creditcard    |                    2 |
| netbanking    |                    1 |
+---------------+----------------------+
2 rows in set (0.00 sec)

mysql> select grade from student1 group by grade;
+-------+
| grade |
+-------+
| A     |
| B     |
| F     |
+-------+
3 rows in set (0.00 sec)

mysql> select grade,count(grade) from student1 group by grade;
+-------+--------------+
| grade | count(grade) |
+-------+--------------+
| A     |            3 |
| B     |            1 |
| F     |            1 |
+-------+--------------+
3 rows in set (0.00 sec)

mysql> select grade,count(grade,name) from student1 group by grade;
ERROR 1064 (42000): You have an error in your SQL syntax; check the manual that corresponds to your MySQL server version for the right syntax to use near ',name) from student1 group by grade' at line 1
mysql> select grade,count(grade),count(name) from student1 group by grade;
+-------+--------------+-------------+
| grade | count(grade) | count(name) |
+-------+--------------+-------------+
| A     |            3 |           3 |
| B     |            1 |           1 |
| F     |            1 |           1 |
+-------+--------------+-------------+
3 rows in set (0.00 sec)

mysql> select *from student1;
+--------+---------+-------+-------+--------+
| rollno | name    | marks | grade | city   |
+--------+---------+-------+-------+--------+
|    101 | anil    |    78 | A     | pune   |
|    102 | bhumika |    78 | A     | delhi  |
|    103 | chetan  |    85 | B     | Mumbai |
|    104 | dhruv   |    96 | A     | Delhi  |
|    105 | gourav  |    12 | F     | Delhi  |
+--------+---------+-------+-------+--------+
5 rows in set (0.00 sec)

mysql> select grade,count(grade),name from student1 group by grade;
ERROR 1055 (42000): Expression #3 of SELECT list is not in GROUP BY clause and contains nonaggregated column 'college1.student1.name' which is not functionally dependent on columns in GROUP BY clause; this is incompatible with sql_mode=only_full_group_by
mysql> select grade,count(grade),name from student1 group by grade,name;
+-------+--------------+---------+
| grade | count(grade) | name    |
+-------+--------------+---------+
| A     |            1 | anil    |
| A     |            1 | bhumika |
| B     |            1 | chetan  |
| A     |            1 | dhruv   |
| F     |            1 | gourav  |
+-------+--------------+---------+
5 rows in set (0.00 sec)

mysql> update student1 set marks<=85 where grade='B';
ERROR 1064 (42000): You have an error in your SQL syntax; check the manual that corresponds to your MySQL server version for the right syntax to use near '<=85 where grade='B'' at line 1
mysql> select count(name),city from student1 group by city;
+-------------+--------+
| count(name) | city   |
+-------------+--------+
|           1 | pune   |
|           3 | delhi  |
|           1 | Mumbai |
+-------------+--------+
3 rows in set (0.00 sec)

mysql> select count(name),city from student1 group by city having by max(marks)>90;
ERROR 1064 (42000): You have an error in your SQL syntax; check the manual that corresponds to your MySQL server version for the right syntax to use near 'by max(marks)>90' at line 1
mysql> select count(name),city from student1 group by city having  max(marks)>90;
+-------------+-------+
| count(name) | city  |
+-------------+-------+
|           3 | delhi |
+-------------+-------+
1 row in set (0.12 sec)

mysql> select * from student1;
+--------+---------+-------+-------+--------+
| rollno | name    | marks | grade | city   |
+--------+---------+-------+-------+--------+
|    101 | anil    |    78 | A     | pune   |
|    102 | bhumika |    78 | A     | delhi  |
|    103 | chetan  |    85 | B     | Mumbai |
|    104 | dhruv   |    96 | A     | Delhi  |
|    105 | gourav  |    12 | F     | Delhi  |
+--------+---------+-------+-------+--------+
5 rows in set (0.00 sec)

mysql> select count(name),city from student1 group by city having  max(marks)<90;
+-------------+--------+
| count(name) | city   |
+-------------+--------+
|           1 | pune   |
|           1 | Mumbai |
+-------------+--------+
2 rows in set (0.00 sec)

mysql> select city from student1 where grad='A' group by city having max(marks)>90;
ERROR 1054 (42S22): Unknown column 'grad' in 'where clause'
mysql> select city from student1 where grade='A' group by city having max(marks)>90;
+-------+
| city  |
+-------+
| delhi |
+-------+
1 row in set (0.00 sec)

mysql> select city from student1 where grade='A' group by city having max(marks)>=90;
+-------+
| city  |
+-------+
| delhi |
+-------+
1 row in set (0.00 sec)

mysql>Enter password: ****
Welcome to the MySQL monitor.  Commands end with ; or \g.
Your MySQL connection id is 8
Server version: 9.0.1 MySQL Community Server - GPL

Copyright (c) 2000, 2024, Oracle and/or its affiliates.

Oracle is a registered trademark of Oracle Corporation and/or its
affiliates. Other names may be trademarks of their respective
owners.

Type 'help;' or '\h' for help. Type '\c' to clear the current input statement.

mysql> show databases;
+--------------------+
| Database           |
+--------------------+
| capegemini         |
| college            |
| college1           |
| information_schema |
| mysql              |
| performance_schema |
| sys                |
+--------------------+
7 rows in set (0.26 sec)

mysql> use college1;
Database changed
mysql> show tables;
+--------------------+
| Tables_in_college1 |
+--------------------+
| payment            |
| student1           |
+--------------------+
2 rows in set (3.00 sec)

mysql> select *from payement;
ERROR 1146 (42S02): Table 'college1.payement' doesn't exist
mysql> select *from payment;
+---------+-----------+---------------+-----------+
| cust_id | cust_name | cust_mode_pay | cust_city |
+---------+-----------+---------------+-----------+
|     101 | harish    | netbanking    | mumbai    |
|     102 | rohit     | creditcard    | delhi     |
|     103 | rahul     | creditcard    | delhi     |
|     104 | Amit      | debitcard     | bangalore |
|     105 | Suresh    | netbanking    | pune      |
|     106 | Rakesh    | creditcard    | kolkata   |
|     107 | Priya     | debitcard     | chennai   |
|     108 | Kavita    | netbanking    | mumbai    |
|     109 | Anil      | creditcard    | hyderabad |
+---------+-----------+---------------+-----------+
9 rows in set (0.21 sec)

mysql> select cust_mode_pay,count(*)from payment where cust_city='mumbai' group by(cust_mode_pay);
+---------------+----------+
| cust_mode_pay | count(*) |
+---------------+----------+
| netbanking    |        2 |
+---------------+----------+
1 row in set (1.69 sec)

mysql> select cust_mode_pay,count(*)from payment where cust_city='mumbai' group by(cust_mode_pay) order;
ERROR 1064 (42000): You have an error in your SQL syntax; check the manual that corresponds to your MySQL server version for the right syntax to use near '' at line 1
mysql> select cust_mode_pay,count(*)from payment where cust_city='mumbai' group by(cust_mode_pay) order by;
ERROR 1064 (42000): You have an error in your SQL syntax; check the manual that corresponds to your MySQL server version for the right syntax to use near '' at line 1
mysql> select cust_mode_pay,count(*)from payment where cust_city='mumbai' group by(cust_mode_pay) limit 1;
+---------------+----------+
| cust_mode_pay | count(*) |
+---------------+----------+
| netbanking    |        2 |
+---------------+----------+
1 row in set (0.00 sec)

mysql> select cust_mode_pay,count(*)from payment where cust_city='mumbai' group by(cust_mode_pay) limit 1 offset 1;
Empty set (0.00 sec)

mysql> select cust_mode_pay,count(*)from payment group by(cust_mode_pay);
+---------------+----------+
| cust_mode_pay | count(*) |
+---------------+----------+
| netbanking    |        3 |
| creditcard    |        4 |
| debitcard     |        2 |
+---------------+----------+
3 rows in set (0.00 sec)

mysql> select cust_mode_pay,count(*)from payment group by(cust_mode_pay) limit 2;
+---------------+----------+
| cust_mode_pay | count(*) |
+---------------+----------+
| netbanking    |        3 |
| creditcard    |        4 |
+---------------+----------+
2 rows in set (0.00 sec)

mysql> select cust_mode_pay,count(*)from payment group by(cust_mode_pay) limit 1;
+---------------+----------+
| cust_mode_pay | count(*) |
+---------------+----------+
| netbanking    |        3 |
+---------------+----------+
1 row in set (0.00 sec)

mysql> select cust_mode_pay,count(*)from payment group by(cust_mode_pay) limit 3;
+---------------+----------+
| cust_mode_pay | count(*) |
+---------------+----------+
| netbanking    |        3 |
| creditcard    |        4 |
| debitcard     |        2 |
+---------------+----------+
3 rows in set (0.00 sec)

mysql> select cust_mode_pay,count(*)from payment group by(cust_mode_pay) limit 3 offset 1;
+---------------+----------+
| cust_mode_pay | count(*) |
+---------------+----------+
| creditcard    |        4 |
| debitcard     |        2 |
+---------------+----------+
2 rows in set (0.00 sec)

mysql> select cust_mode_pay,count(*)from payment group by(cust_mode_pay) limit 3 offset 2;
+---------------+----------+
| cust_mode_pay | count(*) |
+---------------+----------+
| debitcard     |        2 |
+---------------+----------+
1 row in set (0.00 sec)

mysql> select cust_mode_pay,count(*)from payment group by(cust_mode_pay) having city='mumbai' limit 3 offset 2;
ERROR 1054 (42S22): Unknown column 'city' in 'having clause'
mysql> select cust_mode_pay,count(*)from payment group by(cust_mode_pay) having by city='mumbai' limit 3 offset 2;
ERROR 1064 (42000): You have an error in your SQL syntax; check the manual that corresponds to your MySQL server version for the right syntax to use near 'by city='mumbai' limit 3 offset 2' at line 1
mysql> select cust_mode_pay,count(*)from payment group by(cust_mode_pay) limit 3 offset 2;
+---------------+----------+
| cust_mode_pay | count(*) |
+---------------+----------+
| debitcard     |        2 |
+---------------+----------+
1 row in set (0.00 sec)

mysql> select cust_mode_pay,count(*)from payment group by(cust_mode_pay) order by city limit 3 offset 2;
ERROR 1054 (42S22): Unknown column 'city' in 'order clause'
mysql> select cust_mode_pay,count(*)from payment group by(cust_mode_pay) order by cust_city limit 3 offset 2;
ERROR 1055 (42000): Expression #1 of ORDER BY clause is not in GROUP BY clause and contains nonaggregated column 'college1.payment.cust_city' which is not functionally dependent on columns in GROUP BY clause; this is incompatible with sql_mode=only_full_group_by
mysql> select cust_mode_pay,count(*)from payment group by(cust_mode_pay) order by cust_city desc limit 3 offset 2;
ERROR 1055 (42000): Expression #1 of ORDER BY clause is not in GROUP BY clause and contains nonaggregated column 'college1.payment.cust_city' which is not functionally dependent on columns in GROUP BY clause; this is incompatible with sql_mode=only_full_group_by
mysql> create table personal(id int,name varchar(50),birth_date DATE,phone varchar(90),gender varchar(1));
Query OK, 0 rows affected (3.26 sec)

mysql> show tables;
+--------------------+
| Tables_in_college1 |
+--------------------+
| payment            |
| personal           |
| student1           |
+--------------------+
3 rows in set (0.00 sec)

mysql> desc personal;
+------------+-------------+------+-----+---------+-------+
| Field      | Type        | Null | Key | Default | Extra |
+------------+-------------+------+-----+---------+-------+
| id         | int         | YES  |     | NULL    |       |
| name       | varchar(50) | YES  |     | NULL    |       |
| birth_date | date        | YES  |     | NULL    |       |
| phone      | varchar(90) | YES  |     | NULL    |       |
| gender     | varchar(1)  | YES  |     | NULL    |       |
+------------+-------------+------+-----+---------+-------+
5 rows in set (0.14 sec)

mysql> insert into personal(id,name,birth_date,phone,gender)values(12,'rahul','1990-07-15','9368809502','M');
Query OK, 1 row affected (0.19 sec)

mysql> select *from personal;
+------+-------+------------+------------+--------+
| id   | name  | birth_date | phone      | gender |
+------+-------+------------+------------+--------+
|   12 | rahul | 1990-07-15 | 9368809502 | M      |
+------+-------+------------+------------+--------+
1 row in set (0.00 sec)

mysql> insert into personal(id,name,birth_date,phone,gender)values(13,'sudama','1990-07-15','9368809503','M');
Query OK, 1 row affected (0.19 sec)

mysql> insert into personal(id,name,birth_date,phone,gender)values(14,'sudam','1990-07-15','9368809503','F');
Query OK, 1 row affected (0.15 sec)

mysql> select *from personal;
+------+--------+------------+------------+--------+
| id   | name   | birth_date | phone      | gender |
+------+--------+------------+------------+--------+
|   12 | rahul  | 1990-07-15 | 9368809502 | M      |
|   13 | sudama | 1990-07-15 | 9368809503 | M      |
|   14 | sudam  | 1990-07-15 | 9368809503 | F      |
+------+--------+------------+------------+--------+
3 rows in set (0.00 sec)

mysql> insert into personal(id,name,birth_date,phone,gender)values(12,'rahul','1990-07-15','9368809502','M'),(15,'manish',1992-08-16','8881234540','M'),(16,'bajanti','2002-08-08','7500011122','F');
    '> insert into personal(id,name,birth_date,phone,gender)values(12,'rahul','1990-07-15','9368809502','M'),(15,'manish',1992-08-16','8881234540','M'),(16,'bajanti','2002-08-08','7500011122','F');
ERROR 1064 (42000): You have an error in your SQL syntax; check the manual that corresponds to your MySQL server version for the right syntax to use near '','8881234540','M'),(16,'bajanti','2002-08-08','7500011122','F');
insert into pe' at line 1
mysql> select *from personal;
+------+--------+------------+------------+--------+
| id   | name   | birth_date | phone      | gender |
+------+--------+------------+------------+--------+
|   12 | rahul  | 1990-07-15 | 9368809502 | M      |
|   13 | sudama | 1990-07-15 | 9368809503 | M      |
|   14 | sudam  | 1990-07-15 | 9368809503 | F      |
+------+--------+------------+------------+--------+
3 rows in set (0.00 sec)

mysql> insert into personal(id,name,birth_date,phone,gender)values(12,'rahul','1990-07-15','9368809502','M'),(15,'manish',1992-08-16','8881234540','M'),(16,'bajanti','2002-08-08','7500011122','F');
    '> insert into personal(id,name,birth_date,phone,gender)values(12,'rahul','1990-07-15','9368809502','M'),(15,'manish',1992-08-16','8881234540','M'),(16,'bajanti','2002-08-08','7500011122','F');
ERROR 1064 (42000): You have an error in your SQL syntax; check the manual that corresponds to your MySQL server version for the right syntax to use near '','8881234540','M'),(16,'bajanti','2002-08-08','7500011122','F');
insert into pe' at line 1
mysql> insert into personal(id,name,birth_date,phone,gender)values(12,'rahul','1990-07-15','9368809502','M'),(15,'manish',1992-08-16','8881234540','M'),(16,'bajanti','2002-08-08','7500011122','F');
    '> insert into personal(id,name,birth_date,phone,gender)values(12,'rahul','1990-07-15','9368809502','M'),(15,'manish',1992-08-16','8881234540','M'),(16,'bajanti','2002-08-08','7500011122','F');
ERROR 1064 (42000): You have an error in your SQL syntax; check the manual that corresponds to your MySQL server version for the right syntax to use near '','8881234540','M'),(16,'bajanti','2002-08-08','7500011122','F');
insert into pe' at line 1
mysql> insert into personal(id,name,birth_date,phone,gender)values(18,'raghav','2003-08-08','9557412342','F'),(19,'shubham''2007-09-09',9897390117','J');
    '> insert into personal(id,name,birth_date,phone,gender)values(18,'raghav','2003-08-08','9557412342','F'),(19,'shubham''2007-09-09',9897390117','J');
ERROR 1064 (42000): You have an error in your SQL syntax; check the manual that corresponds to your MySQL server version for the right syntax to use near '','J');
insert into personal(id,name,birth_date,phone,gender)values(18,'raghav',' at line 1
mysql> insert into personal(id,name,birth_date,phone,gender)values(18,'raghav','2003-08-08','9557412342','F'),(19,'shubham''2007-09-09',9897390117','J');
    '> insert into personal(id,name,birth_date,phone,gender)values(18,'raghav','2003-08-08','9557412342','F'),(19,'shubham''2007-09-09','09897390117','J');
    '> insert into personal(id,name,birth_date,phone,gender)values(18,'raghav','2003-08-08','9557412342','F'),(19,'shubham''2007-09-09','09897390117','J');
    '> insert into personal(id,name,birth_date,phone,gender)values(18,'raghav','2003-08-08','9557412342','F'),(19,'shubham''2007-09-09','09897390117','J');
    '> insert into personal(id,name,birth_date,phone,gender)values(18,'raghav','2003-08-08','9557412342','F'),(19,'shubham''2007-09-09','09897390117','J');
    '> insert into personal(id,name,birth_date,phone,gender)values(18,'raghav','2003-08-08','9557412342','F'),(19,'shubham''2007-09-09','09897390117','J');
    '>
    '> insert into personal(id,name,birth_date,phone,gender)values(18,'raghav','2003-08-08','9557412342','F'),(19,'shubham''2007-09-09','09897390117','J');
    '> ^C
mysql> insert into personal(id,name,birth_date,phone,gender)values(18,'raghav','2003-08-08','9557412342','F'),(19,'shubham''2007-09-09','09897390117','J');
ERROR 1136 (21S01): Column count doesn't match value count at row 2
mysql> select *from personal;
+------+--------+------------+------------+--------+
| id   | name   | birth_date | phone      | gender |
+------+--------+------------+------------+--------+
|   12 | rahul  | 1990-07-15 | 9368809502 | M      |
|   13 | sudama | 1990-07-15 | 9368809503 | M      |
|   14 | sudam  | 1990-07-15 | 9368809503 | F      |
+------+--------+------------+------------+--------+
3 rows in set (0.00 sec)

mysql> create table school(id int not null unique,name varchar(50) not null,age int not null check(age >= 18),gender varchar(10) not null,phone varchar(10) not null unique,city varchar(10) not null default 'agra');
Query OK, 0 rows affected (0.85 sec)

mysql> desc school;
+--------+-------------+------+-----+---------+-------+
| Field  | Type        | Null | Key | Default | Extra |
+--------+-------------+------+-----+---------+-------+
| id     | int         | NO   | PRI | NULL    |       |
| name   | varchar(50) | NO   |     | NULL    |       |
| age    | int         | NO   |     | NULL    |       |
| gender | varchar(10) | NO   |     | NULL    |       |
| phone  | varchar(10) | NO   | UNI | NULL    |       |
| city   | varchar(10) | NO   |     | agra    |       |
+--------+-------------+------+-----+---------+-------+
6 rows in set (0.00 sec)

mysql> insert into school(id,name,age,gender,phone,city)values(1,'rahul',21,'M','9368809502','delhi');
Query OK, 1 row affected (1.40 sec)

mysql> insert into school(id,name,age,gender,phone,city)values(2,'rahul',21,'M','9368809502','delhi');
ERROR 1062 (23000): Duplicate entry '9368809502' for key 'school.phone'
mysql> insert into school(id,name,age,gender,phone,city)values(2,'rahul',21,'M','9368809503');
ERROR 1136 (21S01): Column count doesn't match value count at row 1
mysql> insert into school(id,name,age,gender,phone)values(2,'rahul',21,'M','9368809503');
Query OK, 1 row affected (0.13 sec)

mysql> select * from school;
+----+-------+-----+--------+------------+-------+
| id | name  | age | gender | phone      | city  |
+----+-------+-----+--------+------------+-------+
|  1 | rahul |  21 | M      | 9368809502 | delhi |
|  2 | rahul |  21 | M      | 9368809503 | agra  |
+----+-------+-----+--------+------------+-------+
2 rows in set (0.00 sec)

mysql> insert into school(name,age,gender,phone)values('rahul',21,'M','9368809504');
ERROR 1364 (HY000): Field 'id' doesn't have a default value
mysql> insert into school(name,age,gender,phone)values(3,'rahul',21,'M','9368809504');
ERROR 1136 (21S01): Column count doesn't match value count at row 1
mysql> insert into school(id,name,age,gender,phone)values(3,'rahul',21,'M','9368809504');
Query OK, 1 row affected (0.80 sec)

mysql> select * from school;
+----+-------+-----+--------+------------+-------+
| id | name  | age | gender | phone      | city  |
+----+-------+-----+--------+------------+-------+
|  1 | rahul |  21 | M      | 9368809502 | delhi |
|  2 | rahul |  21 | M      | 9368809503 | agra  |
|  3 | rahul |  21 | M      | 9368809504 | agra  |
+----+-------+-----+--------+------------+-------+
3 rows in set (0.00 sec)

mysql> drop table personal;
Query OK, 0 rows affected (0.50 sec)

mysql> show tables;
+--------------------+
| Tables_in_college1 |
+--------------------+
| payment            |
| school             |
| student1           |
+--------------------+
3 rows in set (0.00 sec)

mysql> delete from school where id=1;
Query OK, 1 row affected (0.56 sec)

mysql> drop table personal;
ERROR 1051 (42S02): Unknown table 'college1.personal'
mysql> select * from school;
+----+-------+-----+--------+------------+------+
| id | name  | age | gender | phone      | city |
+----+-------+-----+--------+------------+------+
|  2 | rahul |  21 | M      | 9368809503 | agra |
|  3 | rahul |  21 | M      | 9368809504 | agra |
+----+-------+-----+--------+------------+------+
2 rows in set (0.00 sec)

mysql> alter table school add uid varchar(90);
Query OK, 0 rows affected (0.72 sec)
Records: 0  Duplicates: 0  Warnings: 0

mysql> select * from school;
+----+-------+-----+--------+------------+------+------+
| id | name  | age | gender | phone      | city | uid  |
+----+-------+-----+--------+------------+------+------+
|  2 | rahul |  21 | M      | 9368809503 | agra | NULL |
|  3 | rahul |  21 | M      | 9368809504 | agra | NULL |
+----+-------+-----+--------+------------+------+------+
2 rows in set (0.00 sec)

mysql> insert into school(uid)values('237373055287');
ERROR 1364 (HY000): Field 'id' doesn't have a default value
mysql> update table school set uid='237373055287' where name='rahul';
ERROR 1064 (42000): You have an error in your SQL syntax; check the manual that corresponds to your MySQL server version for the right syntax to use near 'table school set uid='237373055287' where name='rahul'' at line 1
mysql> update  school set uid='237373055287' where name='rahul';
Query OK, 2 rows affected (6.38 sec)
Rows matched: 2  Changed: 2  Warnings: 0

mysql> select * from school;
+----+-------+-----+--------+------------+------+--------------+
| id | name  | age | gender | phone      | city | uid          |
+----+-------+-----+--------+------------+------+--------------+
|  2 | rahul |  21 | M      | 9368809503 | agra | 237373055287 |
|  3 | rahul |  21 | M      | 9368809504 | agra | 237373055287 |
+----+-------+-----+--------+------------+------+--------------+
2 rows in set (0.00 sec)

mysql> insert into school(name,age,gender,phone)values(4,'rahul',15,'M','9368809505');
ERROR 1136 (21S01): Column count doesn't match value count at row 1
mysql> insert into school(id,name,age,gender,phone)values(4,'rahul',15,'M','9368809505');
ERROR 3819 (HY000): Check constraint 'school_chk_1' is violated.
mysql> insert into school(id,name,age,gender,phone)values(4,'rahul',22,'M','9368809505');
Query OK, 1 row affected (0.94 sec)

mysql> select * from school;
+----+-------+-----+--------+------------+------+--------------+
| id | name  | age | gender | phone      | city | uid          |
+----+-------+-----+--------+------------+------+--------------+
|  2 | rahul |  21 | M      | 9368809503 | agra | 237373055287 |
|  3 | rahul |  21 | M      | 9368809504 | agra | 237373055287 |
|  4 | rahul |  22 | M      | 9368809505 | agra | NULL         |
+----+-------+-----+--------+------------+------+--------------+
3 rows in set (0.00 sec)

mysql> select id as ID from school;
+----+
| ID |
+----+
|  2 |
|  3 |
|  4 |
+----+
3 rows in set (0.00 sec)

mysql> select gender as 'gender_name' from school;
+-------------+
| gender_name |
+-------------+
| M           |
| M           |
| M           |
+-------------+
3 rows in set (0.00 sec)

mysql> updat school set city='mumbai' where id=2;
ERROR 1064 (42000): You have an error in your SQL syntax; check the manual that corresponds to your MySQL server version for the right syntax to use near 'updat school set city='mumbai' where id=2' at line 1
mysql> update school set city='mumbai' where id=2;
Query OK, 1 row affected (6.87 sec)
Rows matched: 1  Changed: 1  Warnings: 0

mysql> select city from school where city <> agra;
ERROR 1054 (42S22): Unknown column 'agra' in 'where clause'
mysql> select city from school where city <> city;
Empty set (0.23 sec)

mysql> select city from school where city <> 'agra';
+--------+
| city   |
+--------+
| mumbai |
+--------+
1 row in set (0.00 sec)

mysql> select *from school where id=2 and age<=21;
+----+-------+-----+--------+------------+--------+--------------+
| id | name  | age | gender | phone      | city   | uid          |
+----+-------+-----+--------+------------+--------+--------------+
|  2 | rahul |  21 | M      | 9368809503 | mumbai | 237373055287 |
+----+-------+-----+--------+------------+--------+--------------+
1 row in set (0.00 sec)

mysql> select *from school where id=2 and age<21;
Empty set (0.00 sec)

mysql> select *from school where id=2 and age>=21;
+----+-------+-----+--------+------------+--------+--------------+
| id | name  | age | gender | phone      | city   | uid          |
+----+-------+-----+--------+------------+--------+--------------+
|  2 | rahul |  21 | M      | 9368809503 | mumbai | 237373055287 |
+----+-------+-----+--------+------------+--------+--------------+
1 row in set (0.00 sec)

mysql> select *from school where id=2 and age>=21 and city='agra';
Empty set (0.00 sec)

mysql> select *from school where id=2 or age>=21 and city='agra';
+----+-------+-----+--------+------------+--------+--------------+
| id | name  | age | gender | phone      | city   | uid          |
+----+-------+-----+--------+------------+--------+--------------+
|  2 | rahul |  21 | M      | 9368809503 | mumbai | 237373055287 |
|  3 | rahul |  21 | M      | 9368809504 | agra   | 237373055287 |
|  4 | rahul |  22 | M      | 9368809505 | agra   | NULL         |
+----+-------+-----+--------+------------+--------+--------------+
3 rows in set (0.00 sec)

mysql> select *from school between age(20,21);
ERROR 1064 (42000): You have an error in your SQL syntax; check the manual that corresponds to your MySQL server version for the right syntax to use near 'between age(20,21)' at line 1
mysql> select *from school where (city='mumbai' or city='agra')and(age<=21);
+----+-------+-----+--------+------------+--------+--------------+
| id | name  | age | gender | phone      | city   | uid          |
+----+-------+-----+--------+------------+--------+--------------+
|  2 | rahul |  21 | M      | 9368809503 | mumbai | 237373055287 |
|  3 | rahul |  21 | M      | 9368809504 | agra   | 237373055287 |
+----+-------+-----+--------+------------+--------+--------------+
2 rows in set (0.00 sec)

mysql> select *from school where not city='agra' or city='mumbai';
+----+-------+-----+--------+------------+--------+--------------+
| id | name  | age | gender | phone      | city   | uid          |
+----+-------+-----+--------+------------+--------+--------------+
|  2 | rahul |  21 | M      | 9368809503 | mumbai | 237373055287 |
+----+-------+-----+--------+------------+--------+--------------+
1 row in set (0.00 sec)

mysql> select *from school where not (city='agra' or city='mumbai');
Empty set (0.00 sec)

mysql> insert into school(id,name,age,gender,phone,city)values(8,'gaurav',25,'M','7878787878','jaipur'),(9,'saurav',25,'M','7878787879','sasni')
    -> insert into school(id,name,age,gender,phone,city)values(8,'gaurav',25,'M','7878787878','jaipur'),(9,'saurav',25,'M','7878787879','sasni');
ERROR 1064 (42000): You have an error in your SQL syntax; check the manual that corresponds to your MySQL server version for the right syntax to use near 'insert into school(id,name,age,gender,phone,city)values(8,'gaurav',25,'M','78787' at line 2
mysql> insert into school(id,name,age,gender,phone,city)values(8,'gaurav',25,'M','7878787878','jaipur'),(9,'saurav',25,'M','7878787879','sasni');
Query OK, 2 rows affected (0.59 sec)
Records: 2  Duplicates: 0  Warnings: 0

mysql> select *from school where not (city='agra' or city='mumbai');
+----+--------+-----+--------+------------+--------+------+
| id | name   | age | gender | phone      | city   | uid  |
+----+--------+-----+--------+------------+--------+------+
|  8 | gaurav |  25 | M      | 7878787878 | jaipur | NULL |
|  9 | saurav |  25 | M      | 7878787879 | sasni  | NULL |
+----+--------+-----+--------+------------+--------+------+
2 rows in set (0.00 sec)

mysql> select *from school where not (city='agra' or city='mumbai');
+----+--------+-----+--------+------------+--------+------+
| id | name   | age | gender | phone      | city   | uid  |
+----+--------+-----+--------+------------+--------+------+
|  8 | gaurav |  25 | M      | 7878787878 | jaipur | NULL |
|  9 | saurav |  25 | M      | 7878787879 | sasni  | NULL |
+----+--------+-----+--------+------------+--------+------+
2 rows in set (0.00 sec)

mysql> select age from school where age in(20,21);
+-----+
| age |
+-----+
|  21 |
|  21 |
+-----+
2 rows in set (0.00 sec)

mysql> select * from school;
+----+--------+-----+--------+------------+--------+--------------+
| id | name   | age | gender | phone      | city   | uid          |
+----+--------+-----+--------+------------+--------+--------------+
|  2 | rahul  |  21 | M      | 9368809503 | mumbai | 237373055287 |
|  3 | rahul  |  21 | M      | 9368809504 | agra   | 237373055287 |
|  4 | rahul  |  22 | M      | 9368809505 | agra   | NULL         |
|  8 | gaurav |  25 | M      | 7878787878 | jaipur | NULL         |
|  9 | saurav |  25 | M      | 7878787879 | sasni  | NULL         |
+----+--------+-----+--------+------------+--------+--------------+
5 rows in set (0.00 sec)

mysql> select age from school where age in(21,22);
+-----+
| age |
+-----+
|  21 |
|  21 |
|  22 |
+-----+
3 rows in set (0.00 sec)

mysql> select age,gender from school where age in(21,22);
+-----+--------+
| age | gender |
+-----+--------+
|  21 | M      |
|  21 | M      |
|  22 | M      |
+-----+--------+
3 rows in set (0.00 sec)

mysql> select age,gender from school where age in(21,22,25);
+-----+--------+
| age | gender |
+-----+--------+
|  21 | M      |
|  21 | M      |
|  22 | M      |
|  25 | M      |
|  25 | M      |
+-----+--------+
5 rows in set (0.00 sec)

mysql> select age,gender from school where age not in(21,22,25);
Empty set (0.00 sec)

mysql> select age,gender from school where age not in(21,22);
+-----+--------+
| age | gender |
+-----+--------+
|  25 | M      |
|  25 | M      |
+-----+--------+
2 rows in set (0.00 sec)

mysql> select age,gender from school where gender  in('M');
+-----+--------+
| age | gender |
+-----+--------+
|  21 | M      |
|  21 | M      |
|  22 | M      |
|  25 | M      |
|  25 | M      |
+-----+--------+
5 rows in set (0.07 sec)

mysql> select *from school;
+----+--------+-----+--------+------------+--------+--------------+
| id | name   | age | gender | phone      | city   | uid          |
+----+--------+-----+--------+------------+--------+--------------+
|  2 | rahul  |  21 | M      | 9368809503 | mumbai | 237373055287 |
|  3 | rahul  |  21 | M      | 9368809504 | agra   | 237373055287 |
|  4 | rahul  |  22 | M      | 9368809505 | agra   | NULL         |
|  8 | gaurav |  25 | M      | 7878787878 | jaipur | NULL         |
|  9 | saurav |  25 | M      | 7878787879 | sasni  | NULL         |
+----+--------+-----+--------+------------+--------+--------------+
5 rows in set (0.00 sec)

mysql> select *from school age between (21,22,25);
ERROR 1064 (42000): You have an error in your SQL syntax; check the manual that corresponds to your MySQL server version for the right syntax to use near 'between (21,22,25)' at line 1
mysql> select *from school age between (21 and 25);
ERROR 1064 (42000): You have an error in your SQL syntax; check the manual that corresponds to your MySQL server version for the right syntax to use near 'between (21 and 25)' at line 1
mysql> select *from school age between 21 and 25;
ERROR 1064 (42000): You have an error in your SQL syntax; check the manual that corresponds to your MySQL server version for the right syntax to use near 'between 21 and 25' at line 1
mysql> select *from school where age between 21 and 25;
+----+--------+-----+--------+------------+--------+--------------+
| id | name   | age | gender | phone      | city   | uid          |
+----+--------+-----+--------+------------+--------+--------------+
|  2 | rahul  |  21 | M      | 9368809503 | mumbai | 237373055287 |
|  3 | rahul  |  21 | M      | 9368809504 | agra   | 237373055287 |
|  4 | rahul  |  22 | M      | 9368809505 | agra   | NULL         |
|  8 | gaurav |  25 | M      | 7878787878 | jaipur | NULL         |
|  9 | saurav |  25 | M      | 7878787879 | sasni  | NULL         |
+----+--------+-----+--------+------------+--------+--------------+
5 rows in set (0.00 sec)

mysql> select *from school where name between 'gaurav' and 'saurav';
+----+--------+-----+--------+------------+--------+--------------+
| id | name   | age | gender | phone      | city   | uid          |
+----+--------+-----+--------+------------+--------+--------------+
|  2 | rahul  |  21 | M      | 9368809503 | mumbai | 237373055287 |
|  3 | rahul  |  21 | M      | 9368809504 | agra   | 237373055287 |
|  4 | rahul  |  22 | M      | 9368809505 | agra   | NULL         |
|  8 | gaurav |  25 | M      | 7878787878 | jaipur | NULL         |
|  9 | saurav |  25 | M      | 7878787879 | sasni  | NULL         |
+----+--------+-----+--------+------------+--------+--------------+
5 rows in set (0.00 sec)

mysql> select *from school where name between 'rahul' and 'gaurav';
Empty set (0.00 sec)

mysql> select *from school where name between 'rahul' and 'saurav';
+----+--------+-----+--------+------------+--------+--------------+
| id | name   | age | gender | phone      | city   | uid          |
+----+--------+-----+--------+------------+--------+--------------+
|  2 | rahul  |  21 | M      | 9368809503 | mumbai | 237373055287 |
|  3 | rahul  |  21 | M      | 9368809504 | agra   | 237373055287 |
|  4 | rahul  |  22 | M      | 9368809505 | agra   | NULL         |
|  9 | saurav |  25 | M      | 7878787879 | sasni  | NULL         |
+----+--------+-----+--------+------------+--------+--------------+
4 rows in set (0.00 sec)

mysql> select *from school where age between 22 and 25;
+----+--------+-----+--------+------------+--------+------+
| id | name   | age | gender | phone      | city   | uid  |
+----+--------+-----+--------+------------+--------+------+
|  4 | rahul  |  22 | M      | 9368809505 | agra   | NULL |
|  8 | gaurav |  25 | M      | 7878787878 | jaipur | NULL |
|  9 | saurav |  25 | M      | 7878787879 | sasni  | NULL |
+----+--------+-----+--------+------------+--------+------+
3 rows in set (0.00 sec)

mysql> select *from school where age not  between 22 and 25;
+----+-------+-----+--------+------------+--------+--------------+
| id | name  | age | gender | phone      | city   | uid          |
+----+-------+-----+--------+------------+--------+--------------+
|  2 | rahul |  21 | M      | 9368809503 | mumbai | 237373055287 |
|  3 | rahul |  21 | M      | 9368809504 | agra   | 237373055287 |
+----+-------+-----+--------+------------+--------+--------------+
2 rows in set (0.00 sec)

mysql> insert into school(id,name,age,gender,phone,city)values(8,'gaurav',25,'M','7878787878','jaipur'),(10,'aaurav',25,'M','9878787879','sasni');
ERROR 1062 (23000): Duplicate entry '8' for key 'school.id'
mysql> insert into school(id,name,age,gender,phone,city)values(11,'maurav',25,'M','9878787870','jaipur'),(10,'aaurav',25,'M','9878787879','sasni');
Query OK, 2 rows affected (0.13 sec)
Records: 2  Duplicates: 0  Warnings: 0

mysql> select *from school;
+----+--------+-----+--------+------------+--------+--------------+
| id | name   | age | gender | phone      | city   | uid          |
+----+--------+-----+--------+------------+--------+--------------+
|  2 | rahul  |  21 | M      | 9368809503 | mumbai | 237373055287 |
|  3 | rahul  |  21 | M      | 9368809504 | agra   | 237373055287 |
|  4 | rahul  |  22 | M      | 9368809505 | agra   | NULL         |
|  8 | gaurav |  25 | M      | 7878787878 | jaipur | NULL         |
|  9 | saurav |  25 | M      | 7878787879 | sasni  | NULL         |
| 10 | aaurav |  25 | M      | 9878787879 | sasni  | NULL         |
| 11 | maurav |  25 | M      | 9878787870 | jaipur | NULL         |
+----+--------+-----+--------+------------+--------+--------------+
7 rows in set (0.00 sec)

mysql> select *from school where like 'a%';
ERROR 1064 (42000): You have an error in your SQL syntax; check the manual that corresponds to your MySQL server version for the right syntax to use near 'like 'a%'' at line 1
mysql> select *from school where name like 'a%';
+----+--------+-----+--------+------------+-------+------+
| id | name   | age | gender | phone      | city  | uid  |
+----+--------+-----+--------+------------+-------+------+
| 10 | aaurav |  25 | M      | 9878787879 | sasni | NULL |
+----+--------+-----+--------+------------+-------+------+
1 row in set (0.10 sec)

mysql> select *from school where name like 'a%a';
Empty set (0.00 sec)

mysql> update school set name='aaurava' where name='aaurav';
Query OK, 1 row affected (0.11 sec)
Rows matched: 1  Changed: 1  Warnings: 0

mysql> select *from school where name like 'a%a';
+----+---------+-----+--------+------------+-------+------+
| id | name    | age | gender | phone      | city  | uid  |
+----+---------+-----+--------+------------+-------+------+
| 10 | aaurava |  25 | M      | 9878787879 | sasni | NULL |
+----+---------+-----+--------+------------+-------+------+
1 row in set (0.00 sec)

mysql> select *from school where name like '%ur%';
+----+---------+-----+--------+------------+--------+------+
| id | name    | age | gender | phone      | city   | uid  |
+----+---------+-----+--------+------------+--------+------+
|  8 | gaurav  |  25 | M      | 7878787878 | jaipur | NULL |
|  9 | saurav  |  25 | M      | 7878787879 | sasni  | NULL |
| 10 | aaurava |  25 | M      | 9878787879 | sasni  | NULL |
| 11 | maurav  |  25 | M      | 9878787870 | jaipur | NULL |
+----+---------+-----+--------+------------+--------+------+
4 rows in set (0.00 sec)

mysql> select *from school where name like '%a%a';
+----+---------+-----+--------+------------+-------+------+
| id | name    | age | gender | phone      | city  | uid  |
+----+---------+-----+--------+------------+-------+------+
| 10 | aaurava |  25 | M      | 9878787879 | sasni | NULL |
+----+---------+-----+--------+------------+-------+------+
1 row in set (0.00 sec)

mysql> select *from school where name like '_a%';
+----+---------+-----+--------+------------+--------+--------------+
| id | name    | age | gender | phone      | city   | uid          |
+----+---------+-----+--------+------------+--------+--------------+
|  2 | rahul   |  21 | M      | 9368809503 | mumbai | 237373055287 |
|  3 | rahul   |  21 | M      | 9368809504 | agra   | 237373055287 |
|  4 | rahul   |  22 | M      | 9368809505 | agra   | NULL         |
|  8 | gaurav  |  25 | M      | 7878787878 | jaipur | NULL         |
|  9 | saurav  |  25 | M      | 7878787879 | sasni  | NULL         |
| 10 | aaurava |  25 | M      | 9878787879 | sasni  | NULL         |
| 11 | maurav  |  25 | M      | 9878787870 | jaipur | NULL         |
+----+---------+-----+--------+------------+--------+--------------+
7 rows in set (0.00 sec)

mysql> select *from school where name like '_au%';
+----+---------+-----+--------+------------+--------+------+
| id | name    | age | gender | phone      | city   | uid  |
+----+---------+-----+--------+------------+--------+------+
|  8 | gaurav  |  25 | M      | 7878787878 | jaipur | NULL |
|  9 | saurav  |  25 | M      | 7878787879 | sasni  | NULL |
| 10 | aaurava |  25 | M      | 9878787879 | sasni  | NULL |
| 11 | maurav  |  25 | M      | 9878787870 | jaipur | NULL |
+----+---------+-----+--------+------------+--------+------+
4 rows in set (0.00 sec)

mysql> select *from school where name not like '_au%';
+----+-------+-----+--------+------------+--------+--------------+
| id | name  | age | gender | phone      | city   | uid          |
+----+-------+-----+--------+------------+--------+--------------+
|  2 | rahul |  21 | M      | 9368809503 | mumbai | 237373055287 |
|  3 | rahul |  21 | M      | 9368809504 | agra   | 237373055287 |
|  4 | rahul |  22 | M      | 9368809505 | agra   | NULL         |
+----+-------+-----+--------+------------+--------+--------------+
3 rows in set (0.00 sec)

mysql>Enter password: ****
Welcome to the MySQL monitor.  Commands end with ; or \g.
Your MySQL connection id is 8
Server version: 9.0.1 MySQL Community Server - GPL

Copyright (c) 2000, 2024, Oracle and/or its affiliates.

Oracle is a registered trademark of Oracle Corporation and/or its
affiliates. Other names may be trademarks of their respective
owners.

Type 'help;' or '\h' for help. Type '\c' to clear the current input statement.

mysql> show databases;
+--------------------+
| Database           |
+--------------------+
| capegemini         |
| college            |
| college1           |
| information_schema |
| mysql              |
| performance_schema |
| sys                |
+--------------------+
7 rows in set (0.26 sec)

mysql> use college1;
Database changed
mysql> show tables;
+--------------------+
| Tables_in_college1 |
+--------------------+
| payment            |
| student1           |
+--------------------+
2 rows in set (3.00 sec)

mysql> select *from payement;
ERROR 1146 (42S02): Table 'college1.payement' doesn't exist
mysql> select *from payment;
+---------+-----------+---------------+-----------+
| cust_id | cust_name | cust_mode_pay | cust_city |
+---------+-----------+---------------+-----------+
|     101 | harish    | netbanking    | mumbai    |
|     102 | rohit     | creditcard    | delhi     |
|     103 | rahul     | creditcard    | delhi     |
|     104 | Amit      | debitcard     | bangalore |
|     105 | Suresh    | netbanking    | pune      |
|     106 | Rakesh    | creditcard    | kolkata   |
|     107 | Priya     | debitcard     | chennai   |
|     108 | Kavita    | netbanking    | mumbai    |
|     109 | Anil      | creditcard    | hyderabad |
+---------+-----------+---------------+-----------+
9 rows in set (0.21 sec)

mysql> select cust_mode_pay,count(*)from payment where cust_city='mumbai' group by(cust_mode_pay);
+---------------+----------+
| cust_mode_pay | count(*) |
+---------------+----------+
| netbanking    |        2 |
+---------------+----------+
1 row in set (1.69 sec)

mysql> select cust_mode_pay,count(*)from payment where cust_city='mumbai' group by(cust_mode_pay) order;
ERROR 1064 (42000): You have an error in your SQL syntax; check the manual that corresponds to your MySQL server version for the right syntax to use near '' at line 1
mysql> select cust_mode_pay,count(*)from payment where cust_city='mumbai' group by(cust_mode_pay) order by;
ERROR 1064 (42000): You have an error in your SQL syntax; check the manual that corresponds to your MySQL server version for the right syntax to use near '' at line 1
mysql> select cust_mode_pay,count(*)from payment where cust_city='mumbai' group by(cust_mode_pay) limit 1;
+---------------+----------+
| cust_mode_pay | count(*) |
+---------------+----------+
| netbanking    |        2 |
+---------------+----------+
1 row in set (0.00 sec)

mysql> select cust_mode_pay,count(*)from payment where cust_city='mumbai' group by(cust_mode_pay) limit 1 offset 1;
Empty set (0.00 sec)

mysql> select cust_mode_pay,count(*)from payment group by(cust_mode_pay);
+---------------+----------+
| cust_mode_pay | count(*) |
+---------------+----------+
| netbanking    |        3 |
| creditcard    |        4 |
| debitcard     |        2 |
+---------------+----------+
3 rows in set (0.00 sec)

mysql> select cust_mode_pay,count(*)from payment group by(cust_mode_pay) limit 2;
+---------------+----------+
| cust_mode_pay | count(*) |
+---------------+----------+
| netbanking    |        3 |
| creditcard    |        4 |
+---------------+----------+
2 rows in set (0.00 sec)

mysql> select cust_mode_pay,count(*)from payment group by(cust_mode_pay) limit 1;
+---------------+----------+
| cust_mode_pay | count(*) |
+---------------+----------+
| netbanking    |        3 |
+---------------+----------+
1 row in set (0.00 sec)

mysql> select cust_mode_pay,count(*)from payment group by(cust_mode_pay) limit 3;
+---------------+----------+
| cust_mode_pay | count(*) |
+---------------+----------+
| netbanking    |        3 |
| creditcard    |        4 |
| debitcard     |        2 |
+---------------+----------+
3 rows in set (0.00 sec)

mysql> select cust_mode_pay,count(*)from payment group by(cust_mode_pay) limit 3 offset 1;
+---------------+----------+
| cust_mode_pay | count(*) |
+---------------+----------+
| creditcard    |        4 |
| debitcard     |        2 |
+---------------+----------+
2 rows in set (0.00 sec)

mysql> select cust_mode_pay,count(*)from payment group by(cust_mode_pay) limit 3 offset 2;
+---------------+----------+
| cust_mode_pay | count(*) |
+---------------+----------+
| debitcard     |        2 |
+---------------+----------+
1 row in set (0.00 sec)

mysql> select cust_mode_pay,count(*)from payment group by(cust_mode_pay) having city='mumbai' limit 3 offset 2;
ERROR 1054 (42S22): Unknown column 'city' in 'having clause'
mysql> select cust_mode_pay,count(*)from payment group by(cust_mode_pay) having by city='mumbai' limit 3 offset 2;
ERROR 1064 (42000): You have an error in your SQL syntax; check the manual that corresponds to your MySQL server version for the right syntax to use near 'by city='mumbai' limit 3 offset 2' at line 1
mysql> select cust_mode_pay,count(*)from payment group by(cust_mode_pay) limit 3 offset 2;
+---------------+----------+
| cust_mode_pay | count(*) |
+---------------+----------+
| debitcard     |        2 |
+---------------+----------+
1 row in set (0.00 sec)

mysql> select cust_mode_pay,count(*)from payment group by(cust_mode_pay) order by city limit 3 offset 2;
ERROR 1054 (42S22): Unknown column 'city' in 'order clause'
mysql> select cust_mode_pay,count(*)from payment group by(cust_mode_pay) order by cust_city limit 3 offset 2;
ERROR 1055 (42000): Expression #1 of ORDER BY clause is not in GROUP BY clause and contains nonaggregated column 'college1.payment.cust_city' which is not functionally dependent on columns in GROUP BY clause; this is incompatible with sql_mode=only_full_group_by
mysql> select cust_mode_pay,count(*)from payment group by(cust_mode_pay) order by cust_city desc limit 3 offset 2;
ERROR 1055 (42000): Expression #1 of ORDER BY clause is not in GROUP BY clause and contains nonaggregated column 'college1.payment.cust_city' which is not functionally dependent on columns in GROUP BY clause; this is incompatible with sql_mode=only_full_group_by
mysql> create table personal(id int,name varchar(50),birth_date DATE,phone varchar(90),gender varchar(1));
Query OK, 0 rows affected (3.26 sec)

mysql> show tables;
+--------------------+
| Tables_in_college1 |
+--------------------+
| payment            |
| personal           |
| student1           |
+--------------------+
3 rows in set (0.00 sec)

mysql> desc personal;
+------------+-------------+------+-----+---------+-------+
| Field      | Type        | Null | Key | Default | Extra |
+------------+-------------+------+-----+---------+-------+
| id         | int         | YES  |     | NULL    |       |
| name       | varchar(50) | YES  |     | NULL    |       |
| birth_date | date        | YES  |     | NULL    |       |
| phone      | varchar(90) | YES  |     | NULL    |       |
| gender     | varchar(1)  | YES  |     | NULL    |       |
+------------+-------------+------+-----+---------+-------+
5 rows in set (0.14 sec)

mysql> insert into personal(id,name,birth_date,phone,gender)values(12,'rahul','1990-07-15','9368809502','M');
Query OK, 1 row affected (0.19 sec)

mysql> select *from personal;
+------+-------+------------+------------+--------+
| id   | name  | birth_date | phone      | gender |
+------+-------+------------+------------+--------+
|   12 | rahul | 1990-07-15 | 9368809502 | M      |
+------+-------+------------+------------+--------+
1 row in set (0.00 sec)

mysql> insert into personal(id,name,birth_date,phone,gender)values(13,'sudama','1990-07-15','9368809503','M');
Query OK, 1 row affected (0.19 sec)

mysql> insert into personal(id,name,birth_date,phone,gender)values(14,'sudam','1990-07-15','9368809503','F');
Query OK, 1 row affected (0.15 sec)

mysql> select *from personal;
+------+--------+------------+------------+--------+
| id   | name   | birth_date | phone      | gender |
+------+--------+------------+------------+--------+
|   12 | rahul  | 1990-07-15 | 9368809502 | M      |
|   13 | sudama | 1990-07-15 | 9368809503 | M      |
|   14 | sudam  | 1990-07-15 | 9368809503 | F      |
+------+--------+------------+------------+--------+
3 rows in set (0.00 sec)

mysql> insert into personal(id,name,birth_date,phone,gender)values(12,'rahul','1990-07-15','9368809502','M'),(15,'manish',1992-08-16','8881234540','M'),(16,'bajanti','2002-08-08','7500011122','F');
    '> insert into personal(id,name,birth_date,phone,gender)values(12,'rahul','1990-07-15','9368809502','M'),(15,'manish',1992-08-16','8881234540','M'),(16,'bajanti','2002-08-08','7500011122','F');
ERROR 1064 (42000): You have an error in your SQL syntax; check the manual that corresponds to your MySQL server version for the right syntax to use near '','8881234540','M'),(16,'bajanti','2002-08-08','7500011122','F');
insert into pe' at line 1
mysql> select *from personal;
+------+--------+------------+------------+--------+
| id   | name   | birth_date | phone      | gender |
+------+--------+------------+------------+--------+
|   12 | rahul  | 1990-07-15 | 9368809502 | M      |
|   13 | sudama | 1990-07-15 | 9368809503 | M      |
|   14 | sudam  | 1990-07-15 | 9368809503 | F      |
+------+--------+------------+------------+--------+
3 rows in set (0.00 sec)

mysql> insert into personal(id,name,birth_date,phone,gender)values(12,'rahul','1990-07-15','9368809502','M'),(15,'manish',1992-08-16','8881234540','M'),(16,'bajanti','2002-08-08','7500011122','F');
    '> insert into personal(id,name,birth_date,phone,gender)values(12,'rahul','1990-07-15','9368809502','M'),(15,'manish',1992-08-16','8881234540','M'),(16,'bajanti','2002-08-08','7500011122','F');
ERROR 1064 (42000): You have an error in your SQL syntax; check the manual that corresponds to your MySQL server version for the right syntax to use near '','8881234540','M'),(16,'bajanti','2002-08-08','7500011122','F');
insert into pe' at line 1
mysql> insert into personal(id,name,birth_date,phone,gender)values(12,'rahul','1990-07-15','9368809502','M'),(15,'manish',1992-08-16','8881234540','M'),(16,'bajanti','2002-08-08','7500011122','F');
    '> insert into personal(id,name,birth_date,phone,gender)values(12,'rahul','1990-07-15','9368809502','M'),(15,'manish',1992-08-16','8881234540','M'),(16,'bajanti','2002-08-08','7500011122','F');
ERROR 1064 (42000): You have an error in your SQL syntax; check the manual that corresponds to your MySQL server version for the right syntax to use near '','8881234540','M'),(16,'bajanti','2002-08-08','7500011122','F');
insert into pe' at line 1
mysql> insert into personal(id,name,birth_date,phone,gender)values(18,'raghav','2003-08-08','9557412342','F'),(19,'shubham''2007-09-09',9897390117','J');
    '> insert into personal(id,name,birth_date,phone,gender)values(18,'raghav','2003-08-08','9557412342','F'),(19,'shubham''2007-09-09',9897390117','J');
ERROR 1064 (42000): You have an error in your SQL syntax; check the manual that corresponds to your MySQL server version for the right syntax to use near '','J');
insert into personal(id,name,birth_date,phone,gender)values(18,'raghav',' at line 1
mysql> insert into personal(id,name,birth_date,phone,gender)values(18,'raghav','2003-08-08','9557412342','F'),(19,'shubham''2007-09-09',9897390117','J');
    '> insert into personal(id,name,birth_date,phone,gender)values(18,'raghav','2003-08-08','9557412342','F'),(19,'shubham''2007-09-09','09897390117','J');
    '> insert into personal(id,name,birth_date,phone,gender)values(18,'raghav','2003-08-08','9557412342','F'),(19,'shubham''2007-09-09','09897390117','J');
    '> insert into personal(id,name,birth_date,phone,gender)values(18,'raghav','2003-08-08','9557412342','F'),(19,'shubham''2007-09-09','09897390117','J');
    '> insert into personal(id,name,birth_date,phone,gender)values(18,'raghav','2003-08-08','9557412342','F'),(19,'shubham''2007-09-09','09897390117','J');
    '> insert into personal(id,name,birth_date,phone,gender)values(18,'raghav','2003-08-08','9557412342','F'),(19,'shubham''2007-09-09','09897390117','J');
    '>
    '> insert into personal(id,name,birth_date,phone,gender)values(18,'raghav','2003-08-08','9557412342','F'),(19,'shubham''2007-09-09','09897390117','J');
    '> ^C
mysql> insert into personal(id,name,birth_date,phone,gender)values(18,'raghav','2003-08-08','9557412342','F'),(19,'shubham''2007-09-09','09897390117','J');
ERROR 1136 (21S01): Column count doesn't match value count at row 2
mysql> select *from personal;
+------+--------+------------+------------+--------+
| id   | name   | birth_date | phone      | gender |
+------+--------+------------+------------+--------+
|   12 | rahul  | 1990-07-15 | 9368809502 | M      |
|   13 | sudama | 1990-07-15 | 9368809503 | M      |
|   14 | sudam  | 1990-07-15 | 9368809503 | F      |
+------+--------+------------+------------+--------+
3 rows in set (0.00 sec)

mysql> create table school(id int not null unique,name varchar(50) not null,age int not null check(age >= 18),gender varchar(10) not null,phone varchar(10) not null unique,city varchar(10) not null default 'agra');
Query OK, 0 rows affected (0.85 sec)

mysql> desc school;
+--------+-------------+------+-----+---------+-------+
| Field  | Type        | Null | Key | Default | Extra |
+--------+-------------+------+-----+---------+-------+
| id     | int         | NO   | PRI | NULL    |       |
| name   | varchar(50) | NO   |     | NULL    |       |
| age    | int         | NO   |     | NULL    |       |
| gender | varchar(10) | NO   |     | NULL    |       |
| phone  | varchar(10) | NO   | UNI | NULL    |       |
| city   | varchar(10) | NO   |     | agra    |       |
+--------+-------------+------+-----+---------+-------+
6 rows in set (0.00 sec)

mysql> insert into school(id,name,age,gender,phone,city)values(1,'rahul',21,'M','9368809502','delhi');
Query OK, 1 row affected (1.40 sec)

mysql> insert into school(id,name,age,gender,phone,city)values(2,'rahul',21,'M','9368809502','delhi');
ERROR 1062 (23000): Duplicate entry '9368809502' for key 'school.phone'
mysql> insert into school(id,name,age,gender,phone,city)values(2,'rahul',21,'M','9368809503');
ERROR 1136 (21S01): Column count doesn't match value count at row 1
mysql> insert into school(id,name,age,gender,phone)values(2,'rahul',21,'M','9368809503');
Query OK, 1 row affected (0.13 sec)

mysql> select * from school;
+----+-------+-----+--------+------------+-------+
| id | name  | age | gender | phone      | city  |
+----+-------+-----+--------+------------+-------+
|  1 | rahul |  21 | M      | 9368809502 | delhi |
|  2 | rahul |  21 | M      | 9368809503 | agra  |
+----+-------+-----+--------+------------+-------+
2 rows in set (0.00 sec)

mysql> insert into school(name,age,gender,phone)values('rahul',21,'M','9368809504');
ERROR 1364 (HY000): Field 'id' doesn't have a default value
mysql> insert into school(name,age,gender,phone)values(3,'rahul',21,'M','9368809504');
ERROR 1136 (21S01): Column count doesn't match value count at row 1
mysql> insert into school(id,name,age,gender,phone)values(3,'rahul',21,'M','9368809504');
Query OK, 1 row affected (0.80 sec)

mysql> select * from school;
+----+-------+-----+--------+------------+-------+
| id | name  | age | gender | phone      | city  |
+----+-------+-----+--------+------------+-------+
|  1 | rahul |  21 | M      | 9368809502 | delhi |
|  2 | rahul |  21 | M      | 9368809503 | agra  |
|  3 | rahul |  21 | M      | 9368809504 | agra  |
+----+-------+-----+--------+------------+-------+
3 rows in set (0.00 sec)

mysql> drop table personal;
Query OK, 0 rows affected (0.50 sec)

mysql> show tables;
+--------------------+
| Tables_in_college1 |
+--------------------+
| payment            |
| school             |
| student1           |
+--------------------+
3 rows in set (0.00 sec)

mysql> delete from school where id=1;
Query OK, 1 row affected (0.56 sec)

mysql> drop table personal;
ERROR 1051 (42S02): Unknown table 'college1.personal'
mysql> select * from school;
+----+-------+-----+--------+------------+------+
| id | name  | age | gender | phone      | city |
+----+-------+-----+--------+------------+------+
|  2 | rahul |  21 | M      | 9368809503 | agra |
|  3 | rahul |  21 | M      | 9368809504 | agra |
+----+-------+-----+--------+------------+------+
2 rows in set (0.00 sec)

mysql> alter table school add uid varchar(90);
Query OK, 0 rows affected (0.72 sec)
Records: 0  Duplicates: 0  Warnings: 0

mysql> select * from school;
+----+-------+-----+--------+------------+------+------+
| id | name  | age | gender | phone      | city | uid  |
+----+-------+-----+--------+------------+------+------+
|  2 | rahul |  21 | M      | 9368809503 | agra | NULL |
|  3 | rahul |  21 | M      | 9368809504 | agra | NULL |
+----+-------+-----+--------+------------+------+------+
2 rows in set (0.00 sec)

mysql> insert into school(uid)values('237373055287');
ERROR 1364 (HY000): Field 'id' doesn't have a default value
mysql> update table school set uid='237373055287' where name='rahul';
ERROR 1064 (42000): You have an error in your SQL syntax; check the manual that corresponds to your MySQL server version for the right syntax to use near 'table school set uid='237373055287' where name='rahul'' at line 1
mysql> update  school set uid='237373055287' where name='rahul';
Query OK, 2 rows affected (6.38 sec)
Rows matched: 2  Changed: 2  Warnings: 0

mysql> select * from school;
+----+-------+-----+--------+------------+------+--------------+
| id | name  | age | gender | phone      | city | uid          |
+----+-------+-----+--------+------------+------+--------------+
|  2 | rahul |  21 | M      | 9368809503 | agra | 237373055287 |
|  3 | rahul |  21 | M      | 9368809504 | agra | 237373055287 |
+----+-------+-----+--------+------------+------+--------------+
2 rows in set (0.00 sec)

mysql> insert into school(name,age,gender,phone)values(4,'rahul',15,'M','9368809505');
ERROR 1136 (21S01): Column count doesn't match value count at row 1
mysql> insert into school(id,name,age,gender,phone)values(4,'rahul',15,'M','9368809505');
ERROR 3819 (HY000): Check constraint 'school_chk_1' is violated.
mysql> insert into school(id,name,age,gender,phone)values(4,'rahul',22,'M','9368809505');
Query OK, 1 row affected (0.94 sec)

mysql> select * from school;
+----+-------+-----+--------+------------+------+--------------+
| id | name  | age | gender | phone      | city | uid          |
+----+-------+-----+--------+------------+------+--------------+
|  2 | rahul |  21 | M      | 9368809503 | agra | 237373055287 |
|  3 | rahul |  21 | M      | 9368809504 | agra | 237373055287 |
|  4 | rahul |  22 | M      | 9368809505 | agra | NULL         |
+----+-------+-----+--------+------------+------+--------------+
3 rows in set (0.00 sec)

mysql> select id as ID from school;
+----+
| ID |
+----+
|  2 |
|  3 |
|  4 |
+----+
3 rows in set (0.00 sec)

mysql> select gender as 'gender_name' from school;
+-------------+
| gender_name |
+-------------+
| M           |
| M           |
| M           |
+-------------+
3 rows in set (0.00 sec)

mysql> updat school set city='mumbai' where id=2;
ERROR 1064 (42000): You have an error in your SQL syntax; check the manual that corresponds to your MySQL server version for the right syntax to use near 'updat school set city='mumbai' where id=2' at line 1
mysql> update school set city='mumbai' where id=2;
Query OK, 1 row affected (6.87 sec)
Rows matched: 1  Changed: 1  Warnings: 0

mysql> select city from school where city <> agra;
ERROR 1054 (42S22): Unknown column 'agra' in 'where clause'
mysql> select city from school where city <> city;
Empty set (0.23 sec)

mysql> select city from school where city <> 'agra';
+--------+
| city   |
+--------+
| mumbai |
+--------+
1 row in set (0.00 sec)

mysql> select *from school where id=2 and age<=21;
+----+-------+-----+--------+------------+--------+--------------+
| id | name  | age | gender | phone      | city   | uid          |
+----+-------+-----+--------+------------+--------+--------------+
|  2 | rahul |  21 | M      | 9368809503 | mumbai | 237373055287 |
+----+-------+-----+--------+------------+--------+--------------+
1 row in set (0.00 sec)

mysql> select *from school where id=2 and age<21;
Empty set (0.00 sec)

mysql> select *from school where id=2 and age>=21;
+----+-------+-----+--------+------------+--------+--------------+
| id | name  | age | gender | phone      | city   | uid          |
+----+-------+-----+--------+------------+--------+--------------+
|  2 | rahul |  21 | M      | 9368809503 | mumbai | 237373055287 |
+----+-------+-----+--------+------------+--------+--------------+
1 row in set (0.00 sec)

mysql> select *from school where id=2 and age>=21 and city='agra';
Empty set (0.00 sec)

mysql> select *from school where id=2 or age>=21 and city='agra';
+----+-------+-----+--------+------------+--------+--------------+
| id | name  | age | gender | phone      | city   | uid          |
+----+-------+-----+--------+------------+--------+--------------+
|  2 | rahul |  21 | M      | 9368809503 | mumbai | 237373055287 |
|  3 | rahul |  21 | M      | 9368809504 | agra   | 237373055287 |
|  4 | rahul |  22 | M      | 9368809505 | agra   | NULL         |
+----+-------+-----+--------+------------+--------+--------------+
3 rows in set (0.00 sec)

mysql> select *from school between age(20,21);
ERROR 1064 (42000): You have an error in your SQL syntax; check the manual that corresponds to your MySQL server version for the right syntax to use near 'between age(20,21)' at line 1
mysql> select *from school where (city='mumbai' or city='agra')and(age<=21);
+----+-------+-----+--------+------------+--------+--------------+
| id | name  | age | gender | phone      | city   | uid          |
+----+-------+-----+--------+------------+--------+--------------+
|  2 | rahul |  21 | M      | 9368809503 | mumbai | 237373055287 |
|  3 | rahul |  21 | M      | 9368809504 | agra   | 237373055287 |
+----+-------+-----+--------+------------+--------+--------------+
2 rows in set (0.00 sec)

mysql> select *from school where not city='agra' or city='mumbai';
+----+-------+-----+--------+------------+--------+--------------+
| id | name  | age | gender | phone      | city   | uid          |
+----+-------+-----+--------+------------+--------+--------------+
|  2 | rahul |  21 | M      | 9368809503 | mumbai | 237373055287 |
+----+-------+-----+--------+------------+--------+--------------+
1 row in set (0.00 sec)

mysql> select *from school where not (city='agra' or city='mumbai');
Empty set (0.00 sec)

mysql> insert into school(id,name,age,gender,phone,city)values(8,'gaurav',25,'M','7878787878','jaipur'),(9,'saurav',25,'M','7878787879','sasni')
    -> insert into school(id,name,age,gender,phone,city)values(8,'gaurav',25,'M','7878787878','jaipur'),(9,'saurav',25,'M','7878787879','sasni');
ERROR 1064 (42000): You have an error in your SQL syntax; check the manual that corresponds to your MySQL server version for the right syntax to use near 'insert into school(id,name,age,gender,phone,city)values(8,'gaurav',25,'M','78787' at line 2
mysql> insert into school(id,name,age,gender,phone,city)values(8,'gaurav',25,'M','7878787878','jaipur'),(9,'saurav',25,'M','7878787879','sasni');
Query OK, 2 rows affected (0.59 sec)
Records: 2  Duplicates: 0  Warnings: 0

mysql> select *from school where not (city='agra' or city='mumbai');
+----+--------+-----+--------+------------+--------+------+
| id | name   | age | gender | phone      | city   | uid  |
+----+--------+-----+--------+------------+--------+------+
|  8 | gaurav |  25 | M      | 7878787878 | jaipur | NULL |
|  9 | saurav |  25 | M      | 7878787879 | sasni  | NULL |
+----+--------+-----+--------+------------+--------+------+
2 rows in set (0.00 sec)

mysql> select *from school where not (city='agra' or city='mumbai');
+----+--------+-----+--------+------------+--------+------+
| id | name   | age | gender | phone      | city   | uid  |
+----+--------+-----+--------+------------+--------+------+
|  8 | gaurav |  25 | M      | 7878787878 | jaipur | NULL |
|  9 | saurav |  25 | M      | 7878787879 | sasni  | NULL |
+----+--------+-----+--------+------------+--------+------+
2 rows in set (0.00 sec)

mysql> select age from school where age in(20,21);
+-----+
| age |
+-----+
|  21 |
|  21 |
+-----+
2 rows in set (0.00 sec)

mysql> select * from school;
+----+--------+-----+--------+------------+--------+--------------+
| id | name   | age | gender | phone      | city   | uid          |
+----+--------+-----+--------+------------+--------+--------------+
|  2 | rahul  |  21 | M      | 9368809503 | mumbai | 237373055287 |
|  3 | rahul  |  21 | M      | 9368809504 | agra   | 237373055287 |
|  4 | rahul  |  22 | M      | 9368809505 | agra   | NULL         |
|  8 | gaurav |  25 | M      | 7878787878 | jaipur | NULL         |
|  9 | saurav |  25 | M      | 7878787879 | sasni  | NULL         |
+----+--------+-----+--------+------------+--------+--------------+
5 rows in set (0.00 sec)

mysql> select age from school where age in(21,22);
+-----+
| age |
+-----+
|  21 |
|  21 |
|  22 |
+-----+
3 rows in set (0.00 sec)

mysql> select age,gender from school where age in(21,22);
+-----+--------+
| age | gender |
+-----+--------+
|  21 | M      |
|  21 | M      |
|  22 | M      |
+-----+--------+
3 rows in set (0.00 sec)

mysql> select age,gender from school where age in(21,22,25);
+-----+--------+
| age | gender |
+-----+--------+
|  21 | M      |
|  21 | M      |
|  22 | M      |
|  25 | M      |
|  25 | M      |
+-----+--------+
5 rows in set (0.00 sec)

mysql> select age,gender from school where age not in(21,22,25);
Empty set (0.00 sec)

mysql> select age,gender from school where age not in(21,22);
+-----+--------+
| age | gender |
+-----+--------+
|  25 | M      |
|  25 | M      |
+-----+--------+
2 rows in set (0.00 sec)

mysql> select age,gender from school where gender  in('M');
+-----+--------+
| age | gender |
+-----+--------+
|  21 | M      |
|  21 | M      |
|  22 | M      |
|  25 | M      |
|  25 | M      |
+-----+--------+
5 rows in set (0.07 sec)

mysql> select *from school;
+----+--------+-----+--------+------------+--------+--------------+
| id | name   | age | gender | phone      | city   | uid          |
+----+--------+-----+--------+------------+--------+--------------+
|  2 | rahul  |  21 | M      | 9368809503 | mumbai | 237373055287 |
|  3 | rahul  |  21 | M      | 9368809504 | agra   | 237373055287 |
|  4 | rahul  |  22 | M      | 9368809505 | agra   | NULL         |
|  8 | gaurav |  25 | M      | 7878787878 | jaipur | NULL         |
|  9 | saurav |  25 | M      | 7878787879 | sasni  | NULL         |
+----+--------+-----+--------+------------+--------+--------------+
5 rows in set (0.00 sec)

mysql> select *from school age between (21,22,25);
ERROR 1064 (42000): You have an error in your SQL syntax; check the manual that corresponds to your MySQL server version for the right syntax to use near 'between (21,22,25)' at line 1
mysql> select *from school age between (21 and 25);
ERROR 1064 (42000): You have an error in your SQL syntax; check the manual that corresponds to your MySQL server version for the right syntax to use near 'between (21 and 25)' at line 1
mysql> select *from school age between 21 and 25;
ERROR 1064 (42000): You have an error in your SQL syntax; check the manual that corresponds to your MySQL server version for the right syntax to use near 'between 21 and 25' at line 1
mysql> select *from school where age between 21 and 25;
+----+--------+-----+--------+------------+--------+--------------+
| id | name   | age | gender | phone      | city   | uid          |
+----+--------+-----+--------+------------+--------+--------------+
|  2 | rahul  |  21 | M      | 9368809503 | mumbai | 237373055287 |
|  3 | rahul  |  21 | M      | 9368809504 | agra   | 237373055287 |
|  4 | rahul  |  22 | M      | 9368809505 | agra   | NULL         |
|  8 | gaurav |  25 | M      | 7878787878 | jaipur | NULL         |
|  9 | saurav |  25 | M      | 7878787879 | sasni  | NULL         |
+----+--------+-----+--------+------------+--------+--------------+
5 rows in set (0.00 sec)

mysql> select *from school where name between 'gaurav' and 'saurav';
+----+--------+-----+--------+------------+--------+--------------+
| id | name   | age | gender | phone      | city   | uid          |
+----+--------+-----+--------+------------+--------+--------------+
|  2 | rahul  |  21 | M      | 9368809503 | mumbai | 237373055287 |
|  3 | rahul  |  21 | M      | 9368809504 | agra   | 237373055287 |
|  4 | rahul  |  22 | M      | 9368809505 | agra   | NULL         |
|  8 | gaurav |  25 | M      | 7878787878 | jaipur | NULL         |
|  9 | saurav |  25 | M      | 7878787879 | sasni  | NULL         |
+----+--------+-----+--------+------------+--------+--------------+
5 rows in set (0.00 sec)

mysql> select *from school where name between 'rahul' and 'gaurav';
Empty set (0.00 sec)

mysql> select *from school where name between 'rahul' and 'saurav';
+----+--------+-----+--------+------------+--------+--------------+
| id | name   | age | gender | phone      | city   | uid          |
+----+--------+-----+--------+------------+--------+--------------+
|  2 | rahul  |  21 | M      | 9368809503 | mumbai | 237373055287 |
|  3 | rahul  |  21 | M      | 9368809504 | agra   | 237373055287 |
|  4 | rahul  |  22 | M      | 9368809505 | agra   | NULL         |
|  9 | saurav |  25 | M      | 7878787879 | sasni  | NULL         |
+----+--------+-----+--------+------------+--------+--------------+
4 rows in set (0.00 sec)

mysql> select *from school where age between 22 and 25;
+----+--------+-----+--------+------------+--------+------+
| id | name   | age | gender | phone      | city   | uid  |
+----+--------+-----+--------+------------+--------+------+
|  4 | rahul  |  22 | M      | 9368809505 | agra   | NULL |
|  8 | gaurav |  25 | M      | 7878787878 | jaipur | NULL |
|  9 | saurav |  25 | M      | 7878787879 | sasni  | NULL |
+----+--------+-----+--------+------------+--------+------+
3 rows in set (0.00 sec)

mysql> select *from school where age not  between 22 and 25;
+----+-------+-----+--------+------------+--------+--------------+
| id | name  | age | gender | phone      | city   | uid          |
+----+-------+-----+--------+------------+--------+--------------+
|  2 | rahul |  21 | M      | 9368809503 | mumbai | 237373055287 |
|  3 | rahul |  21 | M      | 9368809504 | agra   | 237373055287 |
+----+-------+-----+--------+------------+--------+--------------+
2 rows in set (0.00 sec)

mysql> insert into school(id,name,age,gender,phone,city)values(8,'gaurav',25,'M','7878787878','jaipur'),(10,'aaurav',25,'M','9878787879','sasni');
ERROR 1062 (23000): Duplicate entry '8' for key 'school.id'
mysql> insert into school(id,name,age,gender,phone,city)values(11,'maurav',25,'M','9878787870','jaipur'),(10,'aaurav',25,'M','9878787879','sasni');
Query OK, 2 rows affected (0.13 sec)
Records: 2  Duplicates: 0  Warnings: 0

mysql> select *from school;
+----+--------+-----+--------+------------+--------+--------------+
| id | name   | age | gender | phone      | city   | uid          |
+----+--------+-----+--------+------------+--------+--------------+
|  2 | rahul  |  21 | M      | 9368809503 | mumbai | 237373055287 |
|  3 | rahul  |  21 | M      | 9368809504 | agra   | 237373055287 |
|  4 | rahul  |  22 | M      | 9368809505 | agra   | NULL         |
|  8 | gaurav |  25 | M      | 7878787878 | jaipur | NULL         |
|  9 | saurav |  25 | M      | 7878787879 | sasni  | NULL         |
| 10 | aaurav |  25 | M      | 9878787879 | sasni  | NULL         |
| 11 | maurav |  25 | M      | 9878787870 | jaipur | NULL         |
+----+--------+-----+--------+------------+--------+--------------+
7 rows in set (0.00 sec)

mysql> select *from school where like 'a%';
ERROR 1064 (42000): You have an error in your SQL syntax; check the manual that corresponds to your MySQL server version for the right syntax to use near 'like 'a%'' at line 1
mysql> select *from school where name like 'a%';
+----+--------+-----+--------+------------+-------+------+
| id | name   | age | gender | phone      | city  | uid  |
+----+--------+-----+--------+------------+-------+------+
| 10 | aaurav |  25 | M      | 9878787879 | sasni | NULL |
+----+--------+-----+--------+------------+-------+------+
1 row in set (0.10 sec)

mysql> select *from school where name like 'a%a';
Empty set (0.00 sec)

mysql> update school set name='aaurava' where name='aaurav';
Query OK, 1 row affected (0.11 sec)
Rows matched: 1  Changed: 1  Warnings: 0

mysql> select *from school where name like 'a%a';
+----+---------+-----+--------+------------+-------+------+
| id | name    | age | gender | phone      | city  | uid  |
+----+---------+-----+--------+------------+-------+------+
| 10 | aaurava |  25 | M      | 9878787879 | sasni | NULL |
+----+---------+-----+--------+------------+-------+------+
1 row in set (0.00 sec)

mysql> select *from school where name like '%ur%';
+----+---------+-----+--------+------------+--------+------+
| id | name    | age | gender | phone      | city   | uid  |
+----+---------+-----+--------+------------+--------+------+
|  8 | gaurav  |  25 | M      | 7878787878 | jaipur | NULL |
|  9 | saurav  |  25 | M      | 7878787879 | sasni  | NULL |
| 10 | aaurava |  25 | M      | 9878787879 | sasni  | NULL |
| 11 | maurav  |  25 | M      | 9878787870 | jaipur | NULL |
+----+---------+-----+--------+------------+--------+------+
4 rows in set (0.00 sec)

mysql> select *from school where name like '%a%a';
+----+---------+-----+--------+------------+-------+------+
| id | name    | age | gender | phone      | city  | uid  |
+----+---------+-----+--------+------------+-------+------+
| 10 | aaurava |  25 | M      | 9878787879 | sasni | NULL |
+----+---------+-----+--------+------------+-------+------+
1 row in set (0.00 sec)

mysql> select *from school where name like '_a%';
+----+---------+-----+--------+------------+--------+--------------+
| id | name    | age | gender | phone      | city   | uid          |
+----+---------+-----+--------+------------+--------+--------------+
|  2 | rahul   |  21 | M      | 9368809503 | mumbai | 237373055287 |
|  3 | rahul   |  21 | M      | 9368809504 | agra   | 237373055287 |
|  4 | rahul   |  22 | M      | 9368809505 | agra   | NULL         |
|  8 | gaurav  |  25 | M      | 7878787878 | jaipur | NULL         |
|  9 | saurav  |  25 | M      | 7878787879 | sasni  | NULL         |
| 10 | aaurava |  25 | M      | 9878787879 | sasni  | NULL         |
| 11 | maurav  |  25 | M      | 9878787870 | jaipur | NULL         |
+----+---------+-----+--------+------------+--------+--------------+
7 rows in set (0.00 sec)

mysql> select *from school where name like '_au%';
+----+---------+-----+--------+------------+--------+------+
| id | name    | age | gender | phone      | city   | uid  |
+----+---------+-----+--------+------------+--------+------+
|  8 | gaurav  |  25 | M      | 7878787878 | jaipur | NULL |
|  9 | saurav  |  25 | M      | 7878787879 | sasni  | NULL |
| 10 | aaurava |  25 | M      | 9878787879 | sasni  | NULL |
| 11 | maurav  |  25 | M      | 9878787870 | jaipur | NULL |
+----+---------+-----+--------+------------+--------+------+
4 rows in set (0.00 sec)

mysql> select *from school where name not like '_au%';
+----+-------+-----+--------+------------+--------+--------------+
| id | name  | age | gender | phone      | city   | uid          |
+----+-------+-----+--------+------------+--------+--------------+
|  2 | rahul |  21 | M      | 9368809503 | mumbai | 237373055287 |
|  3 | rahul |  21 | M      | 9368809504 | agra   | 237373055287 |
|  4 | rahul |  22 | M      | 9368809505 | agra   | NULL         |
+----+-------+-----+--------+------------+--------+--------------+
3 rows in set (0.00 sec)

mysql> insert into school(id,name,age,gender,phone,city)values(12,'gaurav mhboob',25,'M','7878789878','jaipuria'),(11,'anil kapoor',25,'M','9879787879','ssasni');
ERROR 1062 (23000): Duplicate entry '11' for key 'school.id'
mysql> insert into school(id,name,age,gender,phone,city)values(12,'gaurav mhboob',25,'M','7878789878','jaipuria'),(13,'anil kapoor',25,'M','9879787879','ssasni');
Query OK, 2 rows affected (0.14 sec)
Records: 2  Duplicates: 0  Warnings: 0

mysql> select *from school where name not like '_au%';
+----+-------------+-----+--------+------------+--------+--------------+
| id | name        | age | gender | phone      | city   | uid          |
+----+-------------+-----+--------+------------+--------+--------------+
|  2 | rahul       |  21 | M      | 9368809503 | mumbai | 237373055287 |
|  3 | rahul       |  21 | M      | 9368809504 | agra   | 237373055287 |
|  4 | rahul       |  22 | M      | 9368809505 | agra   | NULL         |
| 13 | anil kapoor |  25 | M      | 9879787879 | ssasni | NULL         |
+----+-------------+-----+--------+------------+--------+--------------+
4 rows in set (0.00 sec)

mysql> select *from school;
+----+---------------+-----+--------+------------+----------+--------------+
| id | name          | age | gender | phone      | city     | uid          |
+----+---------------+-----+--------+------------+----------+--------------+
|  2 | rahul         |  21 | M      | 9368809503 | mumbai   | 237373055287 |
|  3 | rahul         |  21 | M      | 9368809504 | agra     | 237373055287 |
|  4 | rahul         |  22 | M      | 9368809505 | agra     | NULL         |
|  8 | gaurav        |  25 | M      | 7878787878 | jaipur   | NULL         |
|  9 | saurav        |  25 | M      | 7878787879 | sasni    | NULL         |
| 10 | aaurava       |  25 | M      | 9878787879 | sasni    | NULL         |
| 11 | maurav        |  25 | M      | 9878787870 | jaipur   | NULL         |
| 12 | gaurav mhboob |  25 | M      | 7878789878 | jaipuria | NULL         |
| 13 | anil kapoor   |  25 | M      | 9879787879 | ssasni   | NULL         |
+----+---------------+-----+--------+------------+----------+--------------+
9 rows in set (0.00 sec)

mysql> select *from school where name regexp 'poor$';
+----+-------------+-----+--------+------------+--------+------+
| id | name        | age | gender | phone      | city   | uid  |
+----+-------------+-----+--------+------------+--------+------+
| 13 | anil kapoor |  25 | M      | 9879787879 | ssasni | NULL |
+----+-------------+-----+--------+------------+--------+------+
1 row in set (0.09 sec)

mysql> select *from school where name regexp 'poor$ | boob';
Empty set (0.00 sec)

mysql> select *from school where name regexp 'poor$ | mhboob';
+----+---------------+-----+--------+------------+----------+------+
| id | name          | age | gender | phone      | city     | uid  |
+----+---------------+-----+--------+------------+----------+------+
| 12 | gaurav mhboob |  25 | M      | 7878789878 | jaipuria | NULL |
+----+---------------+-----+--------+------------+----------+------+
1 row in set (0.00 sec)

mysql> select *from school where name regexp '^or';
Empty set (0.00 sec)

mysql> select *from school where name regexp '^ra';
+----+-------+-----+--------+------------+--------+--------------+
| id | name  | age | gender | phone      | city   | uid          |
+----+-------+-----+--------+------------+--------+--------------+
|  2 | rahul |  21 | M      | 9368809503 | mumbai | 237373055287 |
|  3 | rahul |  21 | M      | 9368809504 | agra   | 237373055287 |
|  4 | rahul |  22 | M      | 9368809505 | agra   | NULL         |
+----+-------+-----+--------+------------+--------+--------------+
3 rows in set (0.00 sec)

mysql> select *from school where name regexp 'ul$';
+----+-------+-----+--------+------------+--------+--------------+
| id | name  | age | gender | phone      | city   | uid          |
+----+-------+-----+--------+------------+--------+--------------+
|  2 | rahul |  21 | M      | 9368809503 | mumbai | 237373055287 |
|  3 | rahul |  21 | M      | 9368809504 | agra   | 237373055287 |
|  4 | rahul |  22 | M      | 9368809505 | agra   | NULL         |
+----+-------+-----+--------+------------+--------+--------------+
3 rows in set (0.00 sec)

mysql> select *from school where name regexp '[rms]';
+----+---------------+-----+--------+------------+----------+--------------+
| id | name          | age | gender | phone      | city     | uid          |
+----+---------------+-----+--------+------------+----------+--------------+
|  2 | rahul         |  21 | M      | 9368809503 | mumbai   | 237373055287 |
|  3 | rahul         |  21 | M      | 9368809504 | agra     | 237373055287 |
|  4 | rahul         |  22 | M      | 9368809505 | agra     | NULL         |
|  8 | gaurav        |  25 | M      | 7878787878 | jaipur   | NULL         |
|  9 | saurav        |  25 | M      | 7878787879 | sasni    | NULL         |
| 10 | aaurava       |  25 | M      | 9878787879 | sasni    | NULL         |
| 11 | maurav        |  25 | M      | 9878787870 | jaipur   | NULL         |
| 12 | gaurav mhboob |  25 | M      | 7878789878 | jaipuria | NULL         |
| 13 | anil kapoor   |  25 | M      | 9879787879 | ssasni   | NULL         |
+----+---------------+-----+--------+------------+----------+--------------+
9 rows in set (0.00 sec)

mysql> select *from school where name regexp '[rm]';
+----+---------------+-----+--------+------------+----------+--------------+
| id | name          | age | gender | phone      | city     | uid          |
+----+---------------+-----+--------+------------+----------+--------------+
|  2 | rahul         |  21 | M      | 9368809503 | mumbai   | 237373055287 |
|  3 | rahul         |  21 | M      | 9368809504 | agra     | 237373055287 |
|  4 | rahul         |  22 | M      | 9368809505 | agra     | NULL         |
|  8 | gaurav        |  25 | M      | 7878787878 | jaipur   | NULL         |
|  9 | saurav        |  25 | M      | 7878787879 | sasni    | NULL         |
| 10 | aaurava       |  25 | M      | 9878787879 | sasni    | NULL         |
| 11 | maurav        |  25 | M      | 9878787870 | jaipur   | NULL         |
| 12 | gaurav mhboob |  25 | M      | 7878789878 | jaipuria | NULL         |
| 13 | anil kapoor   |  25 | M      | 9879787879 | ssasni   | NULL         |
+----+---------------+-----+--------+------------+----------+--------------+
9 rows in set (0.00 sec)

mysql> select *from school where name regexp '[r]';
+----+---------------+-----+--------+------------+----------+--------------+
| id | name          | age | gender | phone      | city     | uid          |
+----+---------------+-----+--------+------------+----------+--------------+
|  2 | rahul         |  21 | M      | 9368809503 | mumbai   | 237373055287 |
|  3 | rahul         |  21 | M      | 9368809504 | agra     | 237373055287 |
|  4 | rahul         |  22 | M      | 9368809505 | agra     | NULL         |
|  8 | gaurav        |  25 | M      | 7878787878 | jaipur   | NULL         |
|  9 | saurav        |  25 | M      | 7878787879 | sasni    | NULL         |
| 10 | aaurava       |  25 | M      | 9878787879 | sasni    | NULL         |
| 11 | maurav        |  25 | M      | 9878787870 | jaipur   | NULL         |
| 12 | gaurav mhboob |  25 | M      | 7878789878 | jaipuria | NULL         |
| 13 | anil kapoor   |  25 | M      | 9879787879 | ssasni   | NULL         |
+----+---------------+-----+--------+------------+----------+--------------+
9 rows in set (0.00 sec)

mysql> select *from school where name regexp '^[r]';
+----+-------+-----+--------+------------+--------+--------------+
| id | name  | age | gender | phone      | city   | uid          |
+----+-------+-----+--------+------------+--------+--------------+
|  2 | rahul |  21 | M      | 9368809503 | mumbai | 237373055287 |
|  3 | rahul |  21 | M      | 9368809504 | agra   | 237373055287 |
|  4 | rahul |  22 | M      | 9368809505 | agra   | NULL         |
+----+-------+-----+--------+------------+--------+--------------+
3 rows in set (0.00 sec)

mysql> select *from school where name regexp '^[rms]';
+----+--------+-----+--------+------------+--------+--------------+
| id | name   | age | gender | phone      | city   | uid          |
+----+--------+-----+--------+------------+--------+--------------+
|  2 | rahul  |  21 | M      | 9368809503 | mumbai | 237373055287 |
|  3 | rahul  |  21 | M      | 9368809504 | agra   | 237373055287 |
|  4 | rahul  |  22 | M      | 9368809505 | agra   | NULL         |
|  9 | saurav |  25 | M      | 7878787879 | sasni  | NULL         |
| 11 | maurav |  25 | M      | 9878787870 | jaipur | NULL         |
+----+--------+-----+--------+------------+--------+--------------+
5 rows in set (0.00 sec)

mysql> select *from school where name regexp '[a-h]e';
Empty set (0.00 sec)

mysql>Enter password: ****
Welcome to the MySQL monitor.  Commands end with ; or \g.
Your MySQL connection id is 8
Server version: 9.0.1 MySQL Community Server - GPL

Copyright (c) 2000, 2024, Oracle and/or its affiliates.

Oracle is a registered trademark of Oracle Corporation and/or its
affiliates. Other names may be trademarks of their respective
owners.

Type 'help;' or '\h' for help. Type '\c' to clear the current input statement.

mysql> show databases;
+--------------------+
| Database           |
+--------------------+
| capegemini         |
| college            |
| college1           |
| information_schema |
| mysql              |
| performance_schema |
| sys                |
+--------------------+
7 rows in set (0.26 sec)

mysql> use college1;
Database changed
mysql> show tables;
+--------------------+
| Tables_in_college1 |
+--------------------+
| payment            |
| student1           |
+--------------------+
2 rows in set (3.00 sec)

mysql> select *from payement;
ERROR 1146 (42S02): Table 'college1.payement' doesn't exist
mysql> select *from payment;
+---------+-----------+---------------+-----------+
| cust_id | cust_name | cust_mode_pay | cust_city |
+---------+-----------+---------------+-----------+
|     101 | harish    | netbanking    | mumbai    |
|     102 | rohit     | creditcard    | delhi     |
|     103 | rahul     | creditcard    | delhi     |
|     104 | Amit      | debitcard     | bangalore |
|     105 | Suresh    | netbanking    | pune      |
|     106 | Rakesh    | creditcard    | kolkata   |
|     107 | Priya     | debitcard     | chennai   |
|     108 | Kavita    | netbanking    | mumbai    |
|     109 | Anil      | creditcard    | hyderabad |
+---------+-----------+---------------+-----------+
9 rows in set (0.21 sec)

mysql> select cust_mode_pay,count(*)from payment where cust_city='mumbai' group by(cust_mode_pay);
+---------------+----------+
| cust_mode_pay | count(*) |
+---------------+----------+
| netbanking    |        2 |
+---------------+----------+
1 row in set (1.69 sec)

mysql> select cust_mode_pay,count(*)from payment where cust_city='mumbai' group by(cust_mode_pay) order;
ERROR 1064 (42000): You have an error in your SQL syntax; check the manual that corresponds to your MySQL server version for the right syntax to use near '' at line 1
mysql> select cust_mode_pay,count(*)from payment where cust_city='mumbai' group by(cust_mode_pay) order by;
ERROR 1064 (42000): You have an error in your SQL syntax; check the manual that corresponds to your MySQL server version for the right syntax to use near '' at line 1
mysql> select cust_mode_pay,count(*)from payment where cust_city='mumbai' group by(cust_mode_pay) limit 1;
+---------------+----------+
| cust_mode_pay | count(*) |
+---------------+----------+
| netbanking    |        2 |
+---------------+----------+
1 row in set (0.00 sec)

mysql> select cust_mode_pay,count(*)from payment where cust_city='mumbai' group by(cust_mode_pay) limit 1 offset 1;
Empty set (0.00 sec)

mysql> select cust_mode_pay,count(*)from payment group by(cust_mode_pay);
+---------------+----------+
| cust_mode_pay | count(*) |
+---------------+----------+
| netbanking    |        3 |
| creditcard    |        4 |
| debitcard     |        2 |
+---------------+----------+
3 rows in set (0.00 sec)

mysql> select cust_mode_pay,count(*)from payment group by(cust_mode_pay) limit 2;
+---------------+----------+
| cust_mode_pay | count(*) |
+---------------+----------+
| netbanking    |        3 |
| creditcard    |        4 |
+---------------+----------+
2 rows in set (0.00 sec)

mysql> select cust_mode_pay,count(*)from payment group by(cust_mode_pay) limit 1;
+---------------+----------+
| cust_mode_pay | count(*) |
+---------------+----------+
| netbanking    |        3 |
+---------------+----------+
1 row in set (0.00 sec)

mysql> select cust_mode_pay,count(*)from payment group by(cust_mode_pay) limit 3;
+---------------+----------+
| cust_mode_pay | count(*) |
+---------------+----------+
| netbanking    |        3 |
| creditcard    |        4 |
| debitcard     |        2 |
+---------------+----------+
3 rows in set (0.00 sec)

mysql> select cust_mode_pay,count(*)from payment group by(cust_mode_pay) limit 3 offset 1;
+---------------+----------+
| cust_mode_pay | count(*) |
+---------------+----------+
| creditcard    |        4 |
| debitcard     |        2 |
+---------------+----------+
2 rows in set (0.00 sec)

mysql> select cust_mode_pay,count(*)from payment group by(cust_mode_pay) limit 3 offset 2;
+---------------+----------+
| cust_mode_pay | count(*) |
+---------------+----------+
| debitcard     |        2 |
+---------------+----------+
1 row in set (0.00 sec)

mysql> select cust_mode_pay,count(*)from payment group by(cust_mode_pay) having city='mumbai' limit 3 offset 2;
ERROR 1054 (42S22): Unknown column 'city' in 'having clause'
mysql> select cust_mode_pay,count(*)from payment group by(cust_mode_pay) having by city='mumbai' limit 3 offset 2;
ERROR 1064 (42000): You have an error in your SQL syntax; check the manual that corresponds to your MySQL server version for the right syntax to use near 'by city='mumbai' limit 3 offset 2' at line 1
mysql> select cust_mode_pay,count(*)from payment group by(cust_mode_pay) limit 3 offset 2;
+---------------+----------+
| cust_mode_pay | count(*) |
+---------------+----------+
| debitcard     |        2 |
+---------------+----------+
1 row in set (0.00 sec)

mysql> select cust_mode_pay,count(*)from payment group by(cust_mode_pay) order by city limit 3 offset 2;
ERROR 1054 (42S22): Unknown column 'city' in 'order clause'
mysql> select cust_mode_pay,count(*)from payment group by(cust_mode_pay) order by cust_city limit 3 offset 2;
ERROR 1055 (42000): Expression #1 of ORDER BY clause is not in GROUP BY clause and contains nonaggregated column 'college1.payment.cust_city' which is not functionally dependent on columns in GROUP BY clause; this is incompatible with sql_mode=only_full_group_by
mysql> select cust_mode_pay,count(*)from payment group by(cust_mode_pay) order by cust_city desc limit 3 offset 2;
ERROR 1055 (42000): Expression #1 of ORDER BY clause is not in GROUP BY clause and contains nonaggregated column 'college1.payment.cust_city' which is not functionally dependent on columns in GROUP BY clause; this is incompatible with sql_mode=only_full_group_by
mysql> create table personal(id int,name varchar(50),birth_date DATE,phone varchar(90),gender varchar(1));
Query OK, 0 rows affected (3.26 sec)

mysql> show tables;
+--------------------+
| Tables_in_college1 |
+--------------------+
| payment            |
| personal           |
| student1           |
+--------------------+
3 rows in set (0.00 sec)

mysql> desc personal;
+------------+-------------+------+-----+---------+-------+
| Field      | Type        | Null | Key | Default | Extra |
+------------+-------------+------+-----+---------+-------+
| id         | int         | YES  |     | NULL    |       |
| name       | varchar(50) | YES  |     | NULL    |       |
| birth_date | date        | YES  |     | NULL    |       |
| phone      | varchar(90) | YES  |     | NULL    |       |
| gender     | varchar(1)  | YES  |     | NULL    |       |
+------------+-------------+------+-----+---------+-------+
5 rows in set (0.14 sec)

mysql> insert into personal(id,name,birth_date,phone,gender)values(12,'rahul','1990-07-15','9368809502','M');
Query OK, 1 row affected (0.19 sec)

mysql> select *from personal;
+------+-------+------------+------------+--------+
| id   | name  | birth_date | phone      | gender |
+------+-------+------------+------------+--------+
|   12 | rahul | 1990-07-15 | 9368809502 | M      |
+------+-------+------------+------------+--------+
1 row in set (0.00 sec)

mysql> insert into personal(id,name,birth_date,phone,gender)values(13,'sudama','1990-07-15','9368809503','M');
Query OK, 1 row affected (0.19 sec)

mysql> insert into personal(id,name,birth_date,phone,gender)values(14,'sudam','1990-07-15','9368809503','F');
Query OK, 1 row affected (0.15 sec)

mysql> select *from personal;
+------+--------+------------+------------+--------+
| id   | name   | birth_date | phone      | gender |
+------+--------+------------+------------+--------+
|   12 | rahul  | 1990-07-15 | 9368809502 | M      |
|   13 | sudama | 1990-07-15 | 9368809503 | M      |
|   14 | sudam  | 1990-07-15 | 9368809503 | F      |
+------+--------+------------+------------+--------+
3 rows in set (0.00 sec)

mysql> insert into personal(id,name,birth_date,phone,gender)values(12,'rahul','1990-07-15','9368809502','M'),(15,'manish',1992-08-16','8881234540','M'),(16,'bajanti','2002-08-08','7500011122','F');
    '> insert into personal(id,name,birth_date,phone,gender)values(12,'rahul','1990-07-15','9368809502','M'),(15,'manish',1992-08-16','8881234540','M'),(16,'bajanti','2002-08-08','7500011122','F');
ERROR 1064 (42000): You have an error in your SQL syntax; check the manual that corresponds to your MySQL server version for the right syntax to use near '','8881234540','M'),(16,'bajanti','2002-08-08','7500011122','F');
insert into pe' at line 1
mysql> select *from personal;
+------+--------+------------+------------+--------+
| id   | name   | birth_date | phone      | gender |
+------+--------+------------+------------+--------+
|   12 | rahul  | 1990-07-15 | 9368809502 | M      |
|   13 | sudama | 1990-07-15 | 9368809503 | M      |
|   14 | sudam  | 1990-07-15 | 9368809503 | F      |
+------+--------+------------+------------+--------+
3 rows in set (0.00 sec)

mysql> insert into personal(id,name,birth_date,phone,gender)values(12,'rahul','1990-07-15','9368809502','M'),(15,'manish',1992-08-16','8881234540','M'),(16,'bajanti','2002-08-08','7500011122','F');
    '> insert into personal(id,name,birth_date,phone,gender)values(12,'rahul','1990-07-15','9368809502','M'),(15,'manish',1992-08-16','8881234540','M'),(16,'bajanti','2002-08-08','7500011122','F');
ERROR 1064 (42000): You have an error in your SQL syntax; check the manual that corresponds to your MySQL server version for the right syntax to use near '','8881234540','M'),(16,'bajanti','2002-08-08','7500011122','F');
insert into pe' at line 1
mysql> insert into personal(id,name,birth_date,phone,gender)values(12,'rahul','1990-07-15','9368809502','M'),(15,'manish',1992-08-16','8881234540','M'),(16,'bajanti','2002-08-08','7500011122','F');
    '> insert into personal(id,name,birth_date,phone,gender)values(12,'rahul','1990-07-15','9368809502','M'),(15,'manish',1992-08-16','8881234540','M'),(16,'bajanti','2002-08-08','7500011122','F');
ERROR 1064 (42000): You have an error in your SQL syntax; check the manual that corresponds to your MySQL server version for the right syntax to use near '','8881234540','M'),(16,'bajanti','2002-08-08','7500011122','F');
insert into pe' at line 1
mysql> insert into personal(id,name,birth_date,phone,gender)values(18,'raghav','2003-08-08','9557412342','F'),(19,'shubham''2007-09-09',9897390117','J');
    '> insert into personal(id,name,birth_date,phone,gender)values(18,'raghav','2003-08-08','9557412342','F'),(19,'shubham''2007-09-09',9897390117','J');
ERROR 1064 (42000): You have an error in your SQL syntax; check the manual that corresponds to your MySQL server version for the right syntax to use near '','J');
insert into personal(id,name,birth_date,phone,gender)values(18,'raghav',' at line 1
mysql> insert into personal(id,name,birth_date,phone,gender)values(18,'raghav','2003-08-08','9557412342','F'),(19,'shubham''2007-09-09',9897390117','J');
    '> insert into personal(id,name,birth_date,phone,gender)values(18,'raghav','2003-08-08','9557412342','F'),(19,'shubham''2007-09-09','09897390117','J');
    '> insert into personal(id,name,birth_date,phone,gender)values(18,'raghav','2003-08-08','9557412342','F'),(19,'shubham''2007-09-09','09897390117','J');
    '> insert into personal(id,name,birth_date,phone,gender)values(18,'raghav','2003-08-08','9557412342','F'),(19,'shubham''2007-09-09','09897390117','J');
    '> insert into personal(id,name,birth_date,phone,gender)values(18,'raghav','2003-08-08','9557412342','F'),(19,'shubham''2007-09-09','09897390117','J');
    '> insert into personal(id,name,birth_date,phone,gender)values(18,'raghav','2003-08-08','9557412342','F'),(19,'shubham''2007-09-09','09897390117','J');
    '>
    '> insert into personal(id,name,birth_date,phone,gender)values(18,'raghav','2003-08-08','9557412342','F'),(19,'shubham''2007-09-09','09897390117','J');
    '> ^C
mysql> insert into personal(id,name,birth_date,phone,gender)values(18,'raghav','2003-08-08','9557412342','F'),(19,'shubham''2007-09-09','09897390117','J');
ERROR 1136 (21S01): Column count doesn't match value count at row 2
mysql> select *from personal;
+------+--------+------------+------------+--------+
| id   | name   | birth_date | phone      | gender |
+------+--------+------------+------------+--------+
|   12 | rahul  | 1990-07-15 | 9368809502 | M      |
|   13 | sudama | 1990-07-15 | 9368809503 | M      |
|   14 | sudam  | 1990-07-15 | 9368809503 | F      |
+------+--------+------------+------------+--------+
3 rows in set (0.00 sec)

mysql> create table school(id int not null unique,name varchar(50) not null,age int not null check(age >= 18),gender varchar(10) not null,phone varchar(10) not null unique,city varchar(10) not null default 'agra');
Query OK, 0 rows affected (0.85 sec)

mysql> desc school;
+--------+-------------+------+-----+---------+-------+
| Field  | Type        | Null | Key | Default | Extra |
+--------+-------------+------+-----+---------+-------+
| id     | int         | NO   | PRI | NULL    |       |
| name   | varchar(50) | NO   |     | NULL    |       |
| age    | int         | NO   |     | NULL    |       |
| gender | varchar(10) | NO   |     | NULL    |       |
| phone  | varchar(10) | NO   | UNI | NULL    |       |
| city   | varchar(10) | NO   |     | agra    |       |
+--------+-------------+------+-----+---------+-------+
6 rows in set (0.00 sec)

mysql> insert into school(id,name,age,gender,phone,city)values(1,'rahul',21,'M','9368809502','delhi');
Query OK, 1 row affected (1.40 sec)

mysql> insert into school(id,name,age,gender,phone,city)values(2,'rahul',21,'M','9368809502','delhi');
ERROR 1062 (23000): Duplicate entry '9368809502' for key 'school.phone'
mysql> insert into school(id,name,age,gender,phone,city)values(2,'rahul',21,'M','9368809503');
ERROR 1136 (21S01): Column count doesn't match value count at row 1
mysql> insert into school(id,name,age,gender,phone)values(2,'rahul',21,'M','9368809503');
Query OK, 1 row affected (0.13 sec)

mysql> select * from school;
+----+-------+-----+--------+------------+-------+
| id | name  | age | gender | phone      | city  |
+----+-------+-----+--------+------------+-------+
|  1 | rahul |  21 | M      | 9368809502 | delhi |
|  2 | rahul |  21 | M      | 9368809503 | agra  |
+----+-------+-----+--------+------------+-------+
2 rows in set (0.00 sec)

mysql> insert into school(name,age,gender,phone)values('rahul',21,'M','9368809504');
ERROR 1364 (HY000): Field 'id' doesn't have a default value
mysql> insert into school(name,age,gender,phone)values(3,'rahul',21,'M','9368809504');
ERROR 1136 (21S01): Column count doesn't match value count at row 1
mysql> insert into school(id,name,age,gender,phone)values(3,'rahul',21,'M','9368809504');
Query OK, 1 row affected (0.80 sec)

mysql> select * from school;
+----+-------+-----+--------+------------+-------+
| id | name  | age | gender | phone      | city  |
+----+-------+-----+--------+------------+-------+
|  1 | rahul |  21 | M      | 9368809502 | delhi |
|  2 | rahul |  21 | M      | 9368809503 | agra  |
|  3 | rahul |  21 | M      | 9368809504 | agra  |
+----+-------+-----+--------+------------+-------+
3 rows in set (0.00 sec)

mysql> drop table personal;
Query OK, 0 rows affected (0.50 sec)

mysql> show tables;
+--------------------+
| Tables_in_college1 |
+--------------------+
| payment            |
| school             |
| student1           |
+--------------------+
3 rows in set (0.00 sec)

mysql> delete from school where id=1;
Query OK, 1 row affected (0.56 sec)

mysql> drop table personal;
ERROR 1051 (42S02): Unknown table 'college1.personal'
mysql> select * from school;
+----+-------+-----+--------+------------+------+
| id | name  | age | gender | phone      | city |
+----+-------+-----+--------+------------+------+
|  2 | rahul |  21 | M      | 9368809503 | agra |
|  3 | rahul |  21 | M      | 9368809504 | agra |
+----+-------+-----+--------+------------+------+
2 rows in set (0.00 sec)

mysql> alter table school add uid varchar(90);
Query OK, 0 rows affected (0.72 sec)
Records: 0  Duplicates: 0  Warnings: 0

mysql> select * from school;
+----+-------+-----+--------+------------+------+------+
| id | name  | age | gender | phone      | city | uid  |
+----+-------+-----+--------+------------+------+------+
|  2 | rahul |  21 | M      | 9368809503 | agra | NULL |
|  3 | rahul |  21 | M      | 9368809504 | agra | NULL |
+----+-------+-----+--------+------------+------+------+
2 rows in set (0.00 sec)

mysql> insert into school(uid)values('237373055287');
ERROR 1364 (HY000): Field 'id' doesn't have a default value
mysql> update table school set uid='237373055287' where name='rahul';
ERROR 1064 (42000): You have an error in your SQL syntax; check the manual that corresponds to your MySQL server version for the right syntax to use near 'table school set uid='237373055287' where name='rahul'' at line 1
mysql> update  school set uid='237373055287' where name='rahul';
Query OK, 2 rows affected (6.38 sec)
Rows matched: 2  Changed: 2  Warnings: 0

mysql> select * from school;
+----+-------+-----+--------+------------+------+--------------+
| id | name  | age | gender | phone      | city | uid          |
+----+-------+-----+--------+------------+------+--------------+
|  2 | rahul |  21 | M      | 9368809503 | agra | 237373055287 |
|  3 | rahul |  21 | M      | 9368809504 | agra | 237373055287 |
+----+-------+-----+--------+------------+------+--------------+
2 rows in set (0.00 sec)

mysql> insert into school(name,age,gender,phone)values(4,'rahul',15,'M','9368809505');
ERROR 1136 (21S01): Column count doesn't match value count at row 1
mysql> insert into school(id,name,age,gender,phone)values(4,'rahul',15,'M','9368809505');
ERROR 3819 (HY000): Check constraint 'school_chk_1' is violated.
mysql> insert into school(id,name,age,gender,phone)values(4,'rahul',22,'M','9368809505');
Query OK, 1 row affected (0.94 sec)

mysql> select * from school;
+----+-------+-----+--------+------------+------+--------------+
| id | name  | age | gender | phone      | city | uid          |
+----+-------+-----+--------+------------+------+--------------+
|  2 | rahul |  21 | M      | 9368809503 | agra | 237373055287 |
|  3 | rahul |  21 | M      | 9368809504 | agra | 237373055287 |
|  4 | rahul |  22 | M      | 9368809505 | agra | NULL         |
+----+-------+-----+--------+------------+------+--------------+
3 rows in set (0.00 sec)

mysql> select id as ID from school;
+----+
| ID |
+----+
|  2 |
|  3 |
|  4 |
+----+
3 rows in set (0.00 sec)

mysql> select gender as 'gender_name' from school;
+-------------+
| gender_name |
+-------------+
| M           |
| M           |
| M           |
+-------------+
3 rows in set (0.00 sec)

mysql> updat school set city='mumbai' where id=2;
ERROR 1064 (42000): You have an error in your SQL syntax; check the manual that corresponds to your MySQL server version for the right syntax to use near 'updat school set city='mumbai' where id=2' at line 1
mysql> update school set city='mumbai' where id=2;
Query OK, 1 row affected (6.87 sec)
Rows matched: 1  Changed: 1  Warnings: 0

mysql> select city from school where city <> agra;
ERROR 1054 (42S22): Unknown column 'agra' in 'where clause'
mysql> select city from school where city <> city;
Empty set (0.23 sec)

mysql> select city from school where city <> 'agra';
+--------+
| city   |
+--------+
| mumbai |
+--------+
1 row in set (0.00 sec)

mysql> select *from school where id=2 and age<=21;
+----+-------+-----+--------+------------+--------+--------------+
| id | name  | age | gender | phone      | city   | uid          |
+----+-------+-----+--------+------------+--------+--------------+
|  2 | rahul |  21 | M      | 9368809503 | mumbai | 237373055287 |
+----+-------+-----+--------+------------+--------+--------------+
1 row in set (0.00 sec)

mysql> select *from school where id=2 and age<21;
Empty set (0.00 sec)

mysql> select *from school where id=2 and age>=21;
+----+-------+-----+--------+------------+--------+--------------+
| id | name  | age | gender | phone      | city   | uid          |
+----+-------+-----+--------+------------+--------+--------------+
|  2 | rahul |  21 | M      | 9368809503 | mumbai | 237373055287 |
+----+-------+-----+--------+------------+--------+--------------+
1 row in set (0.00 sec)

mysql> select *from school where id=2 and age>=21 and city='agra';
Empty set (0.00 sec)

mysql> select *from school where id=2 or age>=21 and city='agra';
+----+-------+-----+--------+------------+--------+--------------+
| id | name  | age | gender | phone      | city   | uid          |
+----+-------+-----+--------+------------+--------+--------------+
|  2 | rahul |  21 | M      | 9368809503 | mumbai | 237373055287 |
|  3 | rahul |  21 | M      | 9368809504 | agra   | 237373055287 |
|  4 | rahul |  22 | M      | 9368809505 | agra   | NULL         |
+----+-------+-----+--------+------------+--------+--------------+
3 rows in set (0.00 sec)

mysql> select *from school between age(20,21);
ERROR 1064 (42000): You have an error in your SQL syntax; check the manual that corresponds to your MySQL server version for the right syntax to use near 'between age(20,21)' at line 1
mysql> select *from school where (city='mumbai' or city='agra')and(age<=21);
+----+-------+-----+--------+------------+--------+--------------+
| id | name  | age | gender | phone      | city   | uid          |
+----+-------+-----+--------+------------+--------+--------------+
|  2 | rahul |  21 | M      | 9368809503 | mumbai | 237373055287 |
|  3 | rahul |  21 | M      | 9368809504 | agra   | 237373055287 |
+----+-------+-----+--------+------------+--------+--------------+
2 rows in set (0.00 sec)

mysql> select *from school where not city='agra' or city='mumbai';
+----+-------+-----+--------+------------+--------+--------------+
| id | name  | age | gender | phone      | city   | uid          |
+----+-------+-----+--------+------------+--------+--------------+
|  2 | rahul |  21 | M      | 9368809503 | mumbai | 237373055287 |
+----+-------+-----+--------+------------+--------+--------------+
1 row in set (0.00 sec)

mysql> select *from school where not (city='agra' or city='mumbai');
Empty set (0.00 sec)

mysql> insert into school(id,name,age,gender,phone,city)values(8,'gaurav',25,'M','7878787878','jaipur'),(9,'saurav',25,'M','7878787879','sasni')
    -> insert into school(id,name,age,gender,phone,city)values(8,'gaurav',25,'M','7878787878','jaipur'),(9,'saurav',25,'M','7878787879','sasni');
ERROR 1064 (42000): You have an error in your SQL syntax; check the manual that corresponds to your MySQL server version for the right syntax to use near 'insert into school(id,name,age,gender,phone,city)values(8,'gaurav',25,'M','78787' at line 2
mysql> insert into school(id,name,age,gender,phone,city)values(8,'gaurav',25,'M','7878787878','jaipur'),(9,'saurav',25,'M','7878787879','sasni');
Query OK, 2 rows affected (0.59 sec)
Records: 2  Duplicates: 0  Warnings: 0

mysql> select *from school where not (city='agra' or city='mumbai');
+----+--------+-----+--------+------------+--------+------+
| id | name   | age | gender | phone      | city   | uid  |
+----+--------+-----+--------+------------+--------+------+
|  8 | gaurav |  25 | M      | 7878787878 | jaipur | NULL |
|  9 | saurav |  25 | M      | 7878787879 | sasni  | NULL |
+----+--------+-----+--------+------------+--------+------+
2 rows in set (0.00 sec)

mysql> select *from school where not (city='agra' or city='mumbai');
+----+--------+-----+--------+------------+--------+------+
| id | name   | age | gender | phone      | city   | uid  |
+----+--------+-----+--------+------------+--------+------+
|  8 | gaurav |  25 | M      | 7878787878 | jaipur | NULL |
|  9 | saurav |  25 | M      | 7878787879 | sasni  | NULL |
+----+--------+-----+--------+------------+--------+------+
2 rows in set (0.00 sec)

mysql> select age from school where age in(20,21);
+-----+
| age |
+-----+
|  21 |
|  21 |
+-----+
2 rows in set (0.00 sec)

mysql> select * from school;
+----+--------+-----+--------+------------+--------+--------------+
| id | name   | age | gender | phone      | city   | uid          |
+----+--------+-----+--------+------------+--------+--------------+
|  2 | rahul  |  21 | M      | 9368809503 | mumbai | 237373055287 |
|  3 | rahul  |  21 | M      | 9368809504 | agra   | 237373055287 |
|  4 | rahul  |  22 | M      | 9368809505 | agra   | NULL         |
|  8 | gaurav |  25 | M      | 7878787878 | jaipur | NULL         |
|  9 | saurav |  25 | M      | 7878787879 | sasni  | NULL         |
+----+--------+-----+--------+------------+--------+--------------+
5 rows in set (0.00 sec)

mysql> select age from school where age in(21,22);
+-----+
| age |
+-----+
|  21 |
|  21 |
|  22 |
+-----+
3 rows in set (0.00 sec)

mysql> select age,gender from school where age in(21,22);
+-----+--------+
| age | gender |
+-----+--------+
|  21 | M      |
|  21 | M      |
|  22 | M      |
+-----+--------+
3 rows in set (0.00 sec)

mysql> select age,gender from school where age in(21,22,25);
+-----+--------+
| age | gender |
+-----+--------+
|  21 | M      |
|  21 | M      |
|  22 | M      |
|  25 | M      |
|  25 | M      |
+-----+--------+
5 rows in set (0.00 sec)

mysql> select age,gender from school where age not in(21,22,25);
Empty set (0.00 sec)

mysql> select age,gender from school where age not in(21,22);
+-----+--------+
| age | gender |
+-----+--------+
|  25 | M      |
|  25 | M      |
+-----+--------+
2 rows in set (0.00 sec)

mysql> select age,gender from school where gender  in('M');
+-----+--------+
| age | gender |
+-----+--------+
|  21 | M      |
|  21 | M      |
|  22 | M      |
|  25 | M      |
|  25 | M      |
+-----+--------+
5 rows in set (0.07 sec)

mysql> select *from school;
+----+--------+-----+--------+------------+--------+--------------+
| id | name   | age | gender | phone      | city   | uid          |
+----+--------+-----+--------+------------+--------+--------------+
|  2 | rahul  |  21 | M      | 9368809503 | mumbai | 237373055287 |
|  3 | rahul  |  21 | M      | 9368809504 | agra   | 237373055287 |
|  4 | rahul  |  22 | M      | 9368809505 | agra   | NULL         |
|  8 | gaurav |  25 | M      | 7878787878 | jaipur | NULL         |
|  9 | saurav |  25 | M      | 7878787879 | sasni  | NULL         |
+----+--------+-----+--------+------------+--------+--------------+
5 rows in set (0.00 sec)

mysql> select *from school age between (21,22,25);
ERROR 1064 (42000): You have an error in your SQL syntax; check the manual that corresponds to your MySQL server version for the right syntax to use near 'between (21,22,25)' at line 1
mysql> select *from school age between (21 and 25);
ERROR 1064 (42000): You have an error in your SQL syntax; check the manual that corresponds to your MySQL server version for the right syntax to use near 'between (21 and 25)' at line 1
mysql> select *from school age between 21 and 25;
ERROR 1064 (42000): You have an error in your SQL syntax; check the manual that corresponds to your MySQL server version for the right syntax to use near 'between 21 and 25' at line 1
mysql> select *from school where age between 21 and 25;
+----+--------+-----+--------+------------+--------+--------------+
| id | name   | age | gender | phone      | city   | uid          |
+----+--------+-----+--------+------------+--------+--------------+
|  2 | rahul  |  21 | M      | 9368809503 | mumbai | 237373055287 |
|  3 | rahul  |  21 | M      | 9368809504 | agra   | 237373055287 |
|  4 | rahul  |  22 | M      | 9368809505 | agra   | NULL         |
|  8 | gaurav |  25 | M      | 7878787878 | jaipur | NULL         |
|  9 | saurav |  25 | M      | 7878787879 | sasni  | NULL         |
+----+--------+-----+--------+------------+--------+--------------+
5 rows in set (0.00 sec)

mysql> select *from school where name between 'gaurav' and 'saurav';
+----+--------+-----+--------+------------+--------+--------------+
| id | name   | age | gender | phone      | city   | uid          |
+----+--------+-----+--------+------------+--------+--------------+
|  2 | rahul  |  21 | M      | 9368809503 | mumbai | 237373055287 |
|  3 | rahul  |  21 | M      | 9368809504 | agra   | 237373055287 |
|  4 | rahul  |  22 | M      | 9368809505 | agra   | NULL         |
|  8 | gaurav |  25 | M      | 7878787878 | jaipur | NULL         |
|  9 | saurav |  25 | M      | 7878787879 | sasni  | NULL         |
+----+--------+-----+--------+------------+--------+--------------+
5 rows in set (0.00 sec)

mysql> select *from school where name between 'rahul' and 'gaurav';
Empty set (0.00 sec)

mysql> select *from school where name between 'rahul' and 'saurav';
+----+--------+-----+--------+------------+--------+--------------+
| id | name   | age | gender | phone      | city   | uid          |
+----+--------+-----+--------+------------+--------+--------------+
|  2 | rahul  |  21 | M      | 9368809503 | mumbai | 237373055287 |
|  3 | rahul  |  21 | M      | 9368809504 | agra   | 237373055287 |
|  4 | rahul  |  22 | M      | 9368809505 | agra   | NULL         |
|  9 | saurav |  25 | M      | 7878787879 | sasni  | NULL         |
+----+--------+-----+--------+------------+--------+--------------+
4 rows in set (0.00 sec)

mysql> select *from school where age between 22 and 25;
+----+--------+-----+--------+------------+--------+------+
| id | name   | age | gender | phone      | city   | uid  |
+----+--------+-----+--------+------------+--------+------+
|  4 | rahul  |  22 | M      | 9368809505 | agra   | NULL |
|  8 | gaurav |  25 | M      | 7878787878 | jaipur | NULL |
|  9 | saurav |  25 | M      | 7878787879 | sasni  | NULL |
+----+--------+-----+--------+------------+--------+------+
3 rows in set (0.00 sec)

mysql> select *from school where age not  between 22 and 25;
+----+-------+-----+--------+------------+--------+--------------+
| id | name  | age | gender | phone      | city   | uid          |
+----+-------+-----+--------+------------+--------+--------------+
|  2 | rahul |  21 | M      | 9368809503 | mumbai | 237373055287 |
|  3 | rahul |  21 | M      | 9368809504 | agra   | 237373055287 |
+----+-------+-----+--------+------------+--------+--------------+
2 rows in set (0.00 sec)

mysql> insert into school(id,name,age,gender,phone,city)values(8,'gaurav',25,'M','7878787878','jaipur'),(10,'aaurav',25,'M','9878787879','sasni');
ERROR 1062 (23000): Duplicate entry '8' for key 'school.id'
mysql> insert into school(id,name,age,gender,phone,city)values(11,'maurav',25,'M','9878787870','jaipur'),(10,'aaurav',25,'M','9878787879','sasni');
Query OK, 2 rows affected (0.13 sec)
Records: 2  Duplicates: 0  Warnings: 0

mysql> select *from school;
+----+--------+-----+--------+------------+--------+--------------+
| id | name   | age | gender | phone      | city   | uid          |
+----+--------+-----+--------+------------+--------+--------------+
|  2 | rahul  |  21 | M      | 9368809503 | mumbai | 237373055287 |
|  3 | rahul  |  21 | M      | 9368809504 | agra   | 237373055287 |
|  4 | rahul  |  22 | M      | 9368809505 | agra   | NULL         |
|  8 | gaurav |  25 | M      | 7878787878 | jaipur | NULL         |
|  9 | saurav |  25 | M      | 7878787879 | sasni  | NULL         |
| 10 | aaurav |  25 | M      | 9878787879 | sasni  | NULL         |
| 11 | maurav |  25 | M      | 9878787870 | jaipur | NULL         |
+----+--------+-----+--------+------------+--------+--------------+
7 rows in set (0.00 sec)

mysql> select *from school where like 'a%';
ERROR 1064 (42000): You have an error in your SQL syntax; check the manual that corresponds to your MySQL server version for the right syntax to use near 'like 'a%'' at line 1
mysql> select *from school where name like 'a%';
+----+--------+-----+--------+------------+-------+------+
| id | name   | age | gender | phone      | city  | uid  |
+----+--------+-----+--------+------------+-------+------+
| 10 | aaurav |  25 | M      | 9878787879 | sasni | NULL |
+----+--------+-----+--------+------------+-------+------+
1 row in set (0.10 sec)

mysql> select *from school where name like 'a%a';
Empty set (0.00 sec)

mysql> update school set name='aaurava' where name='aaurav';
Query OK, 1 row affected (0.11 sec)
Rows matched: 1  Changed: 1  Warnings: 0

mysql> select *from school where name like 'a%a';
+----+---------+-----+--------+------------+-------+------+
| id | name    | age | gender | phone      | city  | uid  |
+----+---------+-----+--------+------------+-------+------+
| 10 | aaurava |  25 | M      | 9878787879 | sasni | NULL |
+----+---------+-----+--------+------------+-------+------+
1 row in set (0.00 sec)

mysql> select *from school where name like '%ur%';
+----+---------+-----+--------+------------+--------+------+
| id | name    | age | gender | phone      | city   | uid  |
+----+---------+-----+--------+------------+--------+------+
|  8 | gaurav  |  25 | M      | 7878787878 | jaipur | NULL |
|  9 | saurav  |  25 | M      | 7878787879 | sasni  | NULL |
| 10 | aaurava |  25 | M      | 9878787879 | sasni  | NULL |
| 11 | maurav  |  25 | M      | 9878787870 | jaipur | NULL |
+----+---------+-----+--------+------------+--------+------+
4 rows in set (0.00 sec)

mysql> select *from school where name like '%a%a';
+----+---------+-----+--------+------------+-------+------+
| id | name    | age | gender | phone      | city  | uid  |
+----+---------+-----+--------+------------+-------+------+
| 10 | aaurava |  25 | M      | 9878787879 | sasni | NULL |
+----+---------+-----+--------+------------+-------+------+
1 row in set (0.00 sec)

mysql> select *from school where name like '_a%';
+----+---------+-----+--------+------------+--------+--------------+
| id | name    | age | gender | phone      | city   | uid          |
+----+---------+-----+--------+------------+--------+--------------+
|  2 | rahul   |  21 | M      | 9368809503 | mumbai | 237373055287 |
|  3 | rahul   |  21 | M      | 9368809504 | agra   | 237373055287 |
|  4 | rahul   |  22 | M      | 9368809505 | agra   | NULL         |
|  8 | gaurav  |  25 | M      | 7878787878 | jaipur | NULL         |
|  9 | saurav  |  25 | M      | 7878787879 | sasni  | NULL         |
| 10 | aaurava |  25 | M      | 9878787879 | sasni  | NULL         |
| 11 | maurav  |  25 | M      | 9878787870 | jaipur | NULL         |
+----+---------+-----+--------+------------+--------+--------------+
7 rows in set (0.00 sec)

mysql> select *from school where name like '_au%';
+----+---------+-----+--------+------------+--------+------+
| id | name    | age | gender | phone      | city   | uid  |
+----+---------+-----+--------+------------+--------+------+
|  8 | gaurav  |  25 | M      | 7878787878 | jaipur | NULL |
|  9 | saurav  |  25 | M      | 7878787879 | sasni  | NULL |
| 10 | aaurava |  25 | M      | 9878787879 | sasni  | NULL |
| 11 | maurav  |  25 | M      | 9878787870 | jaipur | NULL |
+----+---------+-----+--------+------------+--------+------+
4 rows in set (0.00 sec)

mysql> select *from school where name not like '_au%';
+----+-------+-----+--------+------------+--------+--------------+
| id | name  | age | gender | phone      | city   | uid          |
+----+-------+-----+--------+------------+--------+--------------+
|  2 | rahul |  21 | M      | 9368809503 | mumbai | 237373055287 |
|  3 | rahul |  21 | M      | 9368809504 | agra   | 237373055287 |
|  4 | rahul |  22 | M      | 9368809505 | agra   | NULL         |
+----+-------+-----+--------+------------+--------+--------------+
3 rows in set (0.00 sec)

mysql> insert into school(id,name,age,gender,phone,city)values(12,'gaurav mhboob',25,'M','7878789878','jaipuria'),(11,'anil kapoor',25,'M','9879787879','ssasni');
ERROR 1062 (23000): Duplicate entry '11' for key 'school.id'
mysql> insert into school(id,name,age,gender,phone,city)values(12,'gaurav mhboob',25,'M','7878789878','jaipuria'),(13,'anil kapoor',25,'M','9879787879','ssasni');
Query OK, 2 rows affected (0.14 sec)
Records: 2  Duplicates: 0  Warnings: 0

mysql> select *from school where name not like '_au%';
+----+-------------+-----+--------+------------+--------+--------------+
| id | name        | age | gender | phone      | city   | uid          |
+----+-------------+-----+--------+------------+--------+--------------+
|  2 | rahul       |  21 | M      | 9368809503 | mumbai | 237373055287 |
|  3 | rahul       |  21 | M      | 9368809504 | agra   | 237373055287 |
|  4 | rahul       |  22 | M      | 9368809505 | agra   | NULL         |
| 13 | anil kapoor |  25 | M      | 9879787879 | ssasni | NULL         |
+----+-------------+-----+--------+------------+--------+--------------+
4 rows in set (0.00 sec)

mysql> select *from school;
+----+---------------+-----+--------+------------+----------+--------------+
| id | name          | age | gender | phone      | city     | uid          |
+----+---------------+-----+--------+------------+----------+--------------+
|  2 | rahul         |  21 | M      | 9368809503 | mumbai   | 237373055287 |
|  3 | rahul         |  21 | M      | 9368809504 | agra     | 237373055287 |
|  4 | rahul         |  22 | M      | 9368809505 | agra     | NULL         |
|  8 | gaurav        |  25 | M      | 7878787878 | jaipur   | NULL         |
|  9 | saurav        |  25 | M      | 7878787879 | sasni    | NULL         |
| 10 | aaurava       |  25 | M      | 9878787879 | sasni    | NULL         |
| 11 | maurav        |  25 | M      | 9878787870 | jaipur   | NULL         |
| 12 | gaurav mhboob |  25 | M      | 7878789878 | jaipuria | NULL         |
| 13 | anil kapoor   |  25 | M      | 9879787879 | ssasni   | NULL         |
+----+---------------+-----+--------+------------+----------+--------------+
9 rows in set (0.00 sec)

mysql> select *from school where name regexp 'poor$';
+----+-------------+-----+--------+------------+--------+------+
| id | name        | age | gender | phone      | city   | uid  |
+----+-------------+-----+--------+------------+--------+------+
| 13 | anil kapoor |  25 | M      | 9879787879 | ssasni | NULL |
+----+-------------+-----+--------+------------+--------+------+
1 row in set (0.09 sec)

mysql> select *from school where name regexp 'poor$ | boob';
Empty set (0.00 sec)

mysql> select *from school where name regexp 'poor$ | mhboob';
+----+---------------+-----+--------+------------+----------+------+
| id | name          | age | gender | phone      | city     | uid  |
+----+---------------+-----+--------+------------+----------+------+
| 12 | gaurav mhboob |  25 | M      | 7878789878 | jaipuria | NULL |
+----+---------------+-----+--------+------------+----------+------+
1 row in set (0.00 sec)

mysql> select *from school where name regexp '^or';
Empty set (0.00 sec)

mysql> select *from school where name regexp '^ra';
+----+-------+-----+--------+------------+--------+--------------+
| id | name  | age | gender | phone      | city   | uid          |
+----+-------+-----+--------+------------+--------+--------------+
|  2 | rahul |  21 | M      | 9368809503 | mumbai | 237373055287 |
|  3 | rahul |  21 | M      | 9368809504 | agra   | 237373055287 |
|  4 | rahul |  22 | M      | 9368809505 | agra   | NULL         |
+----+-------+-----+--------+------------+--------+--------------+
3 rows in set (0.00 sec)

mysql> select *from school where name regexp 'ul$';
+----+-------+-----+--------+------------+--------+--------------+
| id | name  | age | gender | phone      | city   | uid          |
+----+-------+-----+--------+------------+--------+--------------+
|  2 | rahul |  21 | M      | 9368809503 | mumbai | 237373055287 |
|  3 | rahul |  21 | M      | 9368809504 | agra   | 237373055287 |
|  4 | rahul |  22 | M      | 9368809505 | agra   | NULL         |
+----+-------+-----+--------+------------+--------+--------------+
3 rows in set (0.00 sec)

mysql> select *from school where name regexp '[rms]';
+----+---------------+-----+--------+------------+----------+--------------+
| id | name          | age | gender | phone      | city     | uid          |
+----+---------------+-----+--------+------------+----------+--------------+
|  2 | rahul         |  21 | M      | 9368809503 | mumbai   | 237373055287 |
|  3 | rahul         |  21 | M      | 9368809504 | agra     | 237373055287 |
|  4 | rahul         |  22 | M      | 9368809505 | agra     | NULL         |
|  8 | gaurav        |  25 | M      | 7878787878 | jaipur   | NULL         |
|  9 | saurav        |  25 | M      | 7878787879 | sasni    | NULL         |
| 10 | aaurava       |  25 | M      | 9878787879 | sasni    | NULL         |
| 11 | maurav        |  25 | M      | 9878787870 | jaipur   | NULL         |
| 12 | gaurav mhboob |  25 | M      | 7878789878 | jaipuria | NULL         |
| 13 | anil kapoor   |  25 | M      | 9879787879 | ssasni   | NULL         |
+----+---------------+-----+--------+------------+----------+--------------+
9 rows in set (0.00 sec)

mysql> select *from school where name regexp '[rm]';
+----+---------------+-----+--------+------------+----------+--------------+
| id | name          | age | gender | phone      | city     | uid          |
+----+---------------+-----+--------+------------+----------+--------------+
|  2 | rahul         |  21 | M      | 9368809503 | mumbai   | 237373055287 |
|  3 | rahul         |  21 | M      | 9368809504 | agra     | 237373055287 |
|  4 | rahul         |  22 | M      | 9368809505 | agra     | NULL         |
|  8 | gaurav        |  25 | M      | 7878787878 | jaipur   | NULL         |
|  9 | saurav        |  25 | M      | 7878787879 | sasni    | NULL         |
| 10 | aaurava       |  25 | M      | 9878787879 | sasni    | NULL         |
| 11 | maurav        |  25 | M      | 9878787870 | jaipur   | NULL         |
| 12 | gaurav mhboob |  25 | M      | 7878789878 | jaipuria | NULL         |
| 13 | anil kapoor   |  25 | M      | 9879787879 | ssasni   | NULL         |
+----+---------------+-----+--------+------------+----------+--------------+
9 rows in set (0.00 sec)

mysql> select *from school where name regexp '[r]';
+----+---------------+-----+--------+------------+----------+--------------+
| id | name          | age | gender | phone      | city     | uid          |
+----+---------------+-----+--------+------------+----------+--------------+
|  2 | rahul         |  21 | M      | 9368809503 | mumbai   | 237373055287 |
|  3 | rahul         |  21 | M      | 9368809504 | agra     | 237373055287 |
|  4 | rahul         |  22 | M      | 9368809505 | agra     | NULL         |
|  8 | gaurav        |  25 | M      | 7878787878 | jaipur   | NULL         |
|  9 | saurav        |  25 | M      | 7878787879 | sasni    | NULL         |
| 10 | aaurava       |  25 | M      | 9878787879 | sasni    | NULL         |
| 11 | maurav        |  25 | M      | 9878787870 | jaipur   | NULL         |
| 12 | gaurav mhboob |  25 | M      | 7878789878 | jaipuria | NULL         |
| 13 | anil kapoor   |  25 | M      | 9879787879 | ssasni   | NULL         |
+----+---------------+-----+--------+------------+----------+--------------+
9 rows in set (0.00 sec)

mysql> select *from school where name regexp '^[r]';
+----+-------+-----+--------+------------+--------+--------------+
| id | name  | age | gender | phone      | city   | uid          |
+----+-------+-----+--------+------------+--------+--------------+
|  2 | rahul |  21 | M      | 9368809503 | mumbai | 237373055287 |
|  3 | rahul |  21 | M      | 9368809504 | agra   | 237373055287 |
|  4 | rahul |  22 | M      | 9368809505 | agra   | NULL         |
+----+-------+-----+--------+------------+--------+--------------+
3 rows in set (0.00 sec)

mysql> select *from school where name regexp '^[rms]';
+----+--------+-----+--------+------------+--------+--------------+
| id | name   | age | gender | phone      | city   | uid          |
+----+--------+-----+--------+------------+--------+--------------+
|  2 | rahul  |  21 | M      | 9368809503 | mumbai | 237373055287 |
|  3 | rahul  |  21 | M      | 9368809504 | agra   | 237373055287 |
|  4 | rahul  |  22 | M      | 9368809505 | agra   | NULL         |
|  9 | saurav |  25 | M      | 7878787879 | sasni  | NULL         |
| 11 | maurav |  25 | M      | 9878787870 | jaipur | NULL         |
+----+--------+-----+--------+------------+--------+--------------+
5 rows in set (0.00 sec)

mysql> select *from school where name regexp '[a-h]e';
Empty set (0.00 sec)

mysql> select *from school where name regexp 'ta';
Empty set (0.04 sec)

mysql> select *from school where name regexp 'ra';
+----+---------------+-----+--------+------------+----------+--------------+
| id | name          | age | gender | phone      | city     | uid          |
+----+---------------+-----+--------+------------+----------+--------------+
|  2 | rahul         |  21 | M      | 9368809503 | mumbai   | 237373055287 |
|  3 | rahul         |  21 | M      | 9368809504 | agra     | 237373055287 |
|  4 | rahul         |  22 | M      | 9368809505 | agra     | NULL         |
|  8 | gaurav        |  25 | M      | 7878787878 | jaipur   | NULL         |
|  9 | saurav        |  25 | M      | 7878787879 | sasni    | NULL         |
| 10 | aaurava       |  25 | M      | 9878787879 | sasni    | NULL         |
| 11 | maurav        |  25 | M      | 9878787870 | jaipur   | NULL         |
| 12 | gaurav mhboob |  25 | M      | 7878789878 | jaipuria | NULL         |
+----+---------------+-----+--------+------------+----------+--------------+
8 rows in set (0.00 sec)

mysql> select *from school where name regexp '^ra';
+----+-------+-----+--------+------------+--------+--------------+
| id | name  | age | gender | phone      | city   | uid          |
+----+-------+-----+--------+------------+--------+--------------+
|  2 | rahul |  21 | M      | 9368809503 | mumbai | 237373055287 |
|  3 | rahul |  21 | M      | 9368809504 | agra   | 237373055287 |
|  4 | rahul |  22 | M      | 9368809505 | agra   | NULL         |
+----+-------+-----+--------+------------+--------+--------------+
3 rows in set (0.00 sec)

mysql> select *from school where name regexp 'ra$';
Empty set (0.00 sec)

mysql> select *from school where name regexp 'poor$';
+----+-------------+-----+--------+------------+--------+------+
| id | name        | age | gender | phone      | city   | uid  |
+----+-------------+-----+--------+------------+--------+------+
| 13 | anil kapoor |  25 | M      | 9879787879 | ssasni | NULL |
+----+-------------+-----+--------+------------+--------+------+
1 row in set (0.00 sec)

mysql> select *from school where name regexp 'ra|poor|boob';
+----+---------------+-----+--------+------------+----------+--------------+
| id | name          | age | gender | phone      | city     | uid          |
+----+---------------+-----+--------+------------+----------+--------------+
|  2 | rahul         |  21 | M      | 9368809503 | mumbai   | 237373055287 |
|  3 | rahul         |  21 | M      | 9368809504 | agra     | 237373055287 |
|  4 | rahul         |  22 | M      | 9368809505 | agra     | NULL         |
|  8 | gaurav        |  25 | M      | 7878787878 | jaipur   | NULL         |
|  9 | saurav        |  25 | M      | 7878787879 | sasni    | NULL         |
| 10 | aaurava       |  25 | M      | 9878787879 | sasni    | NULL         |
| 11 | maurav        |  25 | M      | 9878787870 | jaipur   | NULL         |
| 12 | gaurav mhboob |  25 | M      | 7878789878 | jaipuria | NULL         |
| 13 | anil kapoor   |  25 | M      | 9879787879 | ssasni   | NULL         |
+----+---------------+-----+--------+------------+----------+--------------+
9 rows in set (0.00 sec)

mysql> select *from school where name regexp '^ra|poor|boob$';
+----+---------------+-----+--------+------------+----------+--------------+
| id | name          | age | gender | phone      | city     | uid          |
+----+---------------+-----+--------+------------+----------+--------------+
|  2 | rahul         |  21 | M      | 9368809503 | mumbai   | 237373055287 |
|  3 | rahul         |  21 | M      | 9368809504 | agra     | 237373055287 |
|  4 | rahul         |  22 | M      | 9368809505 | agra     | NULL         |
| 12 | gaurav mhboob |  25 | M      | 7878789878 | jaipuria | NULL         |
| 13 | anil kapoor   |  25 | M      | 9879787879 | ssasni   | NULL         |
+----+---------------+-----+--------+------------+----------+--------------+
5 rows in set (0.00 sec)

mysql> select *from school where name regexp '^ra|poor|^boob';
+----+-------------+-----+--------+------------+--------+--------------+
| id | name        | age | gender | phone      | city   | uid          |
+----+-------------+-----+--------+------------+--------+--------------+
|  2 | rahul       |  21 | M      | 9368809503 | mumbai | 237373055287 |
|  3 | rahul       |  21 | M      | 9368809504 | agra   | 237373055287 |
|  4 | rahul       |  22 | M      | 9368809505 | agra   | NULL         |
| 13 | anil kapoor |  25 | M      | 9879787879 | ssasni | NULL         |
+----+-------------+-----+--------+------------+--------+--------------+
4 rows in set (0.00 sec)

mysql> select *from school where name regexp '^ra|^poor|^boob';
+----+-------+-----+--------+------------+--------+--------------+
| id | name  | age | gender | phone      | city   | uid          |
+----+-------+-----+--------+------------+--------+--------------+
|  2 | rahul |  21 | M      | 9368809503 | mumbai | 237373055287 |
|  3 | rahul |  21 | M      | 9368809504 | agra   | 237373055287 |
|  4 | rahul |  22 | M      | 9368809505 | agra   | NULL         |
+----+-------+-----+--------+------------+--------+--------------+
3 rows in set (0.00 sec)

mysql> select *from school where name regexp '[is]';
+----+-------------+-----+--------+------------+--------+------+
| id | name        | age | gender | phone      | city   | uid  |
+----+-------------+-----+--------+------------+--------+------+
|  9 | saurav      |  25 | M      | 7878787879 | sasni  | NULL |
| 13 | anil kapoor |  25 | M      | 9879787879 | ssasni | NULL |
+----+-------------+-----+--------+------------+--------+------+
2 rows in set (0.00 sec)

mysql> select *from school where name regexp '[rm]';
+----+---------------+-----+--------+------------+----------+--------------+
| id | name          | age | gender | phone      | city     | uid          |
+----+---------------+-----+--------+------------+----------+--------------+
|  2 | rahul         |  21 | M      | 9368809503 | mumbai   | 237373055287 |
|  3 | rahul         |  21 | M      | 9368809504 | agra     | 237373055287 |
|  4 | rahul         |  22 | M      | 9368809505 | agra     | NULL         |
|  8 | gaurav        |  25 | M      | 7878787878 | jaipur   | NULL         |
|  9 | saurav        |  25 | M      | 7878787879 | sasni    | NULL         |
| 10 | aaurava       |  25 | M      | 9878787879 | sasni    | NULL         |
| 11 | maurav        |  25 | M      | 9878787870 | jaipur   | NULL         |
| 12 | gaurav mhboob |  25 | M      | 7878789878 | jaipuria | NULL         |
| 13 | anil kapoor   |  25 | M      | 9879787879 | ssasni   | NULL         |
+----+---------------+-----+--------+------------+----------+--------------+
9 rows in set (0.00 sec)

mysql> select *from school where name regexp '[rm]a';
+----+---------------+-----+--------+------------+----------+--------------+
| id | name          | age | gender | phone      | city     | uid          |
+----+---------------+-----+--------+------------+----------+--------------+
|  2 | rahul         |  21 | M      | 9368809503 | mumbai   | 237373055287 |
|  3 | rahul         |  21 | M      | 9368809504 | agra     | 237373055287 |
|  4 | rahul         |  22 | M      | 9368809505 | agra     | NULL         |
|  8 | gaurav        |  25 | M      | 7878787878 | jaipur   | NULL         |
|  9 | saurav        |  25 | M      | 7878787879 | sasni    | NULL         |
| 10 | aaurava       |  25 | M      | 9878787879 | sasni    | NULL         |
| 11 | maurav        |  25 | M      | 9878787870 | jaipur   | NULL         |
| 12 | gaurav mhboob |  25 | M      | 7878789878 | jaipuria | NULL         |
+----+---------------+-----+--------+------------+----------+--------------+
8 rows in set (0.00 sec)

mysql> select *from school where name regexp '[rmh]a';
+----+---------------+-----+--------+------------+----------+--------------+
| id | name          | age | gender | phone      | city     | uid          |
+----+---------------+-----+--------+------------+----------+--------------+
|  2 | rahul         |  21 | M      | 9368809503 | mumbai   | 237373055287 |
|  3 | rahul         |  21 | M      | 9368809504 | agra     | 237373055287 |
|  4 | rahul         |  22 | M      | 9368809505 | agra     | NULL         |
|  8 | gaurav        |  25 | M      | 7878787878 | jaipur   | NULL         |
|  9 | saurav        |  25 | M      | 7878787879 | sasni    | NULL         |
| 10 | aaurava       |  25 | M      | 9878787879 | sasni    | NULL         |
| 11 | maurav        |  25 | M      | 9878787870 | jaipur   | NULL         |
| 12 | gaurav mhboob |  25 | M      | 7878789878 | jaipuria | NULL         |
+----+---------------+-----+--------+------------+----------+--------------+
8 rows in set (0.00 sec)

mysql> select *from school where name regexp '^[rm]';
+----+--------+-----+--------+------------+--------+--------------+
| id | name   | age | gender | phone      | city   | uid          |
+----+--------+-----+--------+------------+--------+--------------+
|  2 | rahul  |  21 | M      | 9368809503 | mumbai | 237373055287 |
|  3 | rahul  |  21 | M      | 9368809504 | agra   | 237373055287 |
|  4 | rahul  |  22 | M      | 9368809505 | agra   | NULL         |
| 11 | maurav |  25 | M      | 9878787870 | jaipur | NULL         |
+----+--------+-----+--------+------------+--------+--------------+
4 rows in set (0.00 sec)

mysql>





Enter password: ****
Welcome to the MySQL monitor.  Commands end with ; or \g.
Your MySQL connection id is 8
Server version: 9.0.1 MySQL Community Server - GPL

Copyright (c) 2000, 2024, Oracle and/or its affiliates.

Oracle is a registered trademark of Oracle Corporation and/or its
affiliates. Other names may be trademarks of their respective
owners.

Type 'help;' or '\h' for help. Type '\c' to clear the current input statement.

mysql> show databases;
+--------------------+
| Database           |
+--------------------+
| capegemini         |
| college            |
| college1           |
| information_schema |
| mysql              |
| performance_schema |
| sys                |
+--------------------+
7 rows in set (0.26 sec)

mysql> use college1;
Database changed
mysql> show tables;
+--------------------+
| Tables_in_college1 |
+--------------------+
| payment            |
| student1           |
+--------------------+
2 rows in set (3.00 sec)

mysql> select *from payement;
ERROR 1146 (42S02): Table 'college1.payement' doesn't exist
mysql> select *from payment;
+---------+-----------+---------------+-----------+
| cust_id | cust_name | cust_mode_pay | cust_city |
+---------+-----------+---------------+-----------+
|     101 | harish    | netbanking    | mumbai    |
|     102 | rohit     | creditcard    | delhi     |
|     103 | rahul     | creditcard    | delhi     |
|     104 | Amit      | debitcard     | bangalore |
|     105 | Suresh    | netbanking    | pune      |
|     106 | Rakesh    | creditcard    | kolkata   |
|     107 | Priya     | debitcard     | chennai   |
|     108 | Kavita    | netbanking    | mumbai    |
|     109 | Anil      | creditcard    | hyderabad |
+---------+-----------+---------------+-----------+
9 rows in set (0.21 sec)

mysql> select cust_mode_pay,count(*)from payment where cust_city='mumbai' group by(cust_mode_pay);
+---------------+----------+
| cust_mode_pay | count(*) |
+---------------+----------+
| netbanking    |        2 |
+---------------+----------+
1 row in set (1.69 sec)

mysql> select cust_mode_pay,count(*)from payment where cust_city='mumbai' group by(cust_mode_pay) order;
ERROR 1064 (42000): You have an error in your SQL syntax; check the manual that corresponds to your MySQL server version for the right syntax to use near '' at line 1
mysql> select cust_mode_pay,count(*)from payment where cust_city='mumbai' group by(cust_mode_pay) order by;
ERROR 1064 (42000): You have an error in your SQL syntax; check the manual that corresponds to your MySQL server version for the right syntax to use near '' at line 1
mysql> select cust_mode_pay,count(*)from payment where cust_city='mumbai' group by(cust_mode_pay) limit 1;
+---------------+----------+
| cust_mode_pay | count(*) |
+---------------+----------+
| netbanking    |        2 |
+---------------+----------+
1 row in set (0.00 sec)

mysql> select cust_mode_pay,count(*)from payment where cust_city='mumbai' group by(cust_mode_pay) limit 1 offset 1;
Empty set (0.00 sec)

mysql> select cust_mode_pay,count(*)from payment group by(cust_mode_pay);
+---------------+----------+
| cust_mode_pay | count(*) |
+---------------+----------+
| netbanking    |        3 |
| creditcard    |        4 |
| debitcard     |        2 |
+---------------+----------+
3 rows in set (0.00 sec)

mysql> select cust_mode_pay,count(*)from payment group by(cust_mode_pay) limit 2;
+---------------+----------+
| cust_mode_pay | count(*) |
+---------------+----------+
| netbanking    |        3 |
| creditcard    |        4 |
+---------------+----------+
2 rows in set (0.00 sec)

mysql> select cust_mode_pay,count(*)from payment group by(cust_mode_pay) limit 1;
+---------------+----------+
| cust_mode_pay | count(*) |
+---------------+----------+
| netbanking    |        3 |
+---------------+----------+
1 row in set (0.00 sec)

mysql> select cust_mode_pay,count(*)from payment group by(cust_mode_pay) limit 3;
+---------------+----------+
| cust_mode_pay | count(*) |
+---------------+----------+
| netbanking    |        3 |
| creditcard    |        4 |
| debitcard     |        2 |
+---------------+----------+
3 rows in set (0.00 sec)

mysql> select cust_mode_pay,count(*)from payment group by(cust_mode_pay) limit 3 offset 1;
+---------------+----------+
| cust_mode_pay | count(*) |
+---------------+----------+
| creditcard    |        4 |
| debitcard     |        2 |
+---------------+----------+
2 rows in set (0.00 sec)

mysql> select cust_mode_pay,count(*)from payment group by(cust_mode_pay) limit 3 offset 2;
+---------------+----------+
| cust_mode_pay | count(*) |
+---------------+----------+
| debitcard     |        2 |
+---------------+----------+
1 row in set (0.00 sec)

mysql> select cust_mode_pay,count(*)from payment group by(cust_mode_pay) having city='mumbai' limit 3 offset 2;
ERROR 1054 (42S22): Unknown column 'city' in 'having clause'
mysql> select cust_mode_pay,count(*)from payment group by(cust_mode_pay) having by city='mumbai' limit 3 offset 2;
ERROR 1064 (42000): You have an error in your SQL syntax; check the manual that corresponds to your MySQL server version for the right syntax to use near 'by city='mumbai' limit 3 offset 2' at line 1
mysql> select cust_mode_pay,count(*)from payment group by(cust_mode_pay) limit 3 offset 2;
+---------------+----------+
| cust_mode_pay | count(*) |
+---------------+----------+
| debitcard     |        2 |
+---------------+----------+
1 row in set (0.00 sec)

mysql> select cust_mode_pay,count(*)from payment group by(cust_mode_pay) order by city limit 3 offset 2;
ERROR 1054 (42S22): Unknown column 'city' in 'order clause'
mysql> select cust_mode_pay,count(*)from payment group by(cust_mode_pay) order by cust_city limit 3 offset 2;
ERROR 1055 (42000): Expression #1 of ORDER BY clause is not in GROUP BY clause and contains nonaggregated column 'college1.payment.cust_city' which is not functionally dependent on columns in GROUP BY clause; this is incompatible with sql_mode=only_full_group_by
mysql> select cust_mode_pay,count(*)from payment group by(cust_mode_pay) order by cust_city desc limit 3 offset 2;
ERROR 1055 (42000): Expression #1 of ORDER BY clause is not in GROUP BY clause and contains nonaggregated column 'college1.payment.cust_city' which is not functionally dependent on columns in GROUP BY clause; this is incompatible with sql_mode=only_full_group_by
mysql> create table personal(id int,name varchar(50),birth_date DATE,phone varchar(90),gender varchar(1));
Query OK, 0 rows affected (3.26 sec)

mysql> show tables;
+--------------------+
| Tables_in_college1 |
+--------------------+
| payment            |
| personal           |
| student1           |
+--------------------+
3 rows in set (0.00 sec)

mysql> desc personal;
+------------+-------------+------+-----+---------+-------+
| Field      | Type        | Null | Key | Default | Extra |
+------------+-------------+------+-----+---------+-------+
| id         | int         | YES  |     | NULL    |       |
| name       | varchar(50) | YES  |     | NULL    |       |
| birth_date | date        | YES  |     | NULL    |       |
| phone      | varchar(90) | YES  |     | NULL    |       |
| gender     | varchar(1)  | YES  |     | NULL    |       |
+------------+-------------+------+-----+---------+-------+
5 rows in set (0.14 sec)

mysql> insert into personal(id,name,birth_date,phone,gender)values(12,'rahul','1990-07-15','9368809502','M');
Query OK, 1 row affected (0.19 sec)

mysql> select *from personal;
+------+-------+------------+------------+--------+
| id   | name  | birth_date | phone      | gender |
+------+-------+------------+------------+--------+
|   12 | rahul | 1990-07-15 | 9368809502 | M      |
+------+-------+------------+------------+--------+
1 row in set (0.00 sec)

mysql> insert into personal(id,name,birth_date,phone,gender)values(13,'sudama','1990-07-15','9368809503','M');
Query OK, 1 row affected (0.19 sec)

mysql> insert into personal(id,name,birth_date,phone,gender)values(14,'sudam','1990-07-15','9368809503','F');
Query OK, 1 row affected (0.15 sec)

mysql> select *from personal;
+------+--------+------------+------------+--------+
| id   | name   | birth_date | phone      | gender |
+------+--------+------------+------------+--------+
|   12 | rahul  | 1990-07-15 | 9368809502 | M      |
|   13 | sudama | 1990-07-15 | 9368809503 | M      |
|   14 | sudam  | 1990-07-15 | 9368809503 | F      |
+------+--------+------------+------------+--------+
3 rows in set (0.00 sec)

mysql> insert into personal(id,name,birth_date,phone,gender)values(12,'rahul','1990-07-15','9368809502','M'),(15,'manish',1992-08-16','8881234540','M'),(16,'bajanti','2002-08-08','7500011122','F');
    '> insert into personal(id,name,birth_date,phone,gender)values(12,'rahul','1990-07-15','9368809502','M'),(15,'manish',1992-08-16','8881234540','M'),(16,'bajanti','2002-08-08','7500011122','F');
ERROR 1064 (42000): You have an error in your SQL syntax; check the manual that corresponds to your MySQL server version for the right syntax to use near '','8881234540','M'),(16,'bajanti','2002-08-08','7500011122','F');
insert into pe' at line 1
mysql> select *from personal;
+------+--------+------------+------------+--------+
| id   | name   | birth_date | phone      | gender |
+------+--------+------------+------------+--------+
|   12 | rahul  | 1990-07-15 | 9368809502 | M      |
|   13 | sudama | 1990-07-15 | 9368809503 | M      |
|   14 | sudam  | 1990-07-15 | 9368809503 | F      |
+------+--------+------------+------------+--------+
3 rows in set (0.00 sec)

mysql> insert into personal(id,name,birth_date,phone,gender)values(12,'rahul','1990-07-15','9368809502','M'),(15,'manish',1992-08-16','8881234540','M'),(16,'bajanti','2002-08-08','7500011122','F');
    '> insert into personal(id,name,birth_date,phone,gender)values(12,'rahul','1990-07-15','9368809502','M'),(15,'manish',1992-08-16','8881234540','M'),(16,'bajanti','2002-08-08','7500011122','F');
ERROR 1064 (42000): You have an error in your SQL syntax; check the manual that corresponds to your MySQL server version for the right syntax to use near '','8881234540','M'),(16,'bajanti','2002-08-08','7500011122','F');
insert into pe' at line 1
mysql> insert into personal(id,name,birth_date,phone,gender)values(12,'rahul','1990-07-15','9368809502','M'),(15,'manish',1992-08-16','8881234540','M'),(16,'bajanti','2002-08-08','7500011122','F');
    '> insert into personal(id,name,birth_date,phone,gender)values(12,'rahul','1990-07-15','9368809502','M'),(15,'manish',1992-08-16','8881234540','M'),(16,'bajanti','2002-08-08','7500011122','F');
ERROR 1064 (42000): You have an error in your SQL syntax; check the manual that corresponds to your MySQL server version for the right syntax to use near '','8881234540','M'),(16,'bajanti','2002-08-08','7500011122','F');
insert into pe' at line 1
mysql> insert into personal(id,name,birth_date,phone,gender)values(18,'raghav','2003-08-08','9557412342','F'),(19,'shubham''2007-09-09',9897390117','J');
    '> insert into personal(id,name,birth_date,phone,gender)values(18,'raghav','2003-08-08','9557412342','F'),(19,'shubham''2007-09-09',9897390117','J');
ERROR 1064 (42000): You have an error in your SQL syntax; check the manual that corresponds to your MySQL server version for the right syntax to use near '','J');
insert into personal(id,name,birth_date,phone,gender)values(18,'raghav',' at line 1
mysql> insert into personal(id,name,birth_date,phone,gender)values(18,'raghav','2003-08-08','9557412342','F'),(19,'shubham''2007-09-09',9897390117','J');
    '> insert into personal(id,name,birth_date,phone,gender)values(18,'raghav','2003-08-08','9557412342','F'),(19,'shubham''2007-09-09','09897390117','J');
    '> insert into personal(id,name,birth_date,phone,gender)values(18,'raghav','2003-08-08','9557412342','F'),(19,'shubham''2007-09-09','09897390117','J');
    '> insert into personal(id,name,birth_date,phone,gender)values(18,'raghav','2003-08-08','9557412342','F'),(19,'shubham''2007-09-09','09897390117','J');
    '> insert into personal(id,name,birth_date,phone,gender)values(18,'raghav','2003-08-08','9557412342','F'),(19,'shubham''2007-09-09','09897390117','J');
    '> insert into personal(id,name,birth_date,phone,gender)values(18,'raghav','2003-08-08','9557412342','F'),(19,'shubham''2007-09-09','09897390117','J');
    '>
    '> insert into personal(id,name,birth_date,phone,gender)values(18,'raghav','2003-08-08','9557412342','F'),(19,'shubham''2007-09-09','09897390117','J');
    '> ^C
mysql> insert into personal(id,name,birth_date,phone,gender)values(18,'raghav','2003-08-08','9557412342','F'),(19,'shubham''2007-09-09','09897390117','J');
ERROR 1136 (21S01): Column count doesn't match value count at row 2
mysql> select *from personal;
+------+--------+------------+------------+--------+
| id   | name   | birth_date | phone      | gender |
+------+--------+------------+------------+--------+
|   12 | rahul  | 1990-07-15 | 9368809502 | M      |
|   13 | sudama | 1990-07-15 | 9368809503 | M      |
|   14 | sudam  | 1990-07-15 | 9368809503 | F      |
+------+--------+------------+------------+--------+
3 rows in set (0.00 sec)

mysql> create table school(id int not null unique,name varchar(50) not null,age int not null check(age >= 18),gender varchar(10) not null,phone varchar(10) not null unique,city varchar(10) not null default 'agra');
Query OK, 0 rows affected (0.85 sec)

mysql> desc school;
+--------+-------------+------+-----+---------+-------+
| Field  | Type        | Null | Key | Default | Extra |
+--------+-------------+------+-----+---------+-------+
| id     | int         | NO   | PRI | NULL    |       |
| name   | varchar(50) | NO   |     | NULL    |       |
| age    | int         | NO   |     | NULL    |       |
| gender | varchar(10) | NO   |     | NULL    |       |
| phone  | varchar(10) | NO   | UNI | NULL    |       |
| city   | varchar(10) | NO   |     | agra    |       |
+--------+-------------+------+-----+---------+-------+
6 rows in set (0.00 sec)

mysql> insert into school(id,name,age,gender,phone,city)values(1,'rahul',21,'M','9368809502','delhi');
Query OK, 1 row affected (1.40 sec)

mysql> insert into school(id,name,age,gender,phone,city)values(2,'rahul',21,'M','9368809502','delhi');
ERROR 1062 (23000): Duplicate entry '9368809502' for key 'school.phone'
mysql> insert into school(id,name,age,gender,phone,city)values(2,'rahul',21,'M','9368809503');
ERROR 1136 (21S01): Column count doesn't match value count at row 1
mysql> insert into school(id,name,age,gender,phone)values(2,'rahul',21,'M','9368809503');
Query OK, 1 row affected (0.13 sec)

mysql> select * from school;
+----+-------+-----+--------+------------+-------+
| id | name  | age | gender | phone      | city  |
+----+-------+-----+--------+------------+-------+
|  1 | rahul |  21 | M      | 9368809502 | delhi |
|  2 | rahul |  21 | M      | 9368809503 | agra  |
+----+-------+-----+--------+------------+-------+
2 rows in set (0.00 sec)

mysql> insert into school(name,age,gender,phone)values('rahul',21,'M','9368809504');
ERROR 1364 (HY000): Field 'id' doesn't have a default value
mysql> insert into school(name,age,gender,phone)values(3,'rahul',21,'M','9368809504');
ERROR 1136 (21S01): Column count doesn't match value count at row 1
mysql> insert into school(id,name,age,gender,phone)values(3,'rahul',21,'M','9368809504');
Query OK, 1 row affected (0.80 sec)

mysql> select * from school;
+----+-------+-----+--------+------------+-------+
| id | name  | age | gender | phone      | city  |
+----+-------+-----+--------+------------+-------+
|  1 | rahul |  21 | M      | 9368809502 | delhi |
|  2 | rahul |  21 | M      | 9368809503 | agra  |
|  3 | rahul |  21 | M      | 9368809504 | agra  |
+----+-------+-----+--------+------------+-------+
3 rows in set (0.00 sec)

mysql> drop table personal;
Query OK, 0 rows affected (0.50 sec)

mysql> show tables;
+--------------------+
| Tables_in_college1 |
+--------------------+
| payment            |
| school             |
| student1           |
+--------------------+
3 rows in set (0.00 sec)

mysql> delete from school where id=1;
Query OK, 1 row affected (0.56 sec)

mysql> drop table personal;
ERROR 1051 (42S02): Unknown table 'college1.personal'
mysql> select * from school;
+----+-------+-----+--------+------------+------+
| id | name  | age | gender | phone      | city |
+----+-------+-----+--------+------------+------+
|  2 | rahul |  21 | M      | 9368809503 | agra |
|  3 | rahul |  21 | M      | 9368809504 | agra |
+----+-------+-----+--------+------------+------+
2 rows in set (0.00 sec)

mysql> alter table school add uid varchar(90);
Query OK, 0 rows affected (0.72 sec)
Records: 0  Duplicates: 0  Warnings: 0

mysql> select * from school;
+----+-------+-----+--------+------------+------+------+
| id | name  | age | gender | phone      | city | uid  |
+----+-------+-----+--------+------------+------+------+
|  2 | rahul |  21 | M      | 9368809503 | agra | NULL |
|  3 | rahul |  21 | M      | 9368809504 | agra | NULL |
+----+-------+-----+--------+------------+------+------+
2 rows in set (0.00 sec)

mysql> insert into school(uid)values('237373055287');
ERROR 1364 (HY000): Field 'id' doesn't have a default value
mysql> update table school set uid='237373055287' where name='rahul';
ERROR 1064 (42000): You have an error in your SQL syntax; check the manual that corresponds to your MySQL server version for the right syntax to use near 'table school set uid='237373055287' where name='rahul'' at line 1
mysql> update  school set uid='237373055287' where name='rahul';
Query OK, 2 rows affected (6.38 sec)
Rows matched: 2  Changed: 2  Warnings: 0

mysql> select * from school;
+----+-------+-----+--------+------------+------+--------------+
| id | name  | age | gender | phone      | city | uid          |
+----+-------+-----+--------+------------+------+--------------+
|  2 | rahul |  21 | M      | 9368809503 | agra | 237373055287 |
|  3 | rahul |  21 | M      | 9368809504 | agra | 237373055287 |
+----+-------+-----+--------+------------+------+--------------+
2 rows in set (0.00 sec)

mysql> insert into school(name,age,gender,phone)values(4,'rahul',15,'M','9368809505');
ERROR 1136 (21S01): Column count doesn't match value count at row 1
mysql> insert into school(id,name,age,gender,phone)values(4,'rahul',15,'M','9368809505');
ERROR 3819 (HY000): Check constraint 'school_chk_1' is violated.
mysql> insert into school(id,name,age,gender,phone)values(4,'rahul',22,'M','9368809505');
Query OK, 1 row affected (0.94 sec)

mysql> select * from school;
+----+-------+-----+--------+------------+------+--------------+
| id | name  | age | gender | phone      | city | uid          |
+----+-------+-----+--------+------------+------+--------------+
|  2 | rahul |  21 | M      | 9368809503 | agra | 237373055287 |
|  3 | rahul |  21 | M      | 9368809504 | agra | 237373055287 |
|  4 | rahul |  22 | M      | 9368809505 | agra | NULL         |
+----+-------+-----+--------+------------+------+--------------+
3 rows in set (0.00 sec)

mysql> select id as ID from school;
+----+
| ID |
+----+
|  2 |
|  3 |
|  4 |
+----+
3 rows in set (0.00 sec)

mysql> select gender as 'gender_name' from school;
+-------------+
| gender_name |
+-------------+
| M           |
| M           |
| M           |
+-------------+
3 rows in set (0.00 sec)

mysql> updat school set city='mumbai' where id=2;
ERROR 1064 (42000): You have an error in your SQL syntax; check the manual that corresponds to your MySQL server version for the right syntax to use near 'updat school set city='mumbai' where id=2' at line 1
mysql> update school set city='mumbai' where id=2;
Query OK, 1 row affected (6.87 sec)
Rows matched: 1  Changed: 1  Warnings: 0

mysql> select city from school where city <> agra;
ERROR 1054 (42S22): Unknown column 'agra' in 'where clause'
mysql> select city from school where city <> city;
Empty set (0.23 sec)

mysql> select city from school where city <> 'agra';
+--------+
| city   |
+--------+
| mumbai |
+--------+
1 row in set (0.00 sec)

mysql> select *from school where id=2 and age<=21;
+----+-------+-----+--------+------------+--------+--------------+
| id | name  | age | gender | phone      | city   | uid          |
+----+-------+-----+--------+------------+--------+--------------+
|  2 | rahul |  21 | M      | 9368809503 | mumbai | 237373055287 |
+----+-------+-----+--------+------------+--------+--------------+
1 row in set (0.00 sec)

mysql> select *from school where id=2 and age<21;
Empty set (0.00 sec)

mysql> select *from school where id=2 and age>=21;
+----+-------+-----+--------+------------+--------+--------------+
| id | name  | age | gender | phone      | city   | uid          |
+----+-------+-----+--------+------------+--------+--------------+
|  2 | rahul |  21 | M      | 9368809503 | mumbai | 237373055287 |
+----+-------+-----+--------+------------+--------+--------------+
1 row in set (0.00 sec)

mysql> select *from school where id=2 and age>=21 and city='agra';
Empty set (0.00 sec)

mysql> select *from school where id=2 or age>=21 and city='agra';
+----+-------+-----+--------+------------+--------+--------------+
| id | name  | age | gender | phone      | city   | uid          |
+----+-------+-----+--------+------------+--------+--------------+
|  2 | rahul |  21 | M      | 9368809503 | mumbai | 237373055287 |
|  3 | rahul |  21 | M      | 9368809504 | agra   | 237373055287 |
|  4 | rahul |  22 | M      | 9368809505 | agra   | NULL         |
+----+-------+-----+--------+------------+--------+--------------+
3 rows in set (0.00 sec)

mysql> select *from school between age(20,21);
ERROR 1064 (42000): You have an error in your SQL syntax; check the manual that corresponds to your MySQL server version for the right syntax to use near 'between age(20,21)' at line 1
mysql> select *from school where (city='mumbai' or city='agra')and(age<=21);
+----+-------+-----+--------+------------+--------+--------------+
| id | name  | age | gender | phone      | city   | uid          |
+----+-------+-----+--------+------------+--------+--------------+
|  2 | rahul |  21 | M      | 9368809503 | mumbai | 237373055287 |
|  3 | rahul |  21 | M      | 9368809504 | agra   | 237373055287 |
+----+-------+-----+--------+------------+--------+--------------+
2 rows in set (0.00 sec)

mysql> select *from school where not city='agra' or city='mumbai';
+----+-------+-----+--------+------------+--------+--------------+
| id | name  | age | gender | phone      | city   | uid          |
+----+-------+-----+--------+------------+--------+--------------+
|  2 | rahul |  21 | M      | 9368809503 | mumbai | 237373055287 |
+----+-------+-----+--------+------------+--------+--------------+
1 row in set (0.00 sec)

mysql> select *from school where not (city='agra' or city='mumbai');
Empty set (0.00 sec)

mysql> insert into school(id,name,age,gender,phone,city)values(8,'gaurav',25,'M','7878787878','jaipur'),(9,'saurav',25,'M','7878787879','sasni')
    -> insert into school(id,name,age,gender,phone,city)values(8,'gaurav',25,'M','7878787878','jaipur'),(9,'saurav',25,'M','7878787879','sasni');
ERROR 1064 (42000): You have an error in your SQL syntax; check the manual that corresponds to your MySQL server version for the right syntax to use near 'insert into school(id,name,age,gender,phone,city)values(8,'gaurav',25,'M','78787' at line 2
mysql> insert into school(id,name,age,gender,phone,city)values(8,'gaurav',25,'M','7878787878','jaipur'),(9,'saurav',25,'M','7878787879','sasni');
Query OK, 2 rows affected (0.59 sec)
Records: 2  Duplicates: 0  Warnings: 0

mysql> select *from school where not (city='agra' or city='mumbai');
+----+--------+-----+--------+------------+--------+------+
| id | name   | age | gender | phone      | city   | uid  |
+----+--------+-----+--------+------------+--------+------+
|  8 | gaurav |  25 | M      | 7878787878 | jaipur | NULL |
|  9 | saurav |  25 | M      | 7878787879 | sasni  | NULL |
+----+--------+-----+--------+------------+--------+------+
2 rows in set (0.00 sec)

mysql> select *from school where not (city='agra' or city='mumbai');
+----+--------+-----+--------+------------+--------+------+
| id | name   | age | gender | phone      | city   | uid  |
+----+--------+-----+--------+------------+--------+------+
|  8 | gaurav |  25 | M      | 7878787878 | jaipur | NULL |
|  9 | saurav |  25 | M      | 7878787879 | sasni  | NULL |
+----+--------+-----+--------+------------+--------+------+
2 rows in set (0.00 sec)

mysql> select age from school where age in(20,21);
+-----+
| age |
+-----+
|  21 |
|  21 |
+-----+
2 rows in set (0.00 sec)

mysql> select * from school;
+----+--------+-----+--------+------------+--------+--------------+
| id | name   | age | gender | phone      | city   | uid          |
+----+--------+-----+--------+------------+--------+--------------+
|  2 | rahul  |  21 | M      | 9368809503 | mumbai | 237373055287 |
|  3 | rahul  |  21 | M      | 9368809504 | agra   | 237373055287 |
|  4 | rahul  |  22 | M      | 9368809505 | agra   | NULL         |
|  8 | gaurav |  25 | M      | 7878787878 | jaipur | NULL         |
|  9 | saurav |  25 | M      | 7878787879 | sasni  | NULL         |
+----+--------+-----+--------+------------+--------+--------------+
5 rows in set (0.00 sec)

mysql> select age from school where age in(21,22);
+-----+
| age |
+-----+
|  21 |
|  21 |
|  22 |
+-----+
3 rows in set (0.00 sec)

mysql> select age,gender from school where age in(21,22);
+-----+--------+
| age | gender |
+-----+--------+
|  21 | M      |
|  21 | M      |
|  22 | M      |
+-----+--------+
3 rows in set (0.00 sec)

mysql> select age,gender from school where age in(21,22,25);
+-----+--------+
| age | gender |
+-----+--------+
|  21 | M      |
|  21 | M      |
|  22 | M      |
|  25 | M      |
|  25 | M      |
+-----+--------+
5 rows in set (0.00 sec)

mysql> select age,gender from school where age not in(21,22,25);
Empty set (0.00 sec)

mysql> select age,gender from school where age not in(21,22);
+-----+--------+
| age | gender |
+-----+--------+
|  25 | M      |
|  25 | M      |
+-----+--------+
2 rows in set (0.00 sec)

mysql> select age,gender from school where gender  in('M');
+-----+--------+
| age | gender |
+-----+--------+
|  21 | M      |
|  21 | M      |
|  22 | M      |
|  25 | M      |
|  25 | M      |
+-----+--------+
5 rows in set (0.07 sec)

mysql> select *from school;
+----+--------+-----+--------+------------+--------+--------------+
| id | name   | age | gender | phone      | city   | uid          |
+----+--------+-----+--------+------------+--------+--------------+
|  2 | rahul  |  21 | M      | 9368809503 | mumbai | 237373055287 |
|  3 | rahul  |  21 | M      | 9368809504 | agra   | 237373055287 |
|  4 | rahul  |  22 | M      | 9368809505 | agra   | NULL         |
|  8 | gaurav |  25 | M      | 7878787878 | jaipur | NULL         |
|  9 | saurav |  25 | M      | 7878787879 | sasni  | NULL         |
+----+--------+-----+--------+------------+--------+--------------+
5 rows in set (0.00 sec)

mysql> select *from school age between (21,22,25);
ERROR 1064 (42000): You have an error in your SQL syntax; check the manual that corresponds to your MySQL server version for the right syntax to use near 'between (21,22,25)' at line 1
mysql> select *from school age between (21 and 25);
ERROR 1064 (42000): You have an error in your SQL syntax; check the manual that corresponds to your MySQL server version for the right syntax to use near 'between (21 and 25)' at line 1
mysql> select *from school age between 21 and 25;
ERROR 1064 (42000): You have an error in your SQL syntax; check the manual that corresponds to your MySQL server version for the right syntax to use near 'between 21 and 25' at line 1
mysql> select *from school where age between 21 and 25;
+----+--------+-----+--------+------------+--------+--------------+
| id | name   | age | gender | phone      | city   | uid          |
+----+--------+-----+--------+------------+--------+--------------+
|  2 | rahul  |  21 | M      | 9368809503 | mumbai | 237373055287 |
|  3 | rahul  |  21 | M      | 9368809504 | agra   | 237373055287 |
|  4 | rahul  |  22 | M      | 9368809505 | agra   | NULL         |
|  8 | gaurav |  25 | M      | 7878787878 | jaipur | NULL         |
|  9 | saurav |  25 | M      | 7878787879 | sasni  | NULL         |
+----+--------+-----+--------+------------+--------+--------------+
5 rows in set (0.00 sec)

mysql> select *from school where name between 'gaurav' and 'saurav';
+----+--------+-----+--------+------------+--------+--------------+
| id | name   | age | gender | phone      | city   | uid          |
+----+--------+-----+--------+------------+--------+--------------+
|  2 | rahul  |  21 | M      | 9368809503 | mumbai | 237373055287 |
|  3 | rahul  |  21 | M      | 9368809504 | agra   | 237373055287 |
|  4 | rahul  |  22 | M      | 9368809505 | agra   | NULL         |
|  8 | gaurav |  25 | M      | 7878787878 | jaipur | NULL         |
|  9 | saurav |  25 | M      | 7878787879 | sasni  | NULL         |
+----+--------+-----+--------+------------+--------+--------------+
5 rows in set (0.00 sec)

mysql> select *from school where name between 'rahul' and 'gaurav';
Empty set (0.00 sec)

mysql> select *from school where name between 'rahul' and 'saurav';
+----+--------+-----+--------+------------+--------+--------------+
| id | name   | age | gender | phone      | city   | uid          |
+----+--------+-----+--------+------------+--------+--------------+
|  2 | rahul  |  21 | M      | 9368809503 | mumbai | 237373055287 |
|  3 | rahul  |  21 | M      | 9368809504 | agra   | 237373055287 |
|  4 | rahul  |  22 | M      | 9368809505 | agra   | NULL         |
|  9 | saurav |  25 | M      | 7878787879 | sasni  | NULL         |
+----+--------+-----+--------+------------+--------+--------------+
4 rows in set (0.00 sec)

mysql> select *from school where age between 22 and 25;
+----+--------+-----+--------+------------+--------+------+
| id | name   | age | gender | phone      | city   | uid  |
+----+--------+-----+--------+------------+--------+------+
|  4 | rahul  |  22 | M      | 9368809505 | agra   | NULL |
|  8 | gaurav |  25 | M      | 7878787878 | jaipur | NULL |
|  9 | saurav |  25 | M      | 7878787879 | sasni  | NULL |
+----+--------+-----+--------+------------+--------+------+
3 rows in set (0.00 sec)

mysql> select *from school where age not  between 22 and 25;
+----+-------+-----+--------+------------+--------+--------------+
| id | name  | age | gender | phone      | city   | uid          |
+----+-------+-----+--------+------------+--------+--------------+
|  2 | rahul |  21 | M      | 9368809503 | mumbai | 237373055287 |
|  3 | rahul |  21 | M      | 9368809504 | agra   | 237373055287 |
+----+-------+-----+--------+------------+--------+--------------+
2 rows in set (0.00 sec)

mysql> insert into school(id,name,age,gender,phone,city)values(8,'gaurav',25,'M','7878787878','jaipur'),(10,'aaurav',25,'M','9878787879','sasni');
ERROR 1062 (23000): Duplicate entry '8' for key 'school.id'
mysql> insert into school(id,name,age,gender,phone,city)values(11,'maurav',25,'M','9878787870','jaipur'),(10,'aaurav',25,'M','9878787879','sasni');
Query OK, 2 rows affected (0.13 sec)
Records: 2  Duplicates: 0  Warnings: 0

mysql> select *from school;
+----+--------+-----+--------+------------+--------+--------------+
| id | name   | age | gender | phone      | city   | uid          |
+----+--------+-----+--------+------------+--------+--------------+
|  2 | rahul  |  21 | M      | 9368809503 | mumbai | 237373055287 |
|  3 | rahul  |  21 | M      | 9368809504 | agra   | 237373055287 |
|  4 | rahul  |  22 | M      | 9368809505 | agra   | NULL         |
|  8 | gaurav |  25 | M      | 7878787878 | jaipur | NULL         |
|  9 | saurav |  25 | M      | 7878787879 | sasni  | NULL         |
| 10 | aaurav |  25 | M      | 9878787879 | sasni  | NULL         |
| 11 | maurav |  25 | M      | 9878787870 | jaipur | NULL         |
+----+--------+-----+--------+------------+--------+--------------+
7 rows in set (0.00 sec)

mysql> select *from school where like 'a%';
ERROR 1064 (42000): You have an error in your SQL syntax; check the manual that corresponds to your MySQL server version for the right syntax to use near 'like 'a%'' at line 1
mysql> select *from school where name like 'a%';
+----+--------+-----+--------+------------+-------+------+
| id | name   | age | gender | phone      | city  | uid  |
+----+--------+-----+--------+------------+-------+------+
| 10 | aaurav |  25 | M      | 9878787879 | sasni | NULL |
+----+--------+-----+--------+------------+-------+------+
1 row in set (0.10 sec)

mysql> select *from school where name like 'a%a';
Empty set (0.00 sec)

mysql> update school set name='aaurava' where name='aaurav';
Query OK, 1 row affected (0.11 sec)
Rows matched: 1  Changed: 1  Warnings: 0

mysql> select *from school where name like 'a%a';
+----+---------+-----+--------+------------+-------+------+
| id | name    | age | gender | phone      | city  | uid  |
+----+---------+-----+--------+------------+-------+------+
| 10 | aaurava |  25 | M      | 9878787879 | sasni | NULL |
+----+---------+-----+--------+------------+-------+------+
1 row in set (0.00 sec)

mysql> select *from school where name like '%ur%';
+----+---------+-----+--------+------------+--------+------+
| id | name    | age | gender | phone      | city   | uid  |
+----+---------+-----+--------+------------+--------+------+
|  8 | gaurav  |  25 | M      | 7878787878 | jaipur | NULL |
|  9 | saurav  |  25 | M      | 7878787879 | sasni  | NULL |
| 10 | aaurava |  25 | M      | 9878787879 | sasni  | NULL |
| 11 | maurav  |  25 | M      | 9878787870 | jaipur | NULL |
+----+---------+-----+--------+------------+--------+------+
4 rows in set (0.00 sec)

mysql> select *from school where name like '%a%a';
+----+---------+-----+--------+------------+-------+------+
| id | name    | age | gender | phone      | city  | uid  |
+----+---------+-----+--------+------------+-------+------+
| 10 | aaurava |  25 | M      | 9878787879 | sasni | NULL |
+----+---------+-----+--------+------------+-------+------+
1 row in set (0.00 sec)

mysql> select *from school where name like '_a%';
+----+---------+-----+--------+------------+--------+--------------+
| id | name    | age | gender | phone      | city   | uid          |
+----+---------+-----+--------+------------+--------+--------------+
|  2 | rahul   |  21 | M      | 9368809503 | mumbai | 237373055287 |
|  3 | rahul   |  21 | M      | 9368809504 | agra   | 237373055287 |
|  4 | rahul   |  22 | M      | 9368809505 | agra   | NULL         |
|  8 | gaurav  |  25 | M      | 7878787878 | jaipur | NULL         |
|  9 | saurav  |  25 | M      | 7878787879 | sasni  | NULL         |
| 10 | aaurava |  25 | M      | 9878787879 | sasni  | NULL         |
| 11 | maurav  |  25 | M      | 9878787870 | jaipur | NULL         |
+----+---------+-----+--------+------------+--------+--------------+
7 rows in set (0.00 sec)

mysql> select *from school where name like '_au%';
+----+---------+-----+--------+------------+--------+------+
| id | name    | age | gender | phone      | city   | uid  |
+----+---------+-----+--------+------------+--------+------+
|  8 | gaurav  |  25 | M      | 7878787878 | jaipur | NULL |
|  9 | saurav  |  25 | M      | 7878787879 | sasni  | NULL |
| 10 | aaurava |  25 | M      | 9878787879 | sasni  | NULL |
| 11 | maurav  |  25 | M      | 9878787870 | jaipur | NULL |
+----+---------+-----+--------+------------+--------+------+
4 rows in set (0.00 sec)

mysql> select *from school where name not like '_au%';
+----+-------+-----+--------+------------+--------+--------------+
| id | name  | age | gender | phone      | city   | uid          |
+----+-------+-----+--------+------------+--------+--------------+
|  2 | rahul |  21 | M      | 9368809503 | mumbai | 237373055287 |
|  3 | rahul |  21 | M      | 9368809504 | agra   | 237373055287 |
|  4 | rahul |  22 | M      | 9368809505 | agra   | NULL         |
+----+-------+-----+--------+------------+--------+--------------+
3 rows in set (0.00 sec)

mysql> insert into school(id,name,age,gender,phone,city)values(12,'gaurav mhboob',25,'M','7878789878','jaipuria'),(11,'anil kapoor',25,'M','9879787879','ssasni');
ERROR 1062 (23000): Duplicate entry '11' for key 'school.id'
mysql> insert into school(id,name,age,gender,phone,city)values(12,'gaurav mhboob',25,'M','7878789878','jaipuria'),(13,'anil kapoor',25,'M','9879787879','ssasni');
Query OK, 2 rows affected (0.14 sec)
Records: 2  Duplicates: 0  Warnings: 0

mysql> select *from school where name not like '_au%';
+----+-------------+-----+--------+------------+--------+--------------+
| id | name        | age | gender | phone      | city   | uid          |
+----+-------------+-----+--------+------------+--------+--------------+
|  2 | rahul       |  21 | M      | 9368809503 | mumbai | 237373055287 |
|  3 | rahul       |  21 | M      | 9368809504 | agra   | 237373055287 |
|  4 | rahul       |  22 | M      | 9368809505 | agra   | NULL         |
| 13 | anil kapoor |  25 | M      | 9879787879 | ssasni | NULL         |
+----+-------------+-----+--------+------------+--------+--------------+
4 rows in set (0.00 sec)

mysql> select *from school;
+----+---------------+-----+--------+------------+----------+--------------+
| id | name          | age | gender | phone      | city     | uid          |
+----+---------------+-----+--------+------------+----------+--------------+
|  2 | rahul         |  21 | M      | 9368809503 | mumbai   | 237373055287 |
|  3 | rahul         |  21 | M      | 9368809504 | agra     | 237373055287 |
|  4 | rahul         |  22 | M      | 9368809505 | agra     | NULL         |
|  8 | gaurav        |  25 | M      | 7878787878 | jaipur   | NULL         |
|  9 | saurav        |  25 | M      | 7878787879 | sasni    | NULL         |
| 10 | aaurava       |  25 | M      | 9878787879 | sasni    | NULL         |
| 11 | maurav        |  25 | M      | 9878787870 | jaipur   | NULL         |
| 12 | gaurav mhboob |  25 | M      | 7878789878 | jaipuria | NULL         |
| 13 | anil kapoor   |  25 | M      | 9879787879 | ssasni   | NULL         |
+----+---------------+-----+--------+------------+----------+--------------+
9 rows in set (0.00 sec)

mysql> select *from school where name regexp 'poor$';
+----+-------------+-----+--------+------------+--------+------+
| id | name        | age | gender | phone      | city   | uid  |
+----+-------------+-----+--------+------------+--------+------+
| 13 | anil kapoor |  25 | M      | 9879787879 | ssasni | NULL |
+----+-------------+-----+--------+------------+--------+------+
1 row in set (0.09 sec)

mysql> select *from school where name regexp 'poor$ | boob';
Empty set (0.00 sec)

mysql> select *from school where name regexp 'poor$ | mhboob';
+----+---------------+-----+--------+------------+----------+------+
| id | name          | age | gender | phone      | city     | uid  |
+----+---------------+-----+--------+------------+----------+------+
| 12 | gaurav mhboob |  25 | M      | 7878789878 | jaipuria | NULL |
+----+---------------+-----+--------+------------+----------+------+
1 row in set (0.00 sec)

mysql> select *from school where name regexp '^or';
Empty set (0.00 sec)

mysql> select *from school where name regexp '^ra';
+----+-------+-----+--------+------------+--------+--------------+
| id | name  | age | gender | phone      | city   | uid          |
+----+-------+-----+--------+------------+--------+--------------+
|  2 | rahul |  21 | M      | 9368809503 | mumbai | 237373055287 |
|  3 | rahul |  21 | M      | 9368809504 | agra   | 237373055287 |
|  4 | rahul |  22 | M      | 9368809505 | agra   | NULL         |
+----+-------+-----+--------+------------+--------+--------------+
3 rows in set (0.00 sec)

mysql> select *from school where name regexp 'ul$';
+----+-------+-----+--------+------------+--------+--------------+
| id | name  | age | gender | phone      | city   | uid          |
+----+-------+-----+--------+------------+--------+--------------+
|  2 | rahul |  21 | M      | 9368809503 | mumbai | 237373055287 |
|  3 | rahul |  21 | M      | 9368809504 | agra   | 237373055287 |
|  4 | rahul |  22 | M      | 9368809505 | agra   | NULL         |
+----+-------+-----+--------+------------+--------+--------------+
3 rows in set (0.00 sec)

mysql> select *from school where name regexp '[rms]';
+----+---------------+-----+--------+------------+----------+--------------+
| id | name          | age | gender | phone      | city     | uid          |
+----+---------------+-----+--------+------------+----------+--------------+
|  2 | rahul         |  21 | M      | 9368809503 | mumbai   | 237373055287 |
|  3 | rahul         |  21 | M      | 9368809504 | agra     | 237373055287 |
|  4 | rahul         |  22 | M      | 9368809505 | agra     | NULL         |
|  8 | gaurav        |  25 | M      | 7878787878 | jaipur   | NULL         |
|  9 | saurav        |  25 | M      | 7878787879 | sasni    | NULL         |
| 10 | aaurava       |  25 | M      | 9878787879 | sasni    | NULL         |
| 11 | maurav        |  25 | M      | 9878787870 | jaipur   | NULL         |
| 12 | gaurav mhboob |  25 | M      | 7878789878 | jaipuria | NULL         |
| 13 | anil kapoor   |  25 | M      | 9879787879 | ssasni   | NULL         |
+----+---------------+-----+--------+------------+----------+--------------+
9 rows in set (0.00 sec)

mysql> select *from school where name regexp '[rm]';
+----+---------------+-----+--------+------------+----------+--------------+
| id | name          | age | gender | phone      | city     | uid          |
+----+---------------+-----+--------+------------+----------+--------------+
|  2 | rahul         |  21 | M      | 9368809503 | mumbai   | 237373055287 |
|  3 | rahul         |  21 | M      | 9368809504 | agra     | 237373055287 |
|  4 | rahul         |  22 | M      | 9368809505 | agra     | NULL         |
|  8 | gaurav        |  25 | M      | 7878787878 | jaipur   | NULL         |
|  9 | saurav        |  25 | M      | 7878787879 | sasni    | NULL         |
| 10 | aaurava       |  25 | M      | 9878787879 | sasni    | NULL         |
| 11 | maurav        |  25 | M      | 9878787870 | jaipur   | NULL         |
| 12 | gaurav mhboob |  25 | M      | 7878789878 | jaipuria | NULL         |
| 13 | anil kapoor   |  25 | M      | 9879787879 | ssasni   | NULL         |
+----+---------------+-----+--------+------------+----------+--------------+
9 rows in set (0.00 sec)

mysql> select *from school where name regexp '[r]';
+----+---------------+-----+--------+------------+----------+--------------+
| id | name          | age | gender | phone      | city     | uid          |
+----+---------------+-----+--------+------------+----------+--------------+
|  2 | rahul         |  21 | M      | 9368809503 | mumbai   | 237373055287 |
|  3 | rahul         |  21 | M      | 9368809504 | agra     | 237373055287 |
|  4 | rahul         |  22 | M      | 9368809505 | agra     | NULL         |
|  8 | gaurav        |  25 | M      | 7878787878 | jaipur   | NULL         |
|  9 | saurav        |  25 | M      | 7878787879 | sasni    | NULL         |
| 10 | aaurava       |  25 | M      | 9878787879 | sasni    | NULL         |
| 11 | maurav        |  25 | M      | 9878787870 | jaipur   | NULL         |
| 12 | gaurav mhboob |  25 | M      | 7878789878 | jaipuria | NULL         |
| 13 | anil kapoor   |  25 | M      | 9879787879 | ssasni   | NULL         |
+----+---------------+-----+--------+------------+----------+--------------+
9 rows in set (0.00 sec)

mysql> select *from school where name regexp '^[r]';
+----+-------+-----+--------+------------+--------+--------------+
| id | name  | age | gender | phone      | city   | uid          |
+----+-------+-----+--------+------------+--------+--------------+
|  2 | rahul |  21 | M      | 9368809503 | mumbai | 237373055287 |
|  3 | rahul |  21 | M      | 9368809504 | agra   | 237373055287 |
|  4 | rahul |  22 | M      | 9368809505 | agra   | NULL         |
+----+-------+-----+--------+------------+--------+--------------+
3 rows in set (0.00 sec)

mysql> select *from school where name regexp '^[rms]';
+----+--------+-----+--------+------------+--------+--------------+
| id | name   | age | gender | phone      | city   | uid          |
+----+--------+-----+--------+------------+--------+--------------+
|  2 | rahul  |  21 | M      | 9368809503 | mumbai | 237373055287 |
|  3 | rahul  |  21 | M      | 9368809504 | agra   | 237373055287 |
|  4 | rahul  |  22 | M      | 9368809505 | agra   | NULL         |
|  9 | saurav |  25 | M      | 7878787879 | sasni  | NULL         |
| 11 | maurav |  25 | M      | 9878787870 | jaipur | NULL         |
+----+--------+-----+--------+------------+--------+--------------+
5 rows in set (0.00 sec)

mysql> select *from school where name regexp '[a-h]e';
Empty set (0.00 sec)

mysql> select *from school where name regexp 'ta';
Empty set (0.04 sec)

mysql> select *from school where name regexp 'ra';
+----+---------------+-----+--------+------------+----------+--------------+
| id | name          | age | gender | phone      | city     | uid          |
+----+---------------+-----+--------+------------+----------+--------------+
|  2 | rahul         |  21 | M      | 9368809503 | mumbai   | 237373055287 |
|  3 | rahul         |  21 | M      | 9368809504 | agra     | 237373055287 |
|  4 | rahul         |  22 | M      | 9368809505 | agra     | NULL         |
|  8 | gaurav        |  25 | M      | 7878787878 | jaipur   | NULL         |
|  9 | saurav        |  25 | M      | 7878787879 | sasni    | NULL         |
| 10 | aaurava       |  25 | M      | 9878787879 | sasni    | NULL         |
| 11 | maurav        |  25 | M      | 9878787870 | jaipur   | NULL         |
| 12 | gaurav mhboob |  25 | M      | 7878789878 | jaipuria | NULL         |
+----+---------------+-----+--------+------------+----------+--------------+
8 rows in set (0.00 sec)

mysql> select *from school where name regexp '^ra';
+----+-------+-----+--------+------------+--------+--------------+
| id | name  | age | gender | phone      | city   | uid          |
+----+-------+-----+--------+------------+--------+--------------+
|  2 | rahul |  21 | M      | 9368809503 | mumbai | 237373055287 |
|  3 | rahul |  21 | M      | 9368809504 | agra   | 237373055287 |
|  4 | rahul |  22 | M      | 9368809505 | agra   | NULL         |
+----+-------+-----+--------+------------+--------+--------------+
3 rows in set (0.00 sec)

mysql> select *from school where name regexp 'ra$';
Empty set (0.00 sec)

mysql> select *from school where name regexp 'poor$';
+----+-------------+-----+--------+------------+--------+------+
| id | name        | age | gender | phone      | city   | uid  |
+----+-------------+-----+--------+------------+--------+------+
| 13 | anil kapoor |  25 | M      | 9879787879 | ssasni | NULL |
+----+-------------+-----+--------+------------+--------+------+
1 row in set (0.00 sec)

mysql> select *from school where name regexp 'ra|poor|boob';
+----+---------------+-----+--------+------------+----------+--------------+
| id | name          | age | gender | phone      | city     | uid          |
+----+---------------+-----+--------+------------+----------+--------------+
|  2 | rahul         |  21 | M      | 9368809503 | mumbai   | 237373055287 |
|  3 | rahul         |  21 | M      | 9368809504 | agra     | 237373055287 |
|  4 | rahul         |  22 | M      | 9368809505 | agra     | NULL         |
|  8 | gaurav        |  25 | M      | 7878787878 | jaipur   | NULL         |
|  9 | saurav        |  25 | M      | 7878787879 | sasni    | NULL         |
| 10 | aaurava       |  25 | M      | 9878787879 | sasni    | NULL         |
| 11 | maurav        |  25 | M      | 9878787870 | jaipur   | NULL         |
| 12 | gaurav mhboob |  25 | M      | 7878789878 | jaipuria | NULL         |
| 13 | anil kapoor   |  25 | M      | 9879787879 | ssasni   | NULL         |
+----+---------------+-----+--------+------------+----------+--------------+
9 rows in set (0.00 sec)

mysql> select *from school where name regexp '^ra|poor|boob$';
+----+---------------+-----+--------+------------+----------+--------------+
| id | name          | age | gender | phone      | city     | uid          |
+----+---------------+-----+--------+------------+----------+--------------+
|  2 | rahul         |  21 | M      | 9368809503 | mumbai   | 237373055287 |
|  3 | rahul         |  21 | M      | 9368809504 | agra     | 237373055287 |
|  4 | rahul         |  22 | M      | 9368809505 | agra     | NULL         |
| 12 | gaurav mhboob |  25 | M      | 7878789878 | jaipuria | NULL         |
| 13 | anil kapoor   |  25 | M      | 9879787879 | ssasni   | NULL         |
+----+---------------+-----+--------+------------+----------+--------------+
5 rows in set (0.00 sec)

mysql> select *from school where name regexp '^ra|poor|^boob';
+----+-------------+-----+--------+------------+--------+--------------+
| id | name        | age | gender | phone      | city   | uid          |
+----+-------------+-----+--------+------------+--------+--------------+
|  2 | rahul       |  21 | M      | 9368809503 | mumbai | 237373055287 |
|  3 | rahul       |  21 | M      | 9368809504 | agra   | 237373055287 |
|  4 | rahul       |  22 | M      | 9368809505 | agra   | NULL         |
| 13 | anil kapoor |  25 | M      | 9879787879 | ssasni | NULL         |
+----+-------------+-----+--------+------------+--------+--------------+
4 rows in set (0.00 sec)

mysql> select *from school where name regexp '^ra|^poor|^boob';
+----+-------+-----+--------+------------+--------+--------------+
| id | name  | age | gender | phone      | city   | uid          |
+----+-------+-----+--------+------------+--------+--------------+
|  2 | rahul |  21 | M      | 9368809503 | mumbai | 237373055287 |
|  3 | rahul |  21 | M      | 9368809504 | agra   | 237373055287 |
|  4 | rahul |  22 | M      | 9368809505 | agra   | NULL         |
+----+-------+-----+--------+------------+--------+--------------+
3 rows in set (0.00 sec)

mysql> select *from school where name regexp '[is]';
+----+-------------+-----+--------+------------+--------+------+
| id | name        | age | gender | phone      | city   | uid  |
+----+-------------+-----+--------+------------+--------+------+
|  9 | saurav      |  25 | M      | 7878787879 | sasni  | NULL |
| 13 | anil kapoor |  25 | M      | 9879787879 | ssasni | NULL |
+----+-------------+-----+--------+------------+--------+------+
2 rows in set (0.00 sec)

mysql> select *from school where name regexp '[rm]';
+----+---------------+-----+--------+------------+----------+--------------+
| id | name          | age | gender | phone      | city     | uid          |
+----+---------------+-----+--------+------------+----------+--------------+
|  2 | rahul         |  21 | M      | 9368809503 | mumbai   | 237373055287 |
|  3 | rahul         |  21 | M      | 9368809504 | agra     | 237373055287 |
|  4 | rahul         |  22 | M      | 9368809505 | agra     | NULL         |
|  8 | gaurav        |  25 | M      | 7878787878 | jaipur   | NULL         |
|  9 | saurav        |  25 | M      | 7878787879 | sasni    | NULL         |
| 10 | aaurava       |  25 | M      | 9878787879 | sasni    | NULL         |
| 11 | maurav        |  25 | M      | 9878787870 | jaipur   | NULL         |
| 12 | gaurav mhboob |  25 | M      | 7878789878 | jaipuria | NULL         |
| 13 | anil kapoor   |  25 | M      | 9879787879 | ssasni   | NULL         |
+----+---------------+-----+--------+------------+----------+--------------+
9 rows in set (0.00 sec)

mysql> select *from school where name regexp '[rm]a';
+----+---------------+-----+--------+------------+----------+--------------+
| id | name          | age | gender | phone      | city     | uid          |
+----+---------------+-----+--------+------------+----------+--------------+
|  2 | rahul         |  21 | M      | 9368809503 | mumbai   | 237373055287 |
|  3 | rahul         |  21 | M      | 9368809504 | agra     | 237373055287 |
|  4 | rahul         |  22 | M      | 9368809505 | agra     | NULL         |
|  8 | gaurav        |  25 | M      | 7878787878 | jaipur   | NULL         |
|  9 | saurav        |  25 | M      | 7878787879 | sasni    | NULL         |
| 10 | aaurava       |  25 | M      | 9878787879 | sasni    | NULL         |
| 11 | maurav        |  25 | M      | 9878787870 | jaipur   | NULL         |
| 12 | gaurav mhboob |  25 | M      | 7878789878 | jaipuria | NULL         |
+----+---------------+-----+--------+------------+----------+--------------+
8 rows in set (0.00 sec)

mysql> select *from school where name regexp '[rmh]a';
+----+---------------+-----+--------+------------+----------+--------------+
| id | name          | age | gender | phone      | city     | uid          |
+----+---------------+-----+--------+------------+----------+--------------+
|  2 | rahul         |  21 | M      | 9368809503 | mumbai   | 237373055287 |
|  3 | rahul         |  21 | M      | 9368809504 | agra     | 237373055287 |
|  4 | rahul         |  22 | M      | 9368809505 | agra     | NULL         |
|  8 | gaurav        |  25 | M      | 7878787878 | jaipur   | NULL         |
|  9 | saurav        |  25 | M      | 7878787879 | sasni    | NULL         |
| 10 | aaurava       |  25 | M      | 9878787879 | sasni    | NULL         |
| 11 | maurav        |  25 | M      | 9878787870 | jaipur   | NULL         |
| 12 | gaurav mhboob |  25 | M      | 7878789878 | jaipuria | NULL         |
+----+---------------+-----+--------+------------+----------+--------------+
8 rows in set (0.00 sec)

mysql> select *from school where name regexp '^[rm]';
+----+--------+-----+--------+------------+--------+--------------+
| id | name   | age | gender | phone      | city   | uid          |
+----+--------+-----+--------+------------+--------+--------------+
|  2 | rahul  |  21 | M      | 9368809503 | mumbai | 237373055287 |
|  3 | rahul  |  21 | M      | 9368809504 | agra   | 237373055287 |
|  4 | rahul  |  22 | M      | 9368809505 | agra   | NULL         |
| 11 | maurav |  25 | M      | 9878787870 | jaipur | NULL         |
+----+--------+-----+--------+------------+--------+--------------+
4 rows in set (0.00 sec)

mysql> select name from school where like '%ra%' order by name;
ERROR 1064 (42000): You have an error in your SQL syntax; check the manual that corresponds to your MySQL server version for the right syntax to use near 'like '%ra%' order by name' at line 1
mysql> select name from school where like '%ra%' order by desc name;
ERROR 1064 (42000): You have an error in your SQL syntax; check the manual that corresponds to your MySQL server version for the right syntax to use near 'like '%ra%' order by desc name' at line 1
mysql> select name from school where city like '%ra%' order by desc name;
ERROR 1064 (42000): You have an error in your SQL syntax; check the manual that corresponds to your MySQL server version for the right syntax to use near 'desc name' at line 1
mysql> select name from school order by name;
+---------------+
| name          |
+---------------+
| aaurava       |
| anil kapoor   |
| gaurav        |
| gaurav mhboob |
| maurav        |
| rahul         |
| rahul         |
| rahul         |
| saurav        |
+---------------+
9 rows in set (0.05 sec)

mysql> select name from school where like '%ra%' order by name;
ERROR 1064 (42000): You have an error in your SQL syntax; check the manual that corresponds to your MySQL server version for the right syntax to use near 'like '%ra%' order by name' at line 1
mysql> select name from school where like '%ra%';
ERROR 1064 (42000): You have an error in your SQL syntax; check the manual that corresponds to your MySQL server version for the right syntax to use near 'like '%ra%'' at line 1
mysql> select name from school where name like '%ra%';
+---------------+
| name          |
+---------------+
| rahul         |
| rahul         |
| rahul         |
| gaurav        |
| saurav        |
| aaurava       |
| maurav        |
| gaurav mhboob |
+---------------+
8 rows in set (0.00 sec)

mysql> select name from school where name like '%ra%' order by name;
+---------------+
| name          |
+---------------+
| aaurava       |
| gaurav        |
| gaurav mhboob |
| maurav        |
| rahul         |
| rahul         |
| rahul         |
| saurav        |
+---------------+
8 rows in set (0.00 sec)

mysql> select name from school where name like '%ra%' order by name desc;
+---------------+
| name          |
+---------------+
| saurav        |
| rahul         |
| rahul         |
| rahul         |
| maurav        |
| gaurav mhboob |
| gaurav        |
| aaurava       |
+---------------+
8 rows in set (0.00 sec)

mysql> select name from school where name like '_ra%' order by name desc;
Empty set (0.00 sec)

mysql> select name from school where name like '_a%' order by name desc;
+---------------+
| name          |
+---------------+
| saurav        |
| rahul         |
| rahul         |
| rahul         |
| maurav        |
| gaurav mhboob |
| gaurav        |
| aaurava       |
+---------------+
8 rows in set (0.00 sec)

mysql> select name,count(*) from school where name like '_a%' group by name order by name desc;
+---------------+----------+
| name          | count(*) |
+---------------+----------+
| saurav        |        1 |
| rahul         |        3 |
| maurav        |        1 |
| gaurav mhboob |        1 |
| gaurav        |        1 |
| aaurava       |        1 |
+---------------+----------+
6 rows in set (0.02 sec)

mysql> select name,count(*) from school where name like '_a%' group by name order by name desc limit 1;
+--------+----------+
| name   | count(*) |
+--------+----------+
| saurav |        1 |
+--------+----------+
1 row in set (0.00 sec)

mysql> select name,count(*) from school where name like '_a%' group by name order by name desc limit 1 offset 1;
+-------+----------+
| name  | count(*) |
+-------+----------+
| rahul |        3 |
+-------+----------+
1 row in set (0.00 sec)

mysql> select name,count(*) from school where name like '_a%' group by name order by name desc;
+---------------+----------+
| name          | count(*) |
+---------------+----------+
| saurav        |        1 |
| rahul         |        3 |
| maurav        |        1 |
| gaurav mhboob |        1 |
| gaurav        |        1 |
| aaurava       |        1 |
+---------------+----------+
6 rows in set (0.00 sec)

mysql> select name,count(*) from school where name like '_a%' group by name order by name,city desc;
ERROR 1055 (42000): Expression #2 of ORDER BY clause is not in GROUP BY clause and contains nonaggregated column 'college1.school.city' which is not functionally dependent on columns in GROUP BY clause; this is incompatible with sql_mode=only_full_group_by
mysql> select name,count(name) from school where name like '_a%' group by name order by name desc;
+---------------+-------------+
| name          | count(name) |
+---------------+-------------+
| saurav        |           1 |
| rahul         |           3 |
| maurav        |           1 |
| gaurav mhboob |           1 |
| gaurav        |           1 |
| aaurava       |           1 |
+---------------+-------------+
6 rows in set (0.08 sec)

mysql> select name,city,count(name) from school where name like '_a%' group by name,city order by name desc;
+---------------+----------+-------------+
| name          | city     | count(name) |
+---------------+----------+-------------+
| saurav        | sasni    |           1 |
| rahul         | agra     |           2 |
| rahul         | mumbai   |           1 |
| maurav        | jaipur   |           1 |
| gaurav mhboob | jaipuria |           1 |
| gaurav        | jaipur   |           1 |
| aaurava       | sasni    |           1 |
+---------------+----------+-------------+
7 rows in set (0.00 sec)

mysql> select name,distinct city,count(name) from school where name like '_a%' group by name,city order by name desc;
ERROR 1064 (42000): You have an error in your SQL syntax; check the manual that corresponds to your MySQL server version for the right syntax to use near 'distinct city,count(name) from school where name like '_a%' group by name,city o' at line 1
mysql> select name, city,count(name) from school where name like '_a%' group by name,city order by name desc;
+---------------+----------+-------------+
| name          | city     | count(name) |
+---------------+----------+-------------+
| saurav        | sasni    |           1 |
| rahul         | agra     |           2 |
| rahul         | mumbai   |           1 |
| maurav        | jaipur   |           1 |
| gaurav mhboob | jaipuria |           1 |
| gaurav        | jaipur   |           1 |
| aaurava       | sasni    |           1 |
+---------------+----------+-------------+
7 rows in set (0.00 sec)

mysql> select name, distinct city,count(name) from school where name like '_a%' group by name,distinct city order by name desc;
ERROR 1064 (42000): You have an error in your SQL syntax; check the manual that corresponds to your MySQL server version for the right syntax to use near 'distinct city,count(name) from school where name like '_a%' group by name,distin' at line 1
mysql> select name,  city,count(name) from school where name like '_a%' group by name, city order by name desc;
+---------------+----------+-------------+
| name          | city     | count(name) |
+---------------+----------+-------------+
| saurav        | sasni    |           1 |
| rahul         | agra     |           2 |
| rahul         | mumbai   |           1 |
| maurav        | jaipur   |           1 |
| gaurav mhboob | jaipuria |           1 |
| gaurav        | jaipur   |           1 |
| aaurava       | sasni    |           1 |
+---------------+----------+-------------+
7 rows in set (0.00 sec)

mysql> select distinct city from school;
+----------+
| city     |
+----------+
| mumbai   |
| agra     |
| jaipur   |
| sasni    |
| jaipuria |
| ssasni   |
+----------+
6 rows in set (0.00 sec)

mysql> select distinct city,age from school;
+----------+-----+
| city     | age |
+----------+-----+
| mumbai   |  21 |
| agra     |  21 |
| agra     |  22 |
| jaipur   |  25 |
| sasni    |  25 |
| jaipuria |  25 |
| ssasni   |  25 |
+----------+-----+
7 rows in set (0.00 sec)

mysql> select distinct city,distinct age from school;
ERROR 1064 (42000): You have an error in your SQL syntax; check the manual that corresponds to your MySQL server version for the right syntax to use near 'distinct age from school' at line 1
mysql> select distinct (city, age) from school;
ERROR 1241 (21000): Operand should contain 1 column(s)
mysql> select *from school where name regexp 'poor$ | mhboob';
+----+---------------+-----+--------+------------+----------+------+
| id | name          | age | gender | phone      | city     | uid  |
+----+---------------+-----+--------+------------+----------+------+
| 12 | gaurav mhboob |  25 | M      | 7878789878 | jaipuria | NULL |
+----+---------------+-----+--------+------------+----------+------+
1 row in set (0.06 sec)

mysql> desc school;
+--------+-------------+------+-----+---------+-------+
| Field  | Type        | Null | Key | Default | Extra |
+--------+-------------+------+-----+---------+-------+
| id     | int         | NO   | PRI | NULL    |       |
| name   | varchar(50) | NO   |     | NULL    |       |
| age    | int         | NO   |     | NULL    |       |
| gender | varchar(10) | NO   |     | NULL    |       |
| phone  | varchar(10) | NO   | UNI | NULL    |       |
| city   | varchar(10) | NO   |     | agra    |       |
| uid    | varchar(90) | YES  |     | NULL    |       |
+--------+-------------+------+-----+---------+-------+
7 rows in set (0.10 sec)

mysql> insert into school(id,name,gender,phone,city)values(16,'sadhavi','F','8877445566','delhi');
ERROR 1364 (HY000): Field 'age' doesn't have a default value
mysql> select uid from school where uid is null;
+------+
| uid  |
+------+
| NULL |
| NULL |
| NULL |
| NULL |
| NULL |
| NULL |
| NULL |
+------+
7 rows in set (0.00 sec)

mysql> select uid from school where uid is not null;
+--------------+
| uid          |
+--------------+
| 237373055287 |
| 237373055287 |
+--------------+
2 rows in set (0.00 sec)

mysql> select name,count(age)from school;
ERROR 1140 (42000): In aggregated query without GROUP BY, expression #1 of SELECT list contains nonaggregated column 'college1.school.name'; this is incompatible with sql_mode=only_full_group_by
mysql> select count(age)from school;
+------------+
| count(age) |
+------------+
|          9 |
+------------+
1 row in set (0.08 sec)

mysql> rollback;
Query OK, 0 rows affected (0.00 sec)

mysql> select *from school;
+----+---------------+-----+--------+------------+----------+--------------+
| id | name          | age | gender | phone      | city     | uid          |
+----+---------------+-----+--------+------------+----------+--------------+
|  2 | rahul         |  21 | M      | 9368809503 | mumbai   | 237373055287 |
|  3 | rahul         |  21 | M      | 9368809504 | agra     | 237373055287 |
|  4 | rahul         |  22 | M      | 9368809505 | agra     | NULL         |
|  8 | gaurav        |  25 | M      | 7878787878 | jaipur   | NULL         |
|  9 | saurav        |  25 | M      | 7878787879 | sasni    | NULL         |
| 10 | aaurava       |  25 | M      | 9878787879 | sasni    | NULL         |
| 11 | maurav        |  25 | M      | 9878787870 | jaipur   | NULL         |
| 12 | gaurav mhboob |  25 | M      | 7878789878 | jaipuria | NULL         |
| 13 | anil kapoor   |  25 | M      | 9879787879 | ssasni   | NULL         |
+----+---------------+-----+--------+------------+----------+--------------+
9 rows in set (0.00 sec)

mysql> commit;
Query OK, 0 rows affected (0.00 sec)

mysql> update school set city='bhopal' where id=2;
Query OK, 1 row affected (0.23 sec)
Rows matched: 1  Changed: 1  Warnings: 0

mysql> select *from school;
+----+---------------+-----+--------+------------+----------+--------------+
| id | name          | age | gender | phone      | city     | uid          |
+----+---------------+-----+--------+------------+----------+--------------+
|  2 | rahul         |  21 | M      | 9368809503 | bhopal   | 237373055287 |
|  3 | rahul         |  21 | M      | 9368809504 | agra     | 237373055287 |
|  4 | rahul         |  22 | M      | 9368809505 | agra     | NULL         |
|  8 | gaurav        |  25 | M      | 7878787878 | jaipur   | NULL         |
|  9 | saurav        |  25 | M      | 7878787879 | sasni    | NULL         |
| 10 | aaurava       |  25 | M      | 9878787879 | sasni    | NULL         |
| 11 | maurav        |  25 | M      | 9878787870 | jaipur   | NULL         |
| 12 | gaurav mhboob |  25 | M      | 7878789878 | jaipuria | NULL         |
| 13 | anil kapoor   |  25 | M      | 9879787879 | ssasni   | NULL         |
+----+---------------+-----+--------+------------+----------+--------------+
9 rows in set (0.00 sec)

mysql> rollback;
Query OK, 0 rows affected (0.00 sec)

mysql> select *from school;
+----+---------------+-----+--------+------------+----------+--------------+
| id | name          | age | gender | phone      | city     | uid          |
+----+---------------+-----+--------+------------+----------+--------------+
|  2 | rahul         |  21 | M      | 9368809503 | bhopal   | 237373055287 |
|  3 | rahul         |  21 | M      | 9368809504 | agra     | 237373055287 |
|  4 | rahul         |  22 | M      | 9368809505 | agra     | NULL         |
|  8 | gaurav        |  25 | M      | 7878787878 | jaipur   | NULL         |
|  9 | saurav        |  25 | M      | 7878787879 | sasni    | NULL         |
| 10 | aaurava       |  25 | M      | 9878787879 | sasni    | NULL         |
| 11 | maurav        |  25 | M      | 9878787870 | jaipur   | NULL         |
| 12 | gaurav mhboob |  25 | M      | 7878789878 | jaipuria | NULL         |
| 13 | anil kapoor   |  25 | M      | 9879787879 | ssasni   | NULL         |
+----+---------------+-----+--------+------------+----------+--------------+
9 rows in set (0.00 sec)

mysql> rollback;
Query OK, 0 rows affected (0.00 sec)

mysql> select *from school;
+----+---------------+-----+--------+------------+----------+--------------+
| id | name          | age | gender | phone      | city     | uid          |
+----+---------------+-----+--------+------------+----------+--------------+
|  2 | rahul         |  21 | M      | 9368809503 | bhopal   | 237373055287 |
|  3 | rahul         |  21 | M      | 9368809504 | agra     | 237373055287 |
|  4 | rahul         |  22 | M      | 9368809505 | agra     | NULL         |
|  8 | gaurav        |  25 | M      | 7878787878 | jaipur   | NULL         |
|  9 | saurav        |  25 | M      | 7878787879 | sasni    | NULL         |
| 10 | aaurava       |  25 | M      | 9878787879 | sasni    | NULL         |
| 11 | maurav        |  25 | M      | 9878787870 | jaipur   | NULL         |
| 12 | gaurav mhboob |  25 | M      | 7878789878 | jaipuria | NULL         |
| 13 | anil kapoor   |  25 | M      | 9879787879 | ssasni   | NULL         |
+----+---------------+-----+--------+------------+----------+--------------+
9 rows in set (0.00 sec)

mysql> commit;
Query OK, 0 rows affected (0.00 sec)

mysql> rollback;
Query OK, 0 rows affected (0.00 sec)

mysql> select *from school;
+----+---------------+-----+--------+------------+----------+--------------+
| id | name          | age | gender | phone      | city     | uid          |
+----+---------------+-----+--------+------------+----------+--------------+
|  2 | rahul         |  21 | M      | 9368809503 | bhopal   | 237373055287 |
|  3 | rahul         |  21 | M      | 9368809504 | agra     | 237373055287 |
|  4 | rahul         |  22 | M      | 9368809505 | agra     | NULL         |
|  8 | gaurav        |  25 | M      | 7878787878 | jaipur   | NULL         |
|  9 | saurav        |  25 | M      | 7878787879 | sasni    | NULL         |
| 10 | aaurava       |  25 | M      | 9878787879 | sasni    | NULL         |
| 11 | maurav        |  25 | M      | 9878787870 | jaipur   | NULL         |
| 12 | gaurav mhboob |  25 | M      | 7878789878 | jaipuria | NULL         |
| 13 | anil kapoor   |  25 | M      | 9879787879 | ssasni   | NULL         |
+----+---------------+-----+--------+------------+----------+--------------+
9 rows in set (0.00 sec)

mysql> delete from school where id=1;
Query OK, 0 rows affected (0.00 sec)

mysql> select *from school;
+----+---------------+-----+--------+------------+----------+--------------+
| id | name          | age | gender | phone      | city     | uid          |
+----+---------------+-----+--------+------------+----------+--------------+
|  2 | rahul         |  21 | M      | 9368809503 | bhopal   | 237373055287 |
|  3 | rahul         |  21 | M      | 9368809504 | agra     | 237373055287 |
|  4 | rahul         |  22 | M      | 9368809505 | agra     | NULL         |
|  8 | gaurav        |  25 | M      | 7878787878 | jaipur   | NULL         |
|  9 | saurav        |  25 | M      | 7878787879 | sasni    | NULL         |
| 10 | aaurava       |  25 | M      | 9878787879 | sasni    | NULL         |
| 11 | maurav        |  25 | M      | 9878787870 | jaipur   | NULL         |
| 12 | gaurav mhboob |  25 | M      | 7878789878 | jaipuria | NULL         |
| 13 | anil kapoor   |  25 | M      | 9879787879 | ssasni   | NULL         |
+----+---------------+-----+--------+------------+----------+--------------+
9 rows in set (0.00 sec)

mysql> rollback;
Query OK, 0 rows affected (0.00 sec)

mysql> select *from school;
+----+---------------+-----+--------+------------+----------+--------------+
| id | name          | age | gender | phone      | city     | uid          |
+----+---------------+-----+--------+------------+----------+--------------+
|  2 | rahul         |  21 | M      | 9368809503 | bhopal   | 237373055287 |
|  3 | rahul         |  21 | M      | 9368809504 | agra     | 237373055287 |
|  4 | rahul         |  22 | M      | 9368809505 | agra     | NULL         |
|  8 | gaurav        |  25 | M      | 7878787878 | jaipur   | NULL         |
|  9 | saurav        |  25 | M      | 7878787879 | sasni    | NULL         |
| 10 | aaurava       |  25 | M      | 9878787879 | sasni    | NULL         |
| 11 | maurav        |  25 | M      | 9878787870 | jaipur   | NULL         |
| 12 | gaurav mhboob |  25 | M      | 7878789878 | jaipuria | NULL         |
| 13 | anil kapoor   |  25 | M      | 9879787879 | ssasni   | NULL         |
+----+---------------+-----+--------+------------+----------+--------------+
9 rows in set (0.00 sec)

mysql> alter table school add primary key(phone);
Query OK, 0 rows affected (2.15 sec)
Records: 0  Duplicates: 0  Warnings: 0

mysql> desc school;
+--------+-------------+------+-----+---------+-------+
| Field  | Type        | Null | Key | Default | Extra |
+--------+-------------+------+-----+---------+-------+
| id     | int         | NO   | UNI | NULL    |       |
| name   | varchar(50) | NO   |     | NULL    |       |
| age    | int         | NO   |     | NULL    |       |
| gender | varchar(10) | NO   |     | NULL    |       |
| phone  | varchar(10) | NO   | PRI | NULL    |       |
| city   | varchar(10) | NO   |     | agra    |       |
| uid    | varchar(90) | YES  |     | NULL    |       |
+--------+-------------+------+-----+---------+-------+
7 rows in set (0.02 sec)

mysql> alter table school add foreign key(city) references city(cid);
ERROR 1824 (HY000): Failed to open the referenced table 'city'
mysql> create table city(cid int primary key,city_name varchar(100));
Query OK, 0 rows affected (0.46 sec)

mysql> alter table school add foreign key(city) references city(cid);
ERROR 3780 (HY000): Referencing column 'city' and referenced column 'cid' in foreign key constraint 'school_ibfk_1' are incompatible.
mysql>